Archive member included because of file (symbol)

c:/program files (x86)/gnu tools arm embedded/4.9 2015q3/bin/../lib/gcc/arm-none-eabi/4.9.3/../../../../arm-none-eabi/lib/armv7e-m/softfp\libstdc++_nano.a(del_opv.o)
                              ..\obj\RawSerial.o (operator delete[](void*))
c:/program files (x86)/gnu tools arm embedded/4.9 2015q3/bin/../lib/gcc/arm-none-eabi/4.9.3/../../../../arm-none-eabi/lib/armv7e-m/softfp\libstdc++_nano.a(del_op.o)
                              ..\obj\SerialBase.o (operator delete(void*))
c:/program files (x86)/gnu tools arm embedded/4.9 2015q3/bin/../lib/gcc/arm-none-eabi/4.9.3/../../../../arm-none-eabi/lib/armv7e-m/softfp\libstdc++_nano.a(new_op.o)
                              ..\obj\FileSystemLike.o (operator new(unsigned int))
c:/program files (x86)/gnu tools arm embedded/4.9 2015q3/bin/../lib/gcc/arm-none-eabi/4.9.3/../../../../arm-none-eabi/lib/armv7e-m/softfp\libstdc++_nano.a(new_opv.o)
                              ..\obj\RawSerial.o (operator new[](unsigned int))
c:/program files (x86)/gnu tools arm embedded/4.9 2015q3/bin/../lib/gcc/arm-none-eabi/4.9.3/../../../../arm-none-eabi/lib/armv7e-m/softfp\libstdc++_nano.a(new_handler.o)
                              c:/program files (x86)/gnu tools arm embedded/4.9 2015q3/bin/../lib/gcc/arm-none-eabi/4.9.3/../../../../arm-none-eabi/lib/armv7e-m/softfp\libstdc++_nano.a(new_op.o) (std::get_new_handler())
c:/program files (x86)/gnu tools arm embedded/4.9 2015q3/bin/../lib/gcc/arm-none-eabi/4.9.3/../../../../arm-none-eabi/lib/armv7e-m/softfp\libc_nano.a(lib_a-abort.o)
                              c:/program files (x86)/gnu tools arm embedded/4.9 2015q3/bin/../lib/gcc/arm-none-eabi/4.9.3/../../../../arm-none-eabi/lib/armv7e-m/softfp\libstdc++_nano.a(new_op.o) (abort)
c:/program files (x86)/gnu tools arm embedded/4.9 2015q3/bin/../lib/gcc/arm-none-eabi/4.9.3/../../../../arm-none-eabi/lib/armv7e-m/softfp\libc_nano.a(lib_a-errno.o)
                              ..\obj\retarget.o (__errno)
c:/program files (x86)/gnu tools arm embedded/4.9 2015q3/bin/../lib/gcc/arm-none-eabi/4.9.3/../../../../arm-none-eabi/lib/armv7e-m/softfp\libc_nano.a(lib_a-exit.o)
                              c:/program files (x86)/gnu tools arm embedded/4.9 2015q3/bin/../lib/gcc/arm-none-eabi/4.9.3/../../../../arm-none-eabi/lib/armv7e-m/softfp/crt0.o (exit)
c:/program files (x86)/gnu tools arm embedded/4.9 2015q3/bin/../lib/gcc/arm-none-eabi/4.9.3/../../../../arm-none-eabi/lib/armv7e-m/softfp\libc_nano.a(lib_a-fclose.o)
                              ..\obj\Stream.o (fclose)
c:/program files (x86)/gnu tools arm embedded/4.9 2015q3/bin/../lib/gcc/arm-none-eabi/4.9.3/../../../../arm-none-eabi/lib/armv7e-m/softfp\libc_nano.a(lib_a-fflush.o)
                              c:/program files (x86)/gnu tools arm embedded/4.9 2015q3/bin/../lib/gcc/arm-none-eabi/4.9.3/../../../../arm-none-eabi/lib/armv7e-m/softfp\libc_nano.a(lib_a-fclose.o) (__sflush_r)
c:/program files (x86)/gnu tools arm embedded/4.9 2015q3/bin/../lib/gcc/arm-none-eabi/4.9.3/../../../../arm-none-eabi/lib/armv7e-m/softfp\libc_nano.a(lib_a-fgetc.o)
                              ..\obj\retarget.o (fgetc)
c:/program files (x86)/gnu tools arm embedded/4.9 2015q3/bin/../lib/gcc/arm-none-eabi/4.9.3/../../../../arm-none-eabi/lib/armv7e-m/softfp\libc_nano.a(lib_a-fgets.o)
                              ..\obj\retarget.o (fgets)
c:/program files (x86)/gnu tools arm embedded/4.9 2015q3/bin/../lib/gcc/arm-none-eabi/4.9.3/../../../../arm-none-eabi/lib/armv7e-m/softfp\libc_nano.a(lib_a-findfp.o)
                              c:/program files (x86)/gnu tools arm embedded/4.9 2015q3/bin/../lib/gcc/arm-none-eabi/4.9.3/../../../../arm-none-eabi/lib/armv7e-m/softfp\libc_nano.a(lib_a-fclose.o) (__sinit)
c:/program files (x86)/gnu tools arm embedded/4.9 2015q3/bin/../lib/gcc/arm-none-eabi/4.9.3/../../../../arm-none-eabi/lib/armv7e-m/softfp\libc_nano.a(lib_a-fopen.o)
                              ..\obj\Stream.o (fopen)
c:/program files (x86)/gnu tools arm embedded/4.9 2015q3/bin/../lib/gcc/arm-none-eabi/4.9.3/../../../../arm-none-eabi/lib/armv7e-m/softfp\libc_nano.a(lib_a-fputc.o)
                              ..\obj\Stream.o (fputc)
c:/program files (x86)/gnu tools arm embedded/4.9 2015q3/bin/../lib/gcc/arm-none-eabi/4.9.3/../../../../arm-none-eabi/lib/armv7e-m/softfp\libc_nano.a(lib_a-fputs.o)
                              ..\obj\Stream.o (fputs)
c:/program files (x86)/gnu tools arm embedded/4.9 2015q3/bin/../lib/gcc/arm-none-eabi/4.9.3/../../../../arm-none-eabi/lib/armv7e-m/softfp\libc_nano.a(lib_a-fseek.o)
                              c:/program files (x86)/gnu tools arm embedded/4.9 2015q3/bin/../lib/gcc/arm-none-eabi/4.9.3/../../../../arm-none-eabi/lib/armv7e-m/softfp\libc_nano.a(lib_a-fopen.o) (_fseek_r)
c:/program files (x86)/gnu tools arm embedded/4.9 2015q3/bin/../lib/gcc/arm-none-eabi/4.9.3/../../../../arm-none-eabi/lib/armv7e-m/softfp\libc_nano.a(lib_a-fseeko.o)
[...]
Memory Configuration

Name             Origin             Length             Attributes
FLASH            0x08000000         0x00080000         xr
RAM              0x20000194         0x00017e6c         xrw
*default*        0x00000000         0xffffffff

Linker script and memory map

LOAD c:/program files (x86)/gnu tools arm embedded/4.9 2015q3/bin/../lib/gcc/arm-none-eabi/4.9.3/armv7e-m/softfp/crti.o
LOAD c:/program files (x86)/gnu tools arm embedded/4.9 2015q3/bin/../lib/gcc/arm-none-eabi/4.9.3/armv7e-m/softfp/crtbegin.o
LOAD c:/program files (x86)/gnu tools arm embedded/4.9 2015q3/bin/../lib/gcc/arm-none-eabi/4.9.3/../../../../arm-none-eabi/lib/armv7e-m/softfp/crt0.o

.text           0x08000000     0x2b8c
 *(.isr_vector)
 .isr_vector    0x08000000      0x198 ..\obj\startup_stm32f401xe.o
                0x08000000                g_pfnVectors
 *(.text*)
 .text          0x08000198       0x5c c:/program files (x86)/gnu tools arm embedded/4.9 2015q3/bin/../lib/gcc/arm-none-eabi/4.9.3/armv7e-m/softfp/crtbegin.o
 .text          0x080001f4       0x74 c:/program files (x86)/gnu tools arm embedded/4.9 2015q3/bin/../lib/gcc/arm-none-eabi/4.9.3/../../../../arm-none-eabi/lib/armv7e-m/softfp/crt0.o
                0x080001f4                _start
                0x080001f4                _mainCRTStartup
 .text.mbed_sdk_init
                0x08000268        0xe ..\obj\mbed_overrides.o
                0x08000268                mbed_sdk_init
 .text.ticker_irq_handler
                0x08000276       0x4a ..\obj\ticker_api.o
                0x08000276                ticker_irq_handler
 .text.init_uart
                0x080002c0       0x54 ..\obj\serial_api.o
 .text.serial_init
                0x08000314      0x124 ..\obj\serial_api.o
                0x08000314                serial_init
 .text.serial_readable
                0x08000438       0x14 ..\obj\serial_api.o
                0x08000438                serial_readable
 .text.serial_getc
                0x0800044c       0x18 ..\obj\serial_api.o
                0x0800044c                serial_getc
 .text.serial_writable
                0x08000464       0x14 ..\obj\serial_api.o
                0x08000464                serial_writable
 .text.serial_putc
                0x08000478       0x1a ..\obj\serial_api.o
                0x08000478                serial_putc
 *fill*         0x08000492        0x2 
 .text.us_ticker_irq_handler
                0x08000494        0xc ..\obj\us_ticker_api.o
                0x08000494                us_ticker_irq_handler
 .text.Reset_Handler
                0x080004a0       0x4c ..\obj\startup_stm32f401xe.o
                0x080004a0                Reset_Handler
 .text.Default_Handler
                0x080004ec        0x2 ..\obj\startup_stm32f401xe.o
                0x080004ec                RTC_Alarm_IRQHandler
                0x080004ec                EXTI2_IRQHandler
                0x080004ec                DebugMon_Handler
                0x080004ec                SPI4_IRQHandler
                0x080004ec                TIM1_CC_IRQHandler
                0x080004ec                DMA2_Stream5_IRQHandler
                0x080004ec                HardFault_Handler
                0x080004ec                DMA1_Stream5_IRQHandler
                0x080004ec                SysTick_Handler
                0x080004ec                PVD_IRQHandler
                0x080004ec                SDIO_IRQHandler
                0x080004ec                TAMP_STAMP_IRQHandler
                0x080004ec                PendSV_Handler
                0x080004ec                NMI_Handler
                0x080004ec                EXTI3_IRQHandler
                0x080004ec                TIM1_UP_TIM10_IRQHandler
                0x080004ec                I2C3_ER_IRQHandler
                0x080004ec                EXTI0_IRQHandler
                0x080004ec                I2C2_EV_IRQHandler
                0x080004ec                DMA1_Stream2_IRQHandler
                0x080004ec                FPU_IRQHandler
                0x080004ec                UsageFault_Handler
                0x080004ec                DMA2_Stream2_IRQHandler
                0x080004ec                SPI1_IRQHandler
                0x080004ec                TIM1_BRK_TIM9_IRQHandler
                0x080004ec                DMA2_Stream3_IRQHandler
                0x080004ec                USART6_IRQHandler
                0x080004ec                DMA2_Stream0_IRQHandler
                0x080004ec                TIM4_IRQHandler
                0x080004ec                I2C1_EV_IRQHandler
                0x080004ec                DMA1_Stream6_IRQHandler
                0x080004ec                DMA1_Stream1_IRQHandler
                0x080004ec                TIM3_IRQHandler
                0x080004ec                RCC_IRQHandler
                0x080004ec                Default_Handler
                0x080004ec                EXTI15_10_IRQHandler
                0x080004ec                ADC_IRQHandler
                0x080004ec                DMA1_Stream7_IRQHandler
                0x080004ec                SPI5_IRQHandler
                0x080004ec                TIM5_IRQHandler
                0x080004ec                DMA2_Stream7_IRQHandler
                0x080004ec                I2C3_EV_IRQHandler
                0x080004ec                EXTI9_5_IRQHandler
                0x080004ec                RTC_WKUP_IRQHandler
                0x080004ec                SPI2_IRQHandler
                0x080004ec                MemManage_Handler
                0x080004ec                DMA1_Stream0_IRQHandler
                0x080004ec                SVC_Handler
                0x080004ec                EXTI4_IRQHandler
                0x080004ec                WWDG_IRQHandler
                0x080004ec                TIM2_IRQHandler
                0x080004ec                OTG_FS_WKUP_IRQHandler
                0x080004ec                TIM1_TRG_COM_TIM11_IRQHandler
                0x080004ec                EXTI1_IRQHandler
                0x080004ec                USART2_IRQHandler
                0x080004ec                I2C2_ER_IRQHandler
                0x080004ec                DMA2_Stream1_IRQHandler
                0x080004ec                FLASH_IRQHandler
                0x080004ec                DMA2_Stream4_IRQHandler
                0x080004ec                BusFault_Handler
                0x080004ec                USART1_IRQHandler
                0x080004ec                OTG_FS_IRQHandler
                0x080004ec                SPI3_IRQHandler
                0x080004ec                DMA1_Stream4_IRQHandler
                0x080004ec                I2C1_ER_IRQHandler
                0x080004ec                DMA2_Stream6_IRQHandler
                0x080004ec                DMA1_Stream3_IRQHandler
 *fill*         0x080004ee        0x2 
 .text.Set_GPIO_Clock
                0x080004f0       0xd0 ..\obj\pinmap.o
                0x080004f0                Set_GPIO_Clock
 .text.pin_function
                0x080005c0       0x5c ..\obj\pinmap.o
                0x080005c0                pin_function
 .text.pin_mode
                0x0800061c       0x48 ..\obj\pinmap.o
                0x0800061c                pin_mode
 .text.UART_SetConfig
                0x08000664      0x14c ..\obj\stm32f4xx_hal_uart.o
 .text.HAL_UART_MspInit
                0x080007b0        0x2 ..\obj\stm32f4xx_hal_uart.o
                0x080007b0                HAL_UART_MspInit
 .text.HAL_UART_Init
                0x080007b2       0x5c ..\obj\stm32f4xx_hal_uart.o
                0x080007b2                HAL_UART_Init
 .text.HAL_TIM_OC_MspInit
                0x0800080e        0x2 ..\obj\stm32f4xx_hal_tim.o
                0x0800080e                HAL_TIM_OC_MspInit
 .text.TIM_Base_SetConfig
                0x08000810       0x98 ..\obj\stm32f4xx_hal_tim.o
                0x08000810                TIM_Base_SetConfig
 .text.HAL_TIM_OC_Init
                0x080008a8       0x34 ..\obj\stm32f4xx_hal_tim.o
                0x080008a8                HAL_TIM_OC_Init
 .text.TIM_CCxChannelCmd
                0x080008dc       0x18 ..\obj\stm32f4xx_hal_tim.o
                0x080008dc                TIM_CCxChannelCmd
 .text.HAL_TIM_OC_Start
                0x080008f4       0x30 ..\obj\stm32f4xx_hal_tim.o
                0x080008f4                HAL_TIM_OC_Start
 .text.mbed_assert_internal
                0x08000924       0x1c ..\obj\assert.o
                0x08000924                mbed_assert_internal
 .text.gpio_set
                0x08000940       0x2c ..\obj\gpio_api.o
                0x08000940                gpio_set
 .text.gpio_init
                0x0800096c       0x2a ..\obj\gpio_api.o
                0x0800096c                gpio_init
 .text.gpio_mode
                0x08000996        0x8 ..\obj\gpio_api.o
                0x08000996                gpio_mode
 *fill*         0x0800099e        0x2 
 .text.gpio_dir
                0x080009a0       0x34 ..\obj\gpio_api.o
                0x080009a0                gpio_dir
 .text.startup.main
                0x080009d4       0x58 ..\obj\main.o
                0x080009d4                main
 .text.startup._GLOBAL__sub_I_myled
                0x08000a2c       0x20 ..\obj\main.o
 .text.mbed_die
                0x08000a4c       0x54 ..\obj\board.o
                0x08000a4c                mbed_die
 .text.pinmap_pinout
                0x08000aa0       0x3c ..\obj\pinmap_common.o
                0x08000aa0                pinmap_pinout
 .text.pinmap_merge
                0x08000adc       0x24 ..\obj\pinmap_common.o
                0x08000adc                pinmap_merge
 .text.pinmap_find_peripheral
                0x08000b00       0x18 ..\obj\pinmap_common.o
                0x08000b00                pinmap_find_peripheral
 .text.pinmap_peripheral
                0x08000b18       0x20 ..\obj\pinmap_common.o
                0x08000b18                pinmap_peripheral
 .text.gpio_write
                0x08000b38       0x2c ..\obj\gpio.o
 .text.gpio_init_out_ex
                0x08000b64       0x2e ..\obj\gpio.o
                0x08000b64                gpio_init_out_ex
 .text.gpio_init_out
                0x08000b92        0x6 ..\obj\gpio.o
                0x08000b92                gpio_init_out
 .text.wait_us  0x08000b98       0x16 ..\obj\wait_api.o
                0x08000b98                wait_us
 *fill*         0x08000bae        0x2 
 .text.wait     0x08000bb0       0x1c ..\obj\wait_api.o
                0x08000bb0                wait
 .text.wait_ms  0x08000bcc        0xa ..\obj\wait_api.o
                0x08000bcc                wait_ms
 *fill*         0x08000bd6        0x2 
 .text.HAL_Init
                0x08000bd8       0x34 ..\obj\stm32f4xx_hal.o
                0x08000bd8                HAL_Init
 .text.HAL_IncTick
                0x08000c0c       0x10 ..\obj\stm32f4xx_hal.o
                0x08000c0c                HAL_IncTick
 .text.HAL_GetTick
                0x08000c1c        0xc ..\obj\stm32f4xx_hal.o
                0x08000c1c                HAL_GetTick
 .text.NVIC_SetVector
                0x08000c28       0x40 ..\obj\cmsis_nvic.o
                0x08000c28                NVIC_SetVector
 .text._ZL11init_serialv
                0x08000c68       0x1c ..\obj\retarget.o
 .text._close   0x08000c84       0x2c ..\obj\retarget.o
                0x08000c84                _close
 .text._write   0x08000cb0       0x50 ..\obj\retarget.o
                0x08000cb0                _write
 .text._read    0x08000d00       0x44 ..\obj\retarget.o
                0x08000d00                _read
 .text._isatty  0x08000d44       0x24 ..\obj\retarget.o
                0x08000d44                _isatty
 .text._lseek   0x08000d68       0x24 ..\obj\retarget.o
                0x08000d68                _lseek
 .text._fstat   0x08000d8c       0x1e ..\obj\retarget.o
                0x08000d8c                _fstat
 .text.mbed_main
                0x08000daa        0x2 ..\obj\retarget.o
                0x08000daa                mbed_main
 .text.__wrap_main
                0x08000dac       0x12 ..\obj\retarget.o
                0x08000dac                __wrap_main
 *fill*         0x08000dbe        0x2 
 .text._sbrk    0x08000dc0       0x28 ..\obj\retarget.o
                0x08000dc0                _sbrk
 .text._exit    0x08000de8       0x24 ..\obj\retarget.o
                0x08000de8                _exit
 .text.error    0x08000e0c       0x20 ..\obj\error.o
                0x08000e0c                error
 .text.HAL_RCC_OscConfig
                0x08000e2c      0x2f8 ..\obj\stm32f4xx_hal_rcc.o
                0x08000e2c                HAL_RCC_OscConfig
 .text.HAL_RCC_ClockConfig
                0x08001124      0x20c ..\obj\stm32f4xx_hal_rcc.o
                0x08001124                HAL_RCC_ClockConfig
 .text.HAL_RCC_GetSysClockFreq
                0x08001330       0x80 ..\obj\stm32f4xx_hal_rcc.o
                0x08001330                HAL_RCC_GetSysClockFreq
 .text.HAL_RCC_GetHCLKFreq
                0x080013b0       0x34 ..\obj\stm32f4xx_hal_rcc.o
                0x080013b0                HAL_RCC_GetHCLKFreq
 .text.HAL_RCC_GetPCLK1Freq
                0x080013e4       0x2c ..\obj\stm32f4xx_hal_rcc.o
                0x080013e4                HAL_RCC_GetPCLK1Freq
 .text.HAL_RCC_GetPCLK2Freq
                0x08001410       0x2c ..\obj\stm32f4xx_hal_rcc.o
                0x08001410                HAL_RCC_GetPCLK2Freq
 .text.us_ticker_init
                0x0800143c       0x24 ..\obj\us_ticker.o
                0x0800143c                us_ticker_init
 .text.us_ticker_read
                0x08001460       0x1c ..\obj\us_ticker.o
                0x08001460                us_ticker_read
 .text.us_ticker_set_interrupt
                0x0800147c       0x14 ..\obj\us_ticker.o
                0x0800147c                us_ticker_set_interrupt
 .text.us_ticker_disable_interrupt
                0x08001490       0x14 ..\obj\us_ticker.o
                0x08001490                us_ticker_disable_interrupt
 .text.us_ticker_clear_interrupt
                0x080014a4       0x10 ..\obj\us_ticker.o
                0x080014a4                us_ticker_clear_interrupt
 .text.timer_irq_handler
                0x080014b4       0x50 ..\obj\hal_tick.o
                0x080014b4                timer_irq_handler
 .text.HAL_InitTick
                0x08001504       0xb0 ..\obj\hal_tick.o
                0x08001504                HAL_InitTick
 .text.HAL_NVIC_SetPriorityGrouping
                0x080015b4       0x24 ..\obj\stm32f4xx_hal_cortex.o
                0x080015b4                HAL_NVIC_SetPriorityGrouping
 .text.SystemCoreClockUpdate
                0x080015d8       0x74 ..\obj\system_stm32f4xx.o
                0x080015d8                SystemCoreClockUpdate
 .text.SetSysClock_PLL_HSE
                0x0800164c       0x8c ..\obj\system_stm32f4xx.o
                0x0800164c                SetSysClock_PLL_HSE
 .text.SetSysClock_PLL_HSI
                0x080016d8       0x8c ..\obj\system_stm32f4xx.o
                0x080016d8                SetSysClock_PLL_HSI
 .text.SetSysClock
                0x08001764       0x1a ..\obj\system_stm32f4xx.o
                0x08001764                SetSysClock
 *fill*         0x0800177e        0x2 
 .text.SystemInit
                0x08001780       0x74 ..\obj\system_stm32f4xx.o
                0x08001780                SystemInit
 .text.HAL_GPIO_Init
                0x080017f4      0x164 ..\obj\stm32f4xx_hal_gpio.o
                0x080017f4                HAL_GPIO_Init
 .text.HAL_MspInit
                0x08001958        0x2 ..\obj\stm32f4xx_hal_msp_template.o
                0x08001958                HAL_MspInit
 *fill*         0x0800195a        0x2 
 .text.__errno  0x0800195c        0xc c:/program files (x86)/gnu tools arm embedded/4.9 2015q3/bin/../lib/gcc/arm-none-eabi/4.9.3/../../../../arm-none-eabi/lib/armv7e-m/softfp\libc_nano.a(lib_a-errno.o)
                0x0800195c                __errno
 .text.exit     0x08001968       0x28 c:/program files (x86)/gnu tools arm embedded/4.9 2015q3/bin/../lib/gcc/arm-none-eabi/4.9.3/../../../../arm-none-eabi/lib/armv7e-m/softfp\libc_nano.a(lib_a-exit.o)
                0x08001968                exit
 .text.__sflush_r
                0x08001990      0x108 c:/program files (x86)/gnu tools arm embedded/4.9 2015q3/bin/../lib/gcc/arm-none-eabi/4.9.3/../../../../arm-none-eabi/lib/armv7e-m/softfp\libc_nano.a(lib_a-fflush.o)
                0x08001990                __sflush_r
 .text._fflush_r
                0x08001a98       0x54 c:/program files (x86)/gnu tools arm embedded/4.9 2015q3/bin/../lib/gcc/arm-none-eabi/4.9.3/../../../../arm-none-eabi/lib/armv7e-m/softfp\libc_nano.a(lib_a-fflush.o)
                0x08001a98                _fflush_r
 .text.fflush   0x08001aec       0x24 c:/program files (x86)/gnu tools arm embedded/4.9 2015q3/bin/../lib/gcc/arm-none-eabi/4.9.3/../../../../arm-none-eabi/lib/armv7e-m/softfp\libc_nano.a(lib_a-fflush.o)
                0x08001aec                fflush
 .text._cleanup_r
                0x08001b10        0xc c:/program files (x86)/gnu tools arm embedded/4.9 2015q3/bin/../lib/gcc/arm-none-eabi/4.9.3/../../../../arm-none-eabi/lib/armv7e-m/softfp\libc_nano.a(lib_a-findfp.o)
                0x08001b10                _cleanup_r
 .text.std.isra.0
                0x08001b1c       0x48 c:/program files (x86)/gnu tools arm embedded/4.9 2015q3/bin/../lib/gcc/arm-none-eabi/4.9.3/../../../../arm-none-eabi/lib/armv7e-m/softfp\libc_nano.a(lib_a-findfp.o)
 .text.__sfmoreglue
                0x08001b64       0x2c c:/program files (x86)/gnu tools arm embedded/4.9 2015q3/bin/../lib/gcc/arm-none-eabi/4.9.3/../../../../arm-none-eabi/lib/armv7e-m/softfp\libc_nano.a(lib_a-findfp.o)
                0x08001b64                __sfmoreglue
 .text.__sinit  0x08001b90       0x60 c:/program files (x86)/gnu tools arm embedded/4.9 2015q3/bin/../lib/gcc/arm-none-eabi/4.9.3/../../../../arm-none-eabi/lib/armv7e-m/softfp\libc_nano.a(lib_a-findfp.o)
                0x08001b90                __sinit
 .text.__sfp    0x08001bf0       0x74 c:/program files (x86)/gnu tools arm embedded/4.9 2015q3/bin/../lib/gcc/arm-none-eabi/4.9.3/../../../../arm-none-eabi/lib/armv7e-m/softfp\libc_nano.a(lib_a-findfp.o)
                0x08001bf0                __sfp
 .text._fwalk_reent
                0x08001c64       0x3c c:/program files (x86)/gnu tools arm embedded/4.9 2015q3/bin/../lib/gcc/arm-none-eabi/4.9.3/../../../../arm-none-eabi/lib/armv7e-m/softfp\libc_nano.a(lib_a-fwalk.o)
                0x08001c64                _fwalk_reent
 .text.__libc_init_array
                0x08001ca0       0x4c c:/program files (x86)/gnu tools arm embedded/4.9 2015q3/bin/../lib/gcc/arm-none-eabi/4.9.3/../../../../arm-none-eabi/lib/armv7e-m/softfp\libc_nano.a(lib_a-init.o)
                0x08001ca0                __libc_init_array
 .text.__smakebuf_r
                0x08001cec       0x9c c:/program files (x86)/gnu tools arm embedded/4.9 2015q3/bin/../lib/gcc/arm-none-eabi/4.9.3/../../../../arm-none-eabi/lib/armv7e-m/softfp\libc_nano.a(lib_a-makebuf.o)
                0x08001cec                __smakebuf_r
 .text.memchr   0x08001d88       0x1e c:/program files (x86)/gnu tools arm embedded/4.9 2015q3/bin/../lib/gcc/arm-none-eabi/4.9.3/../../../../arm-none-eabi/lib/armv7e-m/softfp\libc_nano.a(lib_a-memchr.o)
                0x08001d88                memchr
 .text.memset   0x08001da6       0x10 c:/program files (x86)/gnu tools arm embedded/4.9 2015q3/bin/../lib/gcc/arm-none-eabi/4.9.3/../../../../arm-none-eabi/lib/armv7e-m/softfp\libc_nano.a(lib_a-memset.o)
                0x08001da6                memset
 *fill*         0x08001db6        0x2 
 .text._free_r  0x08001db8       0x88 c:/program files (x86)/gnu tools arm embedded/4.9 2015q3/bin/../lib/gcc/arm-none-eabi/4.9.3/../../../../arm-none-eabi/lib/armv7e-m/softfp\libc_nano.a(lib_a-nano-freer.o)
                0x08001db8                _free_r
 .text._malloc_r
                0x08001e40       0xac c:/program files (x86)/gnu tools arm embedded/4.9 2015q3/bin/../lib/gcc/arm-none-eabi/4.9.3/../../../../arm-none-eabi/lib/armv7e-m/softfp\libc_nano.a(lib_a-nano-mallocr.o)
                0x08001e40                _malloc_r
 .text.__sfputc_r
                0x08001eec       0x2c c:/program files (x86)/gnu tools arm embedded/4.9 2015q3/bin/../lib/gcc/arm-none-eabi/4.9.3/../../../../arm-none-eabi/lib/armv7e-m/softfp\libc_nano.a(lib_a-nano-vfprintf.o)
 .text.__sfputs_r
                0x08001f18       0x24 c:/program files (x86)/gnu tools arm embedded/4.9 2015q3/bin/../lib/gcc/arm-none-eabi/4.9.3/../../../../arm-none-eabi/lib/armv7e-m/softfp\libc_nano.a(lib_a-nano-vfprintf.o)
                0x08001f18                __sfputs_r
 .text._vfprintf_r
                0x08001f3c      0x210 c:/program files (x86)/gnu tools arm embedded/4.9 2015q3/bin/../lib/gcc/arm-none-eabi/4.9.3/../../../../arm-none-eabi/lib/armv7e-m/softfp\libc_nano.a(lib_a-nano-vfprintf.o)
                0x08001f3c                _vfprintf_r
                0x08001f3c                _vfiprintf_r
 .text.vfprintf
                0x0800214c       0x1c c:/program files (x86)/gnu tools arm embedded/4.9 2015q3/bin/../lib/gcc/arm-none-eabi/4.9.3/../../../../arm-none-eabi/lib/armv7e-m/softfp\libc_nano.a(lib_a-nano-vfprintf.o)
                0x0800214c                vfprintf
                0x0800214c                vfiprintf
 .text._printf_common
                0x08002168       0xea c:/program files (x86)/gnu tools arm embedded/4.9 2015q3/bin/../lib/gcc/arm-none-eabi/4.9.3/../../../../arm-none-eabi/lib/armv7e-m/softfp\libc_nano.a(lib_a-nano-vfprintf_i.o)
                0x08002168                _printf_common
 *fill*         0x08002252        0x2 
 .text._printf_i
                0x08002254      0x240 c:/program files (x86)/gnu tools arm embedded/4.9 2015q3/bin/../lib/gcc/arm-none-eabi/4.9.3/../../../../arm-none-eabi/lib/armv7e-m/softfp\libc_nano.a(lib_a-nano-vfprintf_i.o)
                0x08002254                _printf_i
 .text._sbrk_r  0x08002494       0x20 c:/program files (x86)/gnu tools arm embedded/4.9 2015q3/bin/../lib/gcc/arm-none-eabi/4.9.3/../../../../arm-none-eabi/lib/armv7e-m/softfp\libc_nano.a(lib_a-sbrkr.o)
                0x08002494                _sbrk_r
 .text.__sread  0x080024b4       0x22 c:/program files (x86)/gnu tools arm embedded/4.9 2015q3/bin/../lib/gcc/arm-none-eabi/4.9.3/../../../../arm-none-eabi/lib/armv7e-m/softfp\libc_nano.a(lib_a-stdio.o)
                0x080024b4                __sread
 .text.__swrite
                0x080024d6       0x38 c:/program files (x86)/gnu tools arm embedded/4.9 2015q3/bin/../lib/gcc/arm-none-eabi/4.9.3/../../../../arm-none-eabi/lib/armv7e-m/softfp\libc_nano.a(lib_a-stdio.o)
                0x080024d6                __swrite
 .text.__sseek  0x0800250e       0x24 c:/program files (x86)/gnu tools arm embedded/4.9 2015q3/bin/../lib/gcc/arm-none-eabi/4.9.3/../../../../arm-none-eabi/lib/armv7e-m/softfp\libc_nano.a(lib_a-stdio.o)
                0x0800250e                __sseek
 .text.__sclose
                0x08002532        0x8 c:/program files (x86)/gnu tools arm embedded/4.9 2015q3/bin/../lib/gcc/arm-none-eabi/4.9.3/../../../../arm-none-eabi/lib/armv7e-m/softfp\libc_nano.a(lib_a-stdio.o)
                0x08002532                __sclose
 *fill*         0x0800253a        0x2 
 .text.__swbuf_r
                0x0800253c       0xa8 c:/program files (x86)/gnu tools arm embedded/4.9 2015q3/bin/../lib/gcc/arm-none-eabi/4.9.3/../../../../arm-none-eabi/lib/armv7e-m/softfp\libc_nano.a(lib_a-wbuf.o)
                0x0800253c                __swbuf_r
 .text._write_r
                0x080025e4       0x24 c:/program files (x86)/gnu tools arm embedded/4.9 2015q3/bin/../lib/gcc/arm-none-eabi/4.9.3/../../../../arm-none-eabi/lib/armv7e-m/softfp\libc_nano.a(lib_a-writer.o)
                0x080025e4                _write_r
 .text.__swsetup_r
                0x08002608       0xd8 c:/program files (x86)/gnu tools arm embedded/4.9 2015q3/bin/../lib/gcc/arm-none-eabi/4.9.3/../../../../arm-none-eabi/lib/armv7e-m/softfp\libc_nano.a(lib_a-wsetup.o)
                0x08002608                __swsetup_r
 .text._close_r
                0x080026e0       0x20 c:/program files (x86)/gnu tools arm embedded/4.9 2015q3/bin/../lib/gcc/arm-none-eabi/4.9.3/../../../../arm-none-eabi/lib/armv7e-m/softfp\libc_nano.a(lib_a-closer.o)
                0x080026e0                _close_r
 .text._fstat_r
                0x08002700       0x24 c:/program files (x86)/gnu tools arm embedded/4.9 2015q3/bin/../lib/gcc/arm-none-eabi/4.9.3/../../../../arm-none-eabi/lib/armv7e-m/softfp\libc_nano.a(lib_a-fstatr.o)
                0x08002700                _fstat_r
 .text._isatty_r
                0x08002724       0x20 c:/program files (x86)/gnu tools arm embedded/4.9 2015q3/bin/../lib/gcc/arm-none-eabi/4.9.3/../../../../arm-none-eabi/lib/armv7e-m/softfp\libc_nano.a(lib_a-isattyr.o)
                0x08002724                _isatty_r
 .text._lseek_r
                0x08002744       0x24 c:/program files (x86)/gnu tools arm embedded/4.9 2015q3/bin/../lib/gcc/arm-none-eabi/4.9.3/../../../../arm-none-eabi/lib/armv7e-m/softfp\libc_nano.a(lib_a-lseekr.o)
                0x08002744                _lseek_r
 .text._read_r  0x08002768       0x24 c:/program files (x86)/gnu tools arm embedded/4.9 2015q3/bin/../lib/gcc/arm-none-eabi/4.9.3/../../../../arm-none-eabi/lib/armv7e-m/softfp\libc_nano.a(lib_a-readr.o)
                0x08002768                _read_r
 *(.init)
 .init          0x0800278c        0x4 c:/program files (x86)/gnu tools arm embedded/4.9 2015q3/bin/../lib/gcc/arm-none-eabi/4.9.3/armv7e-m/softfp/crti.o
                0x0800278c                _init
 .init          0x08002790        0x8 c:/program files (x86)/gnu tools arm embedded/4.9 2015q3/bin/../lib/gcc/arm-none-eabi/4.9.3/armv7e-m/softfp/crtn.o
 *(.fini)
 .fini          0x08002798        0x4 c:/program files (x86)/gnu tools arm embedded/4.9 2015q3/bin/../lib/gcc/arm-none-eabi/4.9.3/armv7e-m/softfp/crti.o
                0x08002798                _fini
 .fini          0x0800279c        0x8 c:/program files (x86)/gnu tools arm embedded/4.9 2015q3/bin/../lib/gcc/arm-none-eabi/4.9.3/armv7e-m/softfp/crtn.o
 *crtbegin.o(.ctors)
 *crtbegin?.o(.ctors)
 *(EXCLUDE_FILE(*crtend.o *crtend?.o) .ctors)
 *(SORT(.ctors.*))
 *(.ctors)
 *crtbegin.o(.dtors)
 *crtbegin?.o(.dtors)
 *(EXCLUDE_FILE(*crtend.o *crtend?.o) .dtors)
 *(SORT(.dtors.*))
 *(.dtors)
 *(.rodata*)
 .rodata.PinMap_UART_RX
                0x080027a4       0x48 ..\obj\PeripheralPins.o
                0x080027a4                PinMap_UART_RX
 .rodata.PinMap_UART_TX
                0x080027ec       0x48 ..\obj\PeripheralPins.o
                0x080027ec                PinMap_UART_TX
 .rodata.str1.1
                0x08002834       0x79 ..\obj\serial_api.o
 *fill*         0x080028ad        0x3 
 .rodata.us_interface
                0x080028b0       0x14 ..\obj\us_ticker_api.o
 .rodata.us_data
                0x080028c4        0x8 ..\obj\us_ticker_api.o
 .rodata.str1.1
                0x080028cc       0x65 ..\obj\pinmap.o
                                 0x78 (size before relaxing)
 *fill*         0x08002931        0x3 
 .rodata.gpio_mode
                0x08002934       0x34 ..\obj\pinmap.o
 .rodata.str1.1
                0x08002968       0x31 ..\obj\assert.o
 .rodata.str1.1
                0x08002999       0x5e ..\obj\gpio_api.o
                                 0x71 (size before relaxing)
 .rodata.str1.1
                0x080029f7       0x78 ..\obj\main.o
                                 0x90 (size before relaxing)
 .rodata.str1.1
                0x00000000       0x90 ..\obj\board.o
 .rodata.str1.1
                0x08002a6f       0x60 ..\obj\pinmap_common.o
 .rodata.str1.1
                0x00000000       0x90 ..\obj\gpio.o
 .rodata.APBAHBPrescTable
                0x08002acf       0x10 ..\obj\stm32f4xx_hal_rcc.o
                0x08002acf                APBAHBPrescTable
 .rodata.AHBPrescTable
                0x08002adf       0x10 ..\obj\system_stm32f4xx.o
                0x08002adf                AHBPrescTable
 *fill*         0x08002aef        0x1 
 .rodata.__sf_fake_stdin
                0x08002af0       0x20 c:/program files (x86)/gnu tools arm embedded/4.9 2015q3/bin/../lib/gcc/arm-none-eabi/4.9.3/../../../../arm-none-eabi/lib/armv7e-m/softfp\libc_nano.a(lib_a-findfp.o)
                0x08002af0                __sf_fake_stdin
 .rodata.__sf_fake_stdout
                0x08002b10       0x20 c:/program files (x86)/gnu tools arm embedded/4.9 2015q3/bin/../lib/gcc/arm-none-eabi/4.9.3/../../../../arm-none-eabi/lib/armv7e-m/softfp\libc_nano.a(lib_a-findfp.o)
                0x08002b10                __sf_fake_stdout
 .rodata.__sf_fake_stderr
                0x08002b30       0x20 c:/program files (x86)/gnu tools arm embedded/4.9 2015q3/bin/../lib/gcc/arm-none-eabi/4.9.3/../../../../arm-none-eabi/lib/armv7e-m/softfp\libc_nano.a(lib_a-findfp.o)
                0x08002b30                __sf_fake_stderr
 .rodata.str1.1
                0x00000000       0x60 c:/program files (x86)/gnu tools arm embedded/4.9 2015q3/bin/../lib/gcc/arm-none-eabi/4.9.3/../../../../arm-none-eabi/lib/armv7e-m/softfp\libc_nano.a(lib_a-impure.o)
                                  0x2 (size before relaxing)
 .rodata._global_impure_ptr
                0x08002b50        0x4 c:/program files (x86)/gnu tools arm embedded/4.9 2015q3/bin/../lib/gcc/arm-none-eabi/4.9.3/../../../../arm-none-eabi/lib/armv7e-m/softfp\libc_nano.a(lib_a-impure.o)
                0x08002b50                _global_impure_ptr
 .rodata.str1.1
                0x08002b54       0x11 c:/program files (x86)/gnu tools arm embedded/4.9 2015q3/bin/../lib/gcc/arm-none-eabi/4.9.3/../../../../arm-none-eabi/lib/armv7e-m/softfp\libc_nano.a(lib_a-nano-vfprintf.o)
 .rodata.str1.1
                0x08002b65       0x22 c:/program files (x86)/gnu tools arm embedded/4.9 2015q3/bin/../lib/gcc/arm-none-eabi/4.9.3/../../../../arm-none-eabi/lib/armv7e-m/softfp\libc_nano.a(lib_a-nano-vfprintf_i.o)
 *(.eh_frame*)
 *fill*         0x08002b87        0x1 
 .eh_frame      0x08002b88        0x0 c:/program files (x86)/gnu tools arm embedded/4.9 2015q3/bin/../lib/gcc/arm-none-eabi/4.9.3/armv7e-m/softfp/crtbegin.o
 .eh_frame      0x08002b88        0x0 c:/program files (x86)/gnu tools arm embedded/4.9 2015q3/bin/../lib/gcc/arm-none-eabi/4.9.3/../../../../arm-none-eabi/lib/armv7e-m/softfp\libc_nano.a(lib_a-strcmp.o)
                                 0x28 (size before relaxing)
 .eh_frame      0x08002b88        0x4 c:/program files (x86)/gnu tools arm embedded/4.9 2015q3/bin/../lib/gcc/arm-none-eabi/4.9.3/armv7e-m/softfp/crtend.o

.glue_7         0x08002b8c        0x0
 .glue_7        0x00000000        0x0 linker stubs

.glue_7t        0x08002b8c        0x0
 .glue_7t       0x00000000        0x0 linker stubs

.vfp11_veneer   0x08002b8c        0x0
 .vfp11_veneer  0x00000000        0x0 linker stubs

.v4_bx          0x08002b8c        0x0
 .v4_bx         0x00000000        0x0 linker stubs

.iplt           0x08002b8c        0x0
 .iplt          0x00000000        0x0 c:/program files (x86)/gnu tools arm embedded/4.9 2015q3/bin/../lib/gcc/arm-none-eabi/4.9.3/armv7e-m/softfp/crtbegin.o

.ARM.extab
 *(.ARM.extab* .gnu.linkonce.armextab.*)
                0x08002b8c                __exidx_start = .

.ARM.exidx      0x08002b8c        0x8
 *(.ARM.exidx* .gnu.linkonce.armexidx.*)
 .ARM.exidx     0x08002b8c        0x8 c:/program files (x86)/gnu tools arm embedded/4.9 2015q3/bin/../lib/gcc/arm-none-eabi/4.9.3/../../../../arm-none-eabi/lib/armv7e-m/softfp/crt0.o
                0x08002b94                __exidx_end = .
                0x08002b94                __etext = .
                0x08002b94                _sidata = .

.rel.dyn        0x08002b94        0x0
 .rel.iplt      0x00000000        0x0 c:/program files (x86)/gnu tools arm embedded/4.9 2015q3/bin/../lib/gcc/arm-none-eabi/4.9.3/armv7e-m/softfp/crtbegin.o

.data           0x20000194       0x7c load address 0x08002b94
                0x20000194                __data_start__ = .
                0x20000194                _sdata = .
 *(vtable)
 *(.data*)
 .data._ZZ5_sbrkE4heap
                0x20000194        0x4 ..\obj\retarget.o
 .data.SystemCoreClock
                0x20000198        0x4 ..\obj\system_stm32f4xx.o
                0x20000198                SystemCoreClock
 .data.impure_data
                0x2000019c       0x60 c:/program files (x86)/gnu tools arm embedded/4.9 2015q3/bin/../lib/gcc/arm-none-eabi/4.9.3/../../../../arm-none-eabi/lib/armv7e-m/softfp\libc_nano.a(lib_a-impure.o)
 .data._impure_ptr
                0x200001fc        0x4 c:/program files (x86)/gnu tools arm embedded/4.9 2015q3/bin/../lib/gcc/arm-none-eabi/4.9.3/../../../../arm-none-eabi/lib/armv7e-m/softfp\libc_nano.a(lib_a-impure.o)
                0x200001fc                _impure_ptr
                0x20000200                . = ALIGN (0x4)
                0x20000200                PROVIDE (__preinit_array_start, .)
 *(.preinit_array)
                0x20000200                PROVIDE (__preinit_array_end, .)
                0x20000200                . = ALIGN (0x4)
                0x20000200                PROVIDE (__init_array_start, .)
 *(SORT(.init_array.*))
 *(.init_array)
 .init_array    0x20000200        0x4 c:/program files (x86)/gnu tools arm embedded/4.9 2015q3/bin/../lib/gcc/arm-none-eabi/4.9.3/armv7e-m/softfp/crtbegin.o
 .init_array    0x20000204        0x4 ..\obj\main.o
                0x20000208                PROVIDE (__init_array_end, .)
                0x20000208                . = ALIGN (0x4)
                0x20000208                PROVIDE (__fini_array_start, .)
 *(SORT(.fini_array.*))
 *(.fini_array)
 .fini_array    0x20000208        0x4 c:/program files (x86)/gnu tools arm embedded/4.9 2015q3/bin/../lib/gcc/arm-none-eabi/4.9.3/armv7e-m/softfp/crtbegin.o
                0x2000020c                PROVIDE (__fini_array_end, .)
 *(.jcr*)
 .jcr           0x2000020c        0x0 c:/program files (x86)/gnu tools arm embedded/4.9 2015q3/bin/../lib/gcc/arm-none-eabi/4.9.3/armv7e-m/softfp/crtbegin.o
 .jcr           0x2000020c        0x4 c:/program files (x86)/gnu tools arm embedded/4.9 2015q3/bin/../lib/gcc/arm-none-eabi/4.9.3/armv7e-m/softfp/crtend.o
                0x20000210                . = ALIGN (0x4)
                0x20000210                __data_end__ = .
                0x20000210                _edata = .

.igot.plt       0x20000210        0x0 load address 0x08002c10
 .igot.plt      0x00000000        0x0 c:/program files (x86)/gnu tools arm embedded/4.9 2015q3/bin/../lib/gcc/arm-none-eabi/4.9.3/armv7e-m/softfp/crtbegin.o

.bss            0x20000210      0x224 load address 0x08002c10
                0x20000210                . = ALIGN (0x4)
                0x20000210                __bss_start__ = .
                0x20000210                _sbss = .
 *(.bss*)
 .bss           0x20000210       0x1c c:/program files (x86)/gnu tools arm embedded/4.9 2015q3/bin/../lib/gcc/arm-none-eabi/4.9.3/armv7e-m/softfp/crtbegin.o
 .bss.stdio_uart_inited
                0x2000022c        0x4 ..\obj\serial_api.o
                0x2000022c                stdio_uart_inited
 .bss.UartHandle
                0x20000230       0x40 ..\obj\serial_api.o
                0x20000230                UartHandle
 .bss.stdio_uart
                0x20000270       0x1c ..\obj\serial_api.o
                0x20000270                stdio_uart
 .bss.events    0x2000028c        0x8 ..\obj\us_ticker_api.o
 .bss.myled     0x20000294       0x10 ..\obj\main.o
                0x20000294                myled
 .bss.uwTick    0x200002a4        0x4 ..\obj\stm32f4xx_hal.o
 .bss._ZL11filehandles
                0x200002a8      0x100 ..\obj\retarget.o
 .bss.TimMasterHandle
                0x200003a8       0x3c ..\obj\us_ticker.o
 .bss.us_ticker_inited
                0x200003e4        0x4 ..\obj\us_ticker.o
 .bss.PreviousVal
                0x200003e8        0x4 ..\obj\hal_tick.o
                0x200003e8                PreviousVal
 .bss.TimMasterHandle
                0x200003ec       0x3c ..\obj\hal_tick.o
                0x200003ec                TimMasterHandle
 .bss.__malloc_sbrk_start
                0x20000428        0x4 c:/program files (x86)/gnu tools arm embedded/4.9 2015q3/bin/../lib/gcc/arm-none-eabi/4.9.3/../../../../arm-none-eabi/lib/armv7e-m/softfp\libc_nano.a(lib_a-nano-mallocr.o)
                0x20000428                __malloc_sbrk_start
 .bss.__malloc_free_list
                0x2000042c        0x4 c:/program files (x86)/gnu tools arm embedded/4.9 2015q3/bin/../lib/gcc/arm-none-eabi/4.9.3/../../../../arm-none-eabi/lib/armv7e-m/softfp\libc_nano.a(lib_a-nano-mallocr.o)
                0x2000042c                __malloc_free_list
 *(COMMON)
 COMMON         0x20000430        0x4 c:/program files (x86)/gnu tools arm embedded/4.9 2015q3/bin/../lib/gcc/arm-none-eabi/4.9.3/../../../../arm-none-eabi/lib/armv7e-m/softfp\libc_nano.a(lib_a-reent.o)
                0x20000430                errno
                0x20000434                . = ALIGN (0x4)
                0x20000434                __bss_end__ = .
                0x20000434                _ebss = .

.heap           0x20000434        0x0
                0x20000434                __end__ = .
                0x20000434                end = __end__
 *(.heap*)
                0x20000434                __HeapLimit = .

.stack_dummy    0x20000434        0x0
 *(.stack*)
                0x20018000                __StackTop = (ORIGIN (RAM) + 0x17e6c)
                0x20018000                _estack = __StackTop
                0x20018000                __StackLimit = (__StackTop - SIZEOF (.stack_dummy))
                0x20018000                PROVIDE (__stack, __StackTop)
                0x00000001                ASSERT ((__StackLimit >= __HeapLimit), region RAM overflowed with stack)
LOAD ..\obj\SerialBase.o
LOAD ..\obj\stm32f4xx_hal_spi.o
LOAD ..\obj\stm32f4xx_hal_flash_ramfunc.o
LOAD ..\obj\mbed_overrides.o
LOAD ..\obj\ticker_api.o
LOAD ..\obj\stm32f4xx_hal_i2c.o
LOAD ..\obj\stm32f4xx_hal_ltdc.o
LOAD ..\obj\stm32f4xx_hal_rng.o
LOAD ..\obj\PeripheralPins.o
LOAD ..\obj\stm32f4xx_hal_iwdg.o
LOAD ..\obj\serial_api.o
LOAD ..\obj\stm32f4xx_hal_eth.o
LOAD ..\obj\stm32f4xx_ll_fsmc.o
LOAD ..\obj\analogin_api.o
LOAD ..\obj\us_ticker_api.o
LOAD ..\obj\stm32f4xx_hal_rtc.o
LOAD ..\obj\startup_stm32f401xe.o
LOAD ..\obj\SPISlave.o
LOAD ..\obj\pinmap.o
LOAD ..\obj\InterruptIn.o
LOAD ..\obj\mbed_interface.o
LOAD ..\obj\TimerEvent.o
LOAD ..\obj\pwmout_api.o
LOAD ..\obj\stm32f4xx_hal_uart.o
LOAD ..\obj\CAN.o
LOAD ..\obj\stm32f4xx_hal_tim.o
LOAD ..\obj\stm32f4xx_hal_fmpi2c.o
LOAD ..\obj\stm32f4xx_hal_lptim.o
LOAD ..\obj\stm32f4xx_hal_hash_ex.o
LOAD ..\obj\stm32f4xx_hal_dma2d.o
LOAD ..\obj\Ticker.o
LOAD ..\obj\stm32f4xx_ll_usb.o
LOAD ..\obj\gpio_irq_api.o
LOAD ..\obj\stm32f4xx_hal_smartcard.o
LOAD ..\obj\FileLike.o
LOAD ..\obj\stm32f4xx_hal_usart.o
LOAD ..\obj\stm32f4xx_hal_fmpi2c_ex.o
LOAD ..\obj\assert.o
LOAD ..\obj\gpio_api.o
LOAD ..\obj\main.o
LOAD ..\obj\stm32f4xx_hal_i2s_ex.o
LOAD ..\obj\board.o
LOAD ..\obj\pinmap_common.o
LOAD ..\obj\stm32f4xx_hal_flash.o
LOAD ..\obj\stm32f4xx_hal_pwr.o
LOAD ..\obj\Ethernet.o
LOAD ..\obj\stm32f4xx_hal_can.o
LOAD ..\obj\analogout_api.o
LOAD ..\obj\sleep.o
LOAD ..\obj\stm32f4xx_hal_dsi.o
LOAD ..\obj\stm32f4xx_hal_spdifrx.o
LOAD ..\obj\stm32f4xx_hal_irda.o
LOAD ..\obj\stm32f4xx_hal_adc_ex.o
LOAD ..\obj\stm32f4xx_hal_dac.o
LOAD ..\obj\port_api.o
LOAD ..\obj\gpio.o
LOAD ..\obj\stm32f4xx_hal_sd.o
LOAD ..\obj\FileSystemLike.o
LOAD ..\obj\wait_api.o
LOAD ..\obj\stm32f4xx_hal_rtc_ex.o
LOAD ..\obj\I2C.o
LOAD ..\obj\Timer.o
LOAD ..\obj\stm32f4xx_hal.o
LOAD ..\obj\rtc_api.o
LOAD ..\obj\Stream.o
LOAD ..\obj\stm32f4xx_hal_dma_ex.o
LOAD ..\obj\stm32f4xx_hal_rcc_ex.o
LOAD ..\obj\RawSerial.o
LOAD ..\obj\stm32f4xx_hal_crc.o
LOAD ..\obj\cmsis_nvic.o
LOAD ..\obj\retarget.o
LOAD ..\obj\stm32f4xx_hal_ltdc_ex.o
LOAD ..\obj\stm32f4xx_hal_qspi.o
LOAD ..\obj\stm32f4xx_hal_sdram.o
LOAD ..\obj\error.o
LOAD ..\obj\stm32f4xx_hal_dcmi.o
LOAD ..\obj\semihost_api.o
LOAD ..\obj\stm32f4xx_hal_rcc.o
LOAD ..\obj\FileBase.o
LOAD ..\obj\us_ticker.o
LOAD ..\obj\BusIn.o
LOAD ..\obj\stm32f4xx_hal_flash_ex.o
LOAD ..\obj\hal_tick.o
LOAD ..\obj\i2c_api.o
LOAD ..\obj\stm32f4xx_hal_cortex.o
LOAD ..\obj\stm32f4xx_hal_sai_ex.o
LOAD ..\obj\system_stm32f4xx.o
LOAD ..\obj\lp_ticker_api.o
LOAD ..\obj\stm32f4xx_hal_adc.o
LOAD ..\obj\stm32f4xx_hal_i2s.o
LOAD ..\obj\stm32f4xx_hal_pcd.o
LOAD ..\obj\stm32f4xx_hal_cryp.o
LOAD ..\obj\Serial.o
LOAD ..\obj\Timeout.o
LOAD ..\obj\stm32f4xx_hal_pcd_ex.o
LOAD ..\obj\stm32f4xx_hal_gpio.o
LOAD ..\obj\CallChain.o
LOAD ..\obj\stm32f4xx_hal_i2c_ex.o
LOAD ..\obj\stm32f4xx_hal_nor.o
LOAD ..\obj\stm32f4xx_hal_nand.o
LOAD ..\obj\SPI.o
LOAD ..\obj\stm32f4xx_hal_pccard.o
LOAD ..\obj\stm32f4xx_hal_sram.o
LOAD ..\obj\rtc_time.o
LOAD ..\obj\stm32f4xx_hal_dac_ex.o
LOAD ..\obj\FilePath.o
LOAD ..\obj\stm32f4xx_hal_cec.o
LOAD ..\obj\I2CSlave.o
LOAD ..\obj\stm32f4xx_hal_hcd.o
LOAD ..\obj\stm32f4xx_hal_pwr_ex.o
LOAD ..\obj\stm32f4xx_hal_tim_ex.o
LOAD ..\obj\stm32f4xx_ll_fmc.o
LOAD ..\obj\stm32f4xx_ll_sdmmc.o
LOAD ..\obj\stm32f4xx_hal_cryp_ex.o
LOAD ..\obj\BusOut.o
LOAD ..\obj\stm32f4xx_hal_hash.o
LOAD ..\obj\BusInOut.o
LOAD ..\obj\stm32f4xx_hal_sai.o
LOAD ..\obj\stm32f4xx_hal_msp_template.o
LOAD ..\obj\stm32f4xx_hal_dma.o
LOAD ..\obj\LocalFileSystem.o
LOAD ..\obj\stm32f4xx_hal_dcmi_ex.o
LOAD ..\obj\spi_api.o
LOAD ..\obj\InterruptManager.o
LOAD ..\obj\stm32f4xx_hal_wwdg.o
LOAD c:/program files (x86)/gnu tools arm embedded/4.9 2015q3/bin/../lib/gcc/arm-none-eabi/4.9.3/../../../../arm-none-eabi/lib/armv7e-m/softfp\libstdc++_nano.a
LOAD c:/program files (x86)/gnu tools arm embedded/4.9 2015q3/bin/../lib/gcc/arm-none-eabi/4.9.3/../../../../arm-none-eabi/lib/armv7e-m/softfp\libsupc++_nano.a
LOAD c:/program files (x86)/gnu tools arm embedded/4.9 2015q3/bin/../lib/gcc/arm-none-eabi/4.9.3/../../../../arm-none-eabi/lib/armv7e-m/softfp\libm.a
LOAD c:/program files (x86)/gnu tools arm embedded/4.9 2015q3/bin/../lib/gcc/arm-none-eabi/4.9.3/armv7e-m/softfp\libgcc.a
LOAD c:/program files (x86)/gnu tools arm embedded/4.9 2015q3/bin/../lib/gcc/arm-none-eabi/4.9.3/../../../../arm-none-eabi/lib/armv7e-m/softfp\libc_nano.a
LOAD c:/program files (x86)/gnu tools arm embedded/4.9 2015q3/bin/../lib/gcc/arm-none-eabi/4.9.3/../../../../arm-none-eabi/lib/armv7e-m/softfp\libnosys.a
START GROUP
LOAD c:/program files (x86)/gnu tools arm embedded/4.9 2015q3/bin/../lib/gcc/arm-none-eabi/4.9.3/armv7e-m/softfp\libgcc.a
LOAD c:/program files (x86)/gnu tools arm embedded/4.9 2015q3/bin/../lib/gcc/arm-none-eabi/4.9.3/../../../../arm-none-eabi/lib/armv7e-m/softfp\libg_nano.a
LOAD c:/program files (x86)/gnu tools arm embedded/4.9 2015q3/bin/../lib/gcc/arm-none-eabi/4.9.3/../../../../arm-none-eabi/lib/armv7e-m/softfp\libc_nano.a
END GROUP
START GROUP
LOAD c:/program files (x86)/gnu tools arm embedded/4.9 2015q3/bin/../lib/gcc/arm-none-eabi/4.9.3/armv7e-m/softfp\libgcc.a
LOAD c:/program files (x86)/gnu tools arm embedded/4.9 2015q3/bin/../lib/gcc/arm-none-eabi/4.9.3/../../../../arm-none-eabi/lib/armv7e-m/softfp\libc_nano.a
END GROUP
LOAD c:/program files (x86)/gnu tools arm embedded/4.9 2015q3/bin/../lib/gcc/arm-none-eabi/4.9.3/armv7e-m/softfp/crtend.o
LOAD c:/program files (x86)/gnu tools arm embedded/4.9 2015q3/bin/../lib/gcc/arm-none-eabi/4.9.3/armv7e-m/softfp/crtn.o
OUTPUT(Nucleo_blink_led.elf elf32-littlearm)

.ARM.attributes
                0x00000000       0x2e
 .ARM.attributes
                0x00000000       0x22 c:/program files (x86)/gnu tools arm embedded/4.9 2015q3/bin/../lib/gcc/arm-none-eabi/4.9.3/armv7e-m/softfp/crti.o
 .ARM.attributes
                0x00000022       0x32 c:/program files (x86)/gnu tools arm embedded/4.9 2015q3/bin/../lib/gcc/arm-none-eabi/4.9.3/armv7e-m/softfp/crtbegin.o
 .ARM.attributes
                0x00000054       0x20 c:/program files (x86)/gnu tools arm embedded/4.9 2015q3/bin/../lib/gcc/arm-none-eabi/4.9.3/../../../../arm-none-eabi/lib/armv7e-m/softfp/crt0.o
 .ARM.attributes
                0x00000074       0x37 ..\obj\mbed_overrides.o
 .ARM.attributes
                0x000000ab       0x37 ..\obj\ticker_api.o
 .ARM.attributes
                0x000000e2       0x37 ..\obj\PeripheralPins.o
 .ARM.attributes
                0x00000119       0x37 ..\obj\serial_api.o
 .ARM.attributes
                0x00000150       0x37 ..\obj\us_ticker_api.o
 .ARM.attributes
                0x00000187       0x21 ..\obj\startup_stm32f401xe.o
 .ARM.attributes
                0x000001a8       0x37 ..\obj\pinmap.o
 .ARM.attributes
                0x000001df       0x37 ..\obj\stm32f4xx_hal_uart.o
 .ARM.attributes
                0x00000216       0x37 ..\obj\stm32f4xx_hal_tim.o
 .ARM.attributes
                0x0000024d       0x37 ..\obj\assert.o
 .ARM.attributes
                0x00000284       0x37 ..\obj\gpio_api.o
 .ARM.attributes
                0x000002bb       0x37 ..\obj\main.o
 .ARM.attributes
                0x000002f2       0x37 ..\obj\board.o
 .ARM.attributes
                0x00000329       0x37 ..\obj\pinmap_common.o
 .ARM.attributes
                0x00000360       0x37 ..\obj\gpio.o
 .ARM.attributes
                0x00000397       0x37 ..\obj\wait_api.o
 .ARM.attributes
                0x000003ce       0x37 ..\obj\stm32f4xx_hal.o
 .ARM.attributes
                0x00000405       0x37 ..\obj\cmsis_nvic.o
 .ARM.attributes
                0x0000043c       0x37 ..\obj\retarget.o
 .ARM.attributes
                0x00000473       0x37 ..\obj\error.o
 .ARM.attributes
                0x000004aa       0x37 ..\obj\stm32f4xx_hal_rcc.o
 .ARM.attributes
                0x000004e1       0x37 ..\obj\us_ticker.o
 .ARM.attributes
                0x00000518       0x37 ..\obj\hal_tick.o
 .ARM.attributes
                0x0000054f       0x37 ..\obj\stm32f4xx_hal_cortex.o
 .ARM.attributes
                0x00000586       0x37 ..\obj\system_stm32f4xx.o
 .ARM.attributes
                0x000005bd       0x37 ..\obj\stm32f4xx_hal_gpio.o
 .ARM.attributes
                0x000005f4       0x37 ..\obj\stm32f4xx_hal_msp_template.o
 .ARM.attributes
                0x0000062b       0x32 c:/program files (x86)/gnu tools arm embedded/4.9 2015q3/bin/../lib/gcc/arm-none-eabi/4.9.3/../../../../arm-none-eabi/lib/armv7e-m/softfp\libc_nano.a(lib_a-errno.o)
 .ARM.attributes
                0x0000065d       0x32 c:/program files (x86)/gnu tools arm embedded/4.9 2015q3/bin/../lib/gcc/arm-none-eabi/4.9.3/../../../../arm-none-eabi/lib/armv7e-m/softfp\libc_nano.a(lib_a-exit.o)
 .ARM.attributes
                0x0000068f       0x32 c:/program files (x86)/gnu tools arm embedded/4.9 2015q3/bin/../lib/gcc/arm-none-eabi/4.9.3/../../../../arm-none-eabi/lib/armv7e-m/softfp\libc_nano.a(lib_a-fflush.o)
 .ARM.attributes
                0x000006c1       0x32 c:/program files (x86)/gnu tools arm embedded/4.9 2015q3/bin/../lib/gcc/arm-none-eabi/4.9.3/../../../../arm-none-eabi/lib/armv7e-m/softfp\libc_nano.a(lib_a-findfp.o)
 .ARM.attributes
                0x000006f3       0x32 c:/program files (x86)/gnu tools arm embedded/4.9 2015q3/bin/../lib/gcc/arm-none-eabi/4.9.3/../../../../arm-none-eabi/lib/armv7e-m/softfp\libc_nano.a(lib_a-fwalk.o)
 .ARM.attributes
                0x00000725       0x32 c:/program files (x86)/gnu tools arm embedded/4.9 2015q3/bin/../lib/gcc/arm-none-eabi/4.9.3/../../../../arm-none-eabi/lib/armv7e-m/softfp\libc_nano.a(lib_a-impure.o)
 .ARM.attributes
                0x00000757       0x32 c:/program files (x86)/gnu tools arm embedded/4.9 2015q3/bin/../lib/gcc/arm-none-eabi/4.9.3/../../../../arm-none-eabi/lib/armv7e-m/softfp\libc_nano.a(lib_a-init.o)
 .ARM.attributes
                0x00000789       0x32 c:/program files (x86)/gnu tools arm embedded/4.9 2015q3/bin/../lib/gcc/arm-none-eabi/4.9.3/../../../../arm-none-eabi/lib/armv7e-m/softfp\libc_nano.a(lib_a-makebuf.o)
 .ARM.attributes
                0x000007bb       0x32 c:/program files (x86)/gnu tools arm embedded/4.9 2015q3/bin/../lib/gcc/arm-none-eabi/4.9.3/../../../../arm-none-eabi/lib/armv7e-m/softfp\libc_nano.a(lib_a-memchr.o)
 .ARM.attributes
                0x000007ed       0x32 c:/program files (x86)/gnu tools arm embedded/4.9 2015q3/bin/../lib/gcc/arm-none-eabi/4.9.3/../../../../arm-none-eabi/lib/armv7e-m/softfp\libc_nano.a(lib_a-memset.o)
 .ARM.attributes
                0x0000081f       0x32 c:/program files (x86)/gnu tools arm embedded/4.9 2015q3/bin/../lib/gcc/arm-none-eabi/4.9.3/../../../../arm-none-eabi/lib/armv7e-m/softfp\libc_nano.a(lib_a-nano-freer.o)
 .ARM.attributes
                0x00000851       0x32 c:/program files (x86)/gnu tools arm embedded/4.9 2015q3/bin/../lib/gcc/arm-none-eabi/4.9.3/../../../../arm-none-eabi/lib/armv7e-m/softfp\libc_nano.a(lib_a-nano-mallocr.o)
 .ARM.attributes
                0x00000883       0x32 c:/program files (x86)/gnu tools arm embedded/4.9 2015q3/bin/../lib/gcc/arm-none-eabi/4.9.3/../../../../arm-none-eabi/lib/armv7e-m/softfp\libc_nano.a(lib_a-nano-vfprintf.o)
 .ARM.attributes
                0x000008b5       0x32 c:/program files (x86)/gnu tools arm embedded/4.9 2015q3/bin/../lib/gcc/arm-none-eabi/4.9.3/../../../../arm-none-eabi/lib/armv7e-m/softfp\libc_nano.a(lib_a-nano-vfprintf_i.o)
 .ARM.attributes
                0x000008e7       0x32 c:/program files (x86)/gnu tools arm embedded/4.9 2015q3/bin/../lib/gcc/arm-none-eabi/4.9.3/../../../../arm-none-eabi/lib/armv7e-m/softfp\libc_nano.a(lib_a-reent.o)
 .ARM.attributes
                0x00000919       0x32 c:/program files (x86)/gnu tools arm embedded/4.9 2015q3/bin/../lib/gcc/arm-none-eabi/4.9.3/../../../../arm-none-eabi/lib/armv7e-m/softfp\libc_nano.a(lib_a-sbrkr.o)
 .ARM.attributes
                0x0000094b       0x32 c:/program files (x86)/gnu tools arm embedded/4.9 2015q3/bin/../lib/gcc/arm-none-eabi/4.9.3/../../../../arm-none-eabi/lib/armv7e-m/softfp\libc_nano.a(lib_a-stdio.o)
 .ARM.attributes
                0x0000097d       0x20 c:/program files (x86)/gnu tools arm embedded/4.9 2015q3/bin/../lib/gcc/arm-none-eabi/4.9.3/../../../../arm-none-eabi/lib/armv7e-m/softfp\libc_nano.a(lib_a-strcmp.o)
 .ARM.attributes
                0x0000099d       0x32 c:/program files (x86)/gnu tools arm embedded/4.9 2015q3/bin/../lib/gcc/arm-none-eabi/4.9.3/../../../../arm-none-eabi/lib/armv7e-m/softfp\libc_nano.a(lib_a-wbuf.o)
 .ARM.attributes
                0x000009cf       0x32 c:/program files (x86)/gnu tools arm embedded/4.9 2015q3/bin/../lib/gcc/arm-none-eabi/4.9.3/../../../../arm-none-eabi/lib/armv7e-m/softfp\libc_nano.a(lib_a-writer.o)
 .ARM.attributes
                0x00000a01       0x32 c:/program files (x86)/gnu tools arm embedded/4.9 2015q3/bin/../lib/gcc/arm-none-eabi/4.9.3/../../../../arm-none-eabi/lib/armv7e-m/softfp\libc_nano.a(lib_a-wsetup.o)
 .ARM.attributes
                0x00000a33       0x32 c:/program files (x86)/gnu tools arm embedded/4.9 2015q3/bin/../lib/gcc/arm-none-eabi/4.9.3/../../../../arm-none-eabi/lib/armv7e-m/softfp\libc_nano.a(lib_a-closer.o)
 .ARM.attributes
                0x00000a65       0x32 c:/program files (x86)/gnu tools arm embedded/4.9 2015q3/bin/../lib/gcc/arm-none-eabi/4.9.3/../../../../arm-none-eabi/lib/armv7e-m/softfp\libc_nano.a(lib_a-fstatr.o)
 .ARM.attributes
                0x00000a97       0x32 c:/program files (x86)/gnu tools arm embedded/4.9 2015q3/bin/../lib/gcc/arm-none-eabi/4.9.3/../../../../arm-none-eabi/lib/armv7e-m/softfp\libc_nano.a(lib_a-isattyr.o)
 .ARM.attributes
                0x00000ac9       0x32 c:/program files (x86)/gnu tools arm embedded/4.9 2015q3/bin/../lib/gcc/arm-none-eabi/4.9.3/../../../../arm-none-eabi/lib/armv7e-m/softfp\libc_nano.a(lib_a-lseekr.o)
 .ARM.attributes
                0x00000afb       0x32 c:/program files (x86)/gnu tools arm embedded/4.9 2015q3/bin/../lib/gcc/arm-none-eabi/4.9.3/../../../../arm-none-eabi/lib/armv7e-m/softfp\libc_nano.a(lib_a-readr.o)
 .ARM.attributes
                0x00000b2d       0x32 c:/program files (x86)/gnu tools arm embedded/4.9 2015q3/bin/../lib/gcc/arm-none-eabi/4.9.3/armv7e-m/softfp/crtend.o
 .ARM.attributes
                0x00000b5f       0x22 c:/program files (x86)/gnu tools arm embedded/4.9 2015q3/bin/../lib/gcc/arm-none-eabi/4.9.3/armv7e-m/softfp/crtn.o

.comment        0x00000000       0x70
 .comment       0x00000000       0x70 ..\obj\mbed_overrides.o
                                 0x71 (size before relaxing)
 .comment       0x00000000       0x71 ..\obj\ticker_api.o
 .comment       0x00000000       0x71 ..\obj\PeripheralPins.o
 .comment       0x00000000       0x71 ..\obj\serial_api.o
 .comment       0x00000000       0x71 ..\obj\us_ticker_api.o
 .comment       0x00000000       0x71 ..\obj\pinmap.o
 .comment       0x00000000       0x71 ..\obj\stm32f4xx_hal_uart.o
 .comment       0x00000000       0x71 ..\obj\stm32f4xx_hal_tim.o
 .comment       0x00000000       0x71 ..\obj\assert.o
 .comment       0x00000000       0x71 ..\obj\gpio_api.o
 .comment       0x00000000       0x71 ..\obj\main.o
 .comment       0x00000000       0x71 ..\obj\board.o
 .comment       0x00000000       0x71 ..\obj\pinmap_common.o
 .comment       0x00000000       0x71 ..\obj\gpio.o
 .comment       0x00000000       0x71 ..\obj\wait_api.o
 .comment       0x00000000       0x71 ..\obj\stm32f4xx_hal.o
 .comment       0x00000000       0x71 ..\obj\cmsis_nvic.o
 .comment       0x00000000       0x71 ..\obj\retarget.o
 .comment       0x00000000       0x71 ..\obj\error.o
 .comment       0x00000000       0x71 ..\obj\stm32f4xx_hal_rcc.o
 .comment       0x00000000       0x71 ..\obj\us_ticker.o
 .comment       0x00000000       0x71 ..\obj\hal_tick.o
 .comment       0x00000000       0x71 ..\obj\stm32f4xx_hal_cortex.o
 .comment       0x00000000       0x71 ..\obj\system_stm32f4xx.o
 .comment       0x00000000       0x71 ..\obj\stm32f4xx_hal_gpio.o
 .comment       0x00000000       0x71 ..\obj\stm32f4xx_hal_msp_template.o

.debug_info     0x00000000    0x11f9e
 .debug_info    0x00000000      0x107 ..\obj\mbed_overrides.o
 .debug_info    0x00000107      0x42a ..\obj\ticker_api.o
 .debug_info    0x00000531      0x51f ..\obj\PeripheralPins.o
 .debug_info    0x00000a50     0x15c4 ..\obj\serial_api.o
 .debug_info    0x00002014      0x293 ..\obj\us_ticker_api.o
 .debug_info    0x000022a7       0xdb ..\obj\startup_stm32f401xe.o
 .debug_info    0x00002382      0x8c6 ..\obj\pinmap.o
 .debug_info    0x00002c48     0x121b ..\obj\stm32f4xx_hal_uart.o
 .debug_info    0x00003e63     0x3407 ..\obj\stm32f4xx_hal_tim.o
 .debug_info    0x0000726a       0xb4 ..\obj\assert.o
 .debug_info    0x0000731e      0x60e ..\obj\gpio_api.o
 .debug_info    0x0000792c     0x16b8 ..\obj\main.o
 .debug_info    0x00008fe4      0x4ad ..\obj\board.o
 .debug_info    0x00009491      0x59b ..\obj\pinmap_common.o
 .debug_info    0x00009a2c      0x8da ..\obj\gpio.o
 .debug_info    0x0000a306      0x189 ..\obj\wait_api.o
 .debug_info    0x0000a48f      0x878 ..\obj\stm32f4xx_hal.o
 .debug_info    0x0000ad07      0x499 ..\obj\cmsis_nvic.o
 .debug_info    0x0000b1a0     0x26fd ..\obj\retarget.o
 .debug_info    0x0000d89d      0x95c ..\obj\error.o
 .debug_info    0x0000e1f9      0xd31 ..\obj\stm32f4xx_hal_rcc.o
 .debug_info    0x0000ef2a      0x657 ..\obj\us_ticker.o
 .debug_info    0x0000f581      0xbe4 ..\obj\hal_tick.o
 .debug_info    0x00010165      0xdc3 ..\obj\stm32f4xx_hal_cortex.o
 .debug_info    0x00010f28      0x887 ..\obj\system_stm32f4xx.o
 .debug_info    0x000117af      0x70a ..\obj\stm32f4xx_hal_gpio.o
 .debug_info    0x00011eb9       0xe5 ..\obj\stm32f4xx_hal_msp_template.o

.debug_abbrev   0x00000000     0x37a2
 .debug_abbrev  0x00000000       0xba ..\obj\mbed_overrides.o
 .debug_abbrev  0x000000ba      0x1cb ..\obj\ticker_api.o
 .debug_abbrev  0x00000285       0xbf ..\obj\PeripheralPins.o
 .debug_abbrev  0x00000344      0x38a ..\obj\serial_api.o
 .debug_abbrev  0x000006ce      0x129 ..\obj\us_ticker_api.o
 .debug_abbrev  0x000007f7       0x12 ..\obj\startup_stm32f401xe.o
 .debug_abbrev  0x00000809      0x1be ..\obj\pinmap.o
 .debug_abbrev  0x000009c7      0x2cd ..\obj\stm32f4xx_hal_uart.o
 .debug_abbrev  0x00000c94      0x324 ..\obj\stm32f4xx_hal_tim.o
 .debug_abbrev  0x00000fb8       0x98 ..\obj\assert.o
 .debug_abbrev  0x00001050      0x1c8 ..\obj\gpio_api.o
 .debug_abbrev  0x00001218      0x3e5 ..\obj\main.o
 .debug_abbrev  0x000015fd      0x198 ..\obj\board.o
 .debug_abbrev  0x00001795      0x16f ..\obj\pinmap_common.o
 .debug_abbrev  0x00001904      0x1ee ..\obj\gpio.o
 .debug_abbrev  0x00001af2       0xbf ..\obj\wait_api.o
 .debug_abbrev  0x00001bb1      0x283 ..\obj\stm32f4xx_hal.o
 .debug_abbrev  0x00001e34      0x154 ..\obj\cmsis_nvic.o
 .debug_abbrev  0x00001f88      0x6e0 ..\obj\retarget.o
 .debug_abbrev  0x00002668      0x210 ..\obj\error.o
 .debug_abbrev  0x00002878      0x33d ..\obj\stm32f4xx_hal_rcc.o
 .debug_abbrev  0x00002bb5      0x1d1 ..\obj\us_ticker.o
 .debug_abbrev  0x00002d86      0x29f ..\obj\hal_tick.o
 .debug_abbrev  0x00003025      0x30a ..\obj\stm32f4xx_hal_cortex.o
 .debug_abbrev  0x0000332f      0x246 ..\obj\system_stm32f4xx.o
 .debug_abbrev  0x00003575      0x1c6 ..\obj\stm32f4xx_hal_gpio.o
 .debug_abbrev  0x0000373b       0x67 ..\obj\stm32f4xx_hal_msp_template.o

.debug_aranges  0x00000000      0xbf8
 .debug_aranges
                0x00000000       0x20 ..\obj\mbed_overrides.o
 .debug_aranges
                0x00000020       0x48 ..\obj\ticker_api.o
 .debug_aranges
                0x00000068       0x18 ..\obj\PeripheralPins.o
 .debug_aranges
                0x00000080       0xb0 ..\obj\serial_api.o
 .debug_aranges
                0x00000130       0x28 ..\obj\us_ticker_api.o
 .debug_aranges
                0x00000158       0x28 ..\obj\startup_stm32f401xe.o
 .debug_aranges
                0x00000180       0x30 ..\obj\pinmap.o
 .debug_aranges
                0x000001b0      0x138 ..\obj\stm32f4xx_hal_uart.o
 .debug_aranges
                0x000002e8      0x330 ..\obj\stm32f4xx_hal_tim.o
 .debug_aranges
                0x00000618       0x20 ..\obj\assert.o
 .debug_aranges
                0x00000638       0x38 ..\obj\gpio_api.o
 .debug_aranges
                0x00000670       0x28 ..\obj\main.o
 .debug_aranges
                0x00000698       0x20 ..\obj\board.o
 .debug_aranges
                0x000006b8       0x48 ..\obj\pinmap_common.o
 .debug_aranges
                0x00000700       0x50 ..\obj\gpio.o
 .debug_aranges
                0x00000750       0x30 ..\obj\wait_api.o
 .debug_aranges
                0x00000780       0xc0 ..\obj\stm32f4xx_hal.o
 .debug_aranges
                0x00000840       0x28 ..\obj\cmsis_nvic.o
 .debug_aranges
                0x00000868      0x118 ..\obj\retarget.o
 .debug_aranges
                0x00000980       0x20 ..\obj\error.o
 .debug_aranges
                0x000009a0       0x88 ..\obj\stm32f4xx_hal_rcc.o
 .debug_aranges
                0x00000a28       0x40 ..\obj\us_ticker.o
 .debug_aranges
                0x00000a68       0x28 ..\obj\hal_tick.o
 .debug_aranges
                0x00000a90       0x98 ..\obj\stm32f4xx_hal_cortex.o
 .debug_aranges
                0x00000b28       0x40 ..\obj\system_stm32f4xx.o
 .debug_aranges
                0x00000b68       0x58 ..\obj\stm32f4xx_hal_gpio.o
 .debug_aranges
                0x00000bc0       0x38 ..\obj\stm32f4xx_hal_msp_template.o

.debug_ranges   0x00000000      0xee8
 .debug_ranges  0x00000000       0x10 ..\obj\mbed_overrides.o
 .debug_ranges  0x00000010       0x38 ..\obj\ticker_api.o
 .debug_ranges  0x00000048       0xa0 ..\obj\serial_api.o
 .debug_ranges  0x000000e8       0x18 ..\obj\us_ticker_api.o
 .debug_ranges  0x00000100       0x20 ..\obj\startup_stm32f401xe.o
 .debug_ranges  0x00000120       0xb0 ..\obj\pinmap.o
 .debug_ranges  0x000001d0      0x128 ..\obj\stm32f4xx_hal_uart.o
 .debug_ranges  0x000002f8      0x3c8 ..\obj\stm32f4xx_hal_tim.o
 .debug_ranges  0x000006c0       0x10 ..\obj\assert.o
 .debug_ranges  0x000006d0       0x28 ..\obj\gpio_api.o
 .debug_ranges  0x000006f8       0x30 ..\obj\main.o
 .debug_ranges  0x00000728       0x10 ..\obj\board.o
 .debug_ranges  0x00000738       0x38 ..\obj\pinmap_common.o
 .debug_ranges  0x00000770       0xb8 ..\obj\gpio.o
 .debug_ranges  0x00000828       0x20 ..\obj\wait_api.o
 .debug_ranges  0x00000848       0xb0 ..\obj\stm32f4xx_hal.o
 .debug_ranges  0x000008f8       0x18 ..\obj\cmsis_nvic.o
 .debug_ranges  0x00000910      0x1d8 ..\obj\retarget.o
 .debug_ranges  0x00000ae8       0x10 ..\obj\error.o
 .debug_ranges  0x00000af8      0x158 ..\obj\stm32f4xx_hal_rcc.o
 .debug_ranges  0x00000c50       0x30 ..\obj\us_ticker.o
 .debug_ranges  0x00000c80       0x30 ..\obj\hal_tick.o
 .debug_ranges  0x00000cb0      0x120 ..\obj\stm32f4xx_hal_cortex.o
 .debug_ranges  0x00000dd0       0x90 ..\obj\system_stm32f4xx.o
 .debug_ranges  0x00000e60       0x60 ..\obj\stm32f4xx_hal_gpio.o
 .debug_ranges  0x00000ec0       0x28 ..\obj\stm32f4xx_hal_msp_template.o

.debug_line     0x00000000     0x65be
 .debug_line    0x00000000      0x1e7 ..\obj\mbed_overrides.o
 .debug_line    0x000001e7      0x278 ..\obj\ticker_api.o
 .debug_line    0x0000045f      0x2ad ..\obj\PeripheralPins.o
 .debug_line    0x0000070c      0x502 ..\obj\serial_api.o
 .debug_line    0x00000c0e      0x1c4 ..\obj\us_ticker_api.o
 .debug_line    0x00000dd2       0xc5 ..\obj\startup_stm32f401xe.o
 .debug_line    0x00000e97      0x305 ..\obj\pinmap.o
 .debug_line    0x0000119c      0x9c4 ..\obj\stm32f4xx_hal_uart.o
 .debug_line    0x00001b60     0x1228 ..\obj\stm32f4xx_hal_tim.o
 .debug_line    0x00002d88       0x87 ..\obj\assert.o
 .debug_line    0x00002e0f      0x32c ..\obj\gpio_api.o
 .debug_line    0x0000313b      0x505 ..\obj\main.o
 .debug_line    0x00003640      0x307 ..\obj\board.o
 .debug_line    0x00003947      0x2d3 ..\obj\pinmap_common.o
 .debug_line    0x00003c1a      0x355 ..\obj\gpio.o
 .debug_line    0x00003f6f      0x1d9 ..\obj\wait_api.o
 .debug_line    0x00004148      0x36d ..\obj\stm32f4xx_hal.o
 .debug_line    0x000044b5      0x199 ..\obj\cmsis_nvic.o
 .debug_line    0x0000464e      0x7aa ..\obj\retarget.o
 .debug_line    0x00004df8      0x2ad ..\obj\error.o
 .debug_line    0x000050a5      0x544 ..\obj\stm32f4xx_hal_rcc.o
 .debug_line    0x000055e9      0x268 ..\obj\us_ticker.o
 .debug_line    0x00005851      0x24d ..\obj\hal_tick.o
 .debug_line    0x00005a9e      0x38c ..\obj\stm32f4xx_hal_cortex.o
 .debug_line    0x00005e2a      0x296 ..\obj\system_stm32f4xx.o
 .debug_line    0x000060c0      0x358 ..\obj\stm32f4xx_hal_gpio.o
 .debug_line    0x00006418      0x1a6 ..\obj\stm32f4xx_hal_msp_template.o

.debug_str      0x00000000     0x4728
 .debug_str     0x00000000      0x27e ..\obj\mbed_overrides.o
                                0x2bf (size before relaxing)
 .debug_str     0x0000027e      0x148 ..\obj\ticker_api.o
                                0x3ec (size before relaxing)
 .debug_str     0x000003c6      0x2f7 ..\obj\PeripheralPins.o
                                0x55f (size before relaxing)
 .debug_str     0x000006bd      0xbf8 ..\obj\serial_api.o
                               0x10f4 (size before relaxing)
 .debug_str     0x000012b5       0x90 ..\obj\us_ticker_api.o
                                0x3a6 (size before relaxing)
 .debug_str     0x00001345      0x131 ..\obj\pinmap.o
                                0x659 (size before relaxing)
 .debug_str     0x00001476      0x3fb ..\obj\stm32f4xx_hal_uart.o
                                0xb1e (size before relaxing)
 .debug_str     0x00001871      0xf1d ..\obj\stm32f4xx_hal_tim.o
                               0x14b6 (size before relaxing)
 .debug_str     0x0000278e       0x4e ..\obj\assert.o
                                0x17f (size before relaxing)
 .debug_str     0x000027dc       0xa6 ..\obj\gpio_api.o
                                0x526 (size before relaxing)
 .debug_str     0x00002882      0x7c9 ..\obj\main.o
                                0xb5a (size before relaxing)
 .debug_str     0x0000304b       0x5c ..\obj\board.o
                                0x46b (size before relaxing)
 .debug_str     0x000030a7       0x87 ..\obj\pinmap_common.o
                                0x4d0 (size before relaxing)
 .debug_str     0x0000312e       0x90 ..\obj\gpio.o
                                0x528 (size before relaxing)
 .debug_str     0x000031be       0x5d ..\obj\wait_api.o
                                0x298 (size before relaxing)
 .debug_str     0x0000321b      0x2ca ..\obj\stm32f4xx_hal.o
                                0x9ed (size before relaxing)
 .debug_str     0x000034e5       0xcc ..\obj\cmsis_nvic.o
                                0x6c3 (size before relaxing)
 .debug_str     0x000035b1      0x717 ..\obj\retarget.o
                               0x119c (size before relaxing)
 .debug_str     0x00003cc8       0x4c ..\obj\error.o
                                0x659 (size before relaxing)
 .debug_str     0x00003d14      0x2d4 ..\obj\stm32f4xx_hal_rcc.o
                                0x77d (size before relaxing)
 .debug_str     0x00003fe8       0xc5 ..\obj\us_ticker.o
                                0x7bf (size before relaxing)
 .debug_str     0x000040ad       0x79 ..\obj\hal_tick.o
                                0xcd9 (size before relaxing)
 .debug_str     0x00004126      0x32e ..\obj\stm32f4xx_hal_cortex.o
                                0xb33 (size before relaxing)
 .debug_str     0x00004454       0xb3 ..\obj\system_stm32f4xx.o
                                0x604 (size before relaxing)
 .debug_str     0x00004507      0x192 ..\obj\stm32f4xx_hal_gpio.o
                                0x5a2 (size before relaxing)
 .debug_str     0x00004699       0x8f ..\obj\stm32f4xx_hal_msp_template.o
                                0x2b7 (size before relaxing)

.debug_frame    0x00000000     0x21c4
 .debug_frame   0x00000000       0x2c ..\obj\mbed_overrides.o
 .debug_frame   0x0000002c       0xac ..\obj\ticker_api.o
 .debug_frame   0x000000d8      0x19c ..\obj\serial_api.o
 .debug_frame   0x00000274       0x30 ..\obj\us_ticker_api.o
 .debug_frame   0x000002a4       0x68 ..\obj\pinmap.o
 .debug_frame   0x0000030c      0x314 ..\obj\stm32f4xx_hal_uart.o
 .debug_frame   0x00000620      0x88c ..\obj\stm32f4xx_hal_tim.o
 .debug_frame   0x00000eac       0x30 ..\obj\assert.o
 .debug_frame   0x00000edc       0x78 ..\obj\gpio_api.o
 .debug_frame   0x00000f54       0x44 ..\obj\main.o
 .debug_frame   0x00000f98       0x28 ..\obj\board.o
 .debug_frame   0x00000fc0       0x9c ..\obj\pinmap_common.o
 .debug_frame   0x0000105c       0xe4 ..\obj\gpio.o
 .debug_frame   0x00001140       0x4c ..\obj\wait_api.o
 .debug_frame   0x0000118c      0x184 ..\obj\stm32f4xx_hal.o
 .debug_frame   0x00001310       0x38 ..\obj\cmsis_nvic.o
 .debug_frame   0x00001348      0x2bc ..\obj\retarget.o
 .debug_frame   0x00001604       0x30 ..\obj\error.o
 .debug_frame   0x00001634      0x154 ..\obj\stm32f4xx_hal_rcc.o
 .debug_frame   0x00001788       0x68 ..\obj\us_ticker.o
 .debug_frame   0x000017f0       0x4c ..\obj\hal_tick.o
 .debug_frame   0x0000183c      0x134 ..\obj\stm32f4xx_hal_cortex.o
 .debug_frame   0x00001970       0x90 ..\obj\system_stm32f4xx.o
 .debug_frame   0x00001a00       0xc4 ..\obj\stm32f4xx_hal_gpio.o
 .debug_frame   0x00001ac4       0x50 ..\obj\stm32f4xx_hal_msp_template.o
 .debug_frame   0x00001b14       0x20 c:/program files (x86)/gnu tools arm embedded/4.9 2015q3/bin/../lib/gcc/arm-none-eabi/4.9.3/../../../../arm-none-eabi/lib/armv7e-m/softfp\libc_nano.a(lib_a-errno.o)
 .debug_frame   0x00001b34       0x28 c:/program files (x86)/gnu tools arm embedded/4.9 2015q3/bin/../lib/gcc/arm-none-eabi/4.9.3/../../../../arm-none-eabi/lib/armv7e-m/softfp\libc_nano.a(lib_a-exit.o)
 .debug_frame   0x00001b5c       0x68 c:/program files (x86)/gnu tools arm embedded/4.9 2015q3/bin/../lib/gcc/arm-none-eabi/4.9.3/../../../../arm-none-eabi/lib/armv7e-m/softfp\libc_nano.a(lib_a-fflush.o)
 .debug_frame   0x00001bc4      0x11c c:/program files (x86)/gnu tools arm embedded/4.9 2015q3/bin/../lib/gcc/arm-none-eabi/4.9.3/../../../../arm-none-eabi/lib/armv7e-m/softfp\libc_nano.a(lib_a-findfp.o)
 .debug_frame   0x00001ce0       0x54 c:/program files (x86)/gnu tools arm embedded/4.9 2015q3/bin/../lib/gcc/arm-none-eabi/4.9.3/../../../../arm-none-eabi/lib/armv7e-m/softfp\libc_nano.a(lib_a-fwalk.o)
 .debug_frame   0x00001d34       0x2c c:/program files (x86)/gnu tools arm embedded/4.9 2015q3/bin/../lib/gcc/arm-none-eabi/4.9.3/../../../../arm-none-eabi/lib/armv7e-m/softfp\libc_nano.a(lib_a-init.o)
 .debug_frame   0x00001d60       0x34 c:/program files (x86)/gnu tools arm embedded/4.9 2015q3/bin/../lib/gcc/arm-none-eabi/4.9.3/../../../../arm-none-eabi/lib/armv7e-m/softfp\libc_nano.a(lib_a-makebuf.o)
 .debug_frame   0x00001d94       0x28 c:/program files (x86)/gnu tools arm embedded/4.9 2015q3/bin/../lib/gcc/arm-none-eabi/4.9.3/../../../../arm-none-eabi/lib/armv7e-m/softfp\libc_nano.a(lib_a-memchr.o)
 .debug_frame   0x00001dbc       0x20 c:/program files (x86)/gnu tools arm embedded/4.9 2015q3/bin/../lib/gcc/arm-none-eabi/4.9.3/../../../../arm-none-eabi/lib/armv7e-m/softfp\libc_nano.a(lib_a-memset.o)
 .debug_frame   0x00001ddc       0x2c c:/program files (x86)/gnu tools arm embedded/4.9 2015q3/bin/../lib/gcc/arm-none-eabi/4.9.3/../../../../arm-none-eabi/lib/armv7e-m/softfp\libc_nano.a(lib_a-nano-freer.o)
 .debug_frame   0x00001e08       0x2c c:/program files (x86)/gnu tools arm embedded/4.9 2015q3/bin/../lib/gcc/arm-none-eabi/4.9.3/../../../../arm-none-eabi/lib/armv7e-m/softfp\libc_nano.a(lib_a-nano-mallocr.o)
 .debug_frame   0x00001e34       0xb8 c:/program files (x86)/gnu tools arm embedded/4.9 2015q3/bin/../lib/gcc/arm-none-eabi/4.9.3/../../../../arm-none-eabi/lib/armv7e-m/softfp\libc_nano.a(lib_a-nano-vfprintf.o)
 .debug_frame   0x00001eec       0x58 c:/program files (x86)/gnu tools arm embedded/4.9 2015q3/bin/../lib/gcc/arm-none-eabi/4.9.3/../../../../arm-none-eabi/lib/armv7e-m/softfp\libc_nano.a(lib_a-nano-vfprintf_i.o)
 .debug_frame   0x00001f44       0x5c c:/program files (x86)/gnu tools arm embedded/4.9 2015q3/bin/../lib/gcc/arm-none-eabi/4.9.3/../../../../arm-none-eabi/lib/armv7e-m/softfp\libc_nano.a(lib_a-reent.o)
 .debug_frame   0x00001fa0       0x2c c:/program files (x86)/gnu tools arm embedded/4.9 2015q3/bin/../lib/gcc/arm-none-eabi/4.9.3/../../../../arm-none-eabi/lib/armv7e-m/softfp\libc_nano.a(lib_a-sbrkr.o)
 .debug_frame   0x00001fcc       0x88 c:/program files (x86)/gnu tools arm embedded/4.9 2015q3/bin/../lib/gcc/arm-none-eabi/4.9.3/../../../../arm-none-eabi/lib/armv7e-m/softfp\libc_nano.a(lib_a-stdio.o)
 .debug_frame   0x00002054       0x3c c:/program files (x86)/gnu tools arm embedded/4.9 2015q3/bin/../lib/gcc/arm-none-eabi/4.9.3/../../../../arm-none-eabi/lib/armv7e-m/softfp\libc_nano.a(lib_a-wbuf.o)
 .debug_frame   0x00002090       0x2c c:/program files (x86)/gnu tools arm embedded/4.9 2015q3/bin/../lib/gcc/arm-none-eabi/4.9.3/../../../../arm-none-eabi/lib/armv7e-m/softfp\libc_nano.a(lib_a-writer.o)
 .debug_frame   0x000020bc       0x2c c:/program files (x86)/gnu tools arm embedded/4.9 2015q3/bin/../lib/gcc/arm-none-eabi/4.9.3/../../../../arm-none-eabi/lib/armv7e-m/softfp\libc_nano.a(lib_a-wsetup.o)
 .debug_frame   0x000020e8       0x2c c:/program files (x86)/gnu tools arm embedded/4.9 2015q3/bin/../lib/gcc/arm-none-eabi/4.9.3/../../../../arm-none-eabi/lib/armv7e-m/softfp\libc_nano.a(lib_a-closer.o)
 .debug_frame   0x00002114       0x2c c:/program files (x86)/gnu tools arm embedded/4.9 2015q3/bin/../lib/gcc/arm-none-eabi/4.9.3/../../../../arm-none-eabi/lib/armv7e-m/softfp\libc_nano.a(lib_a-fstatr.o)
 .debug_frame   0x00002140       0x2c c:/program files (x86)/gnu tools arm embedded/4.9 2015q3/bin/../lib/gcc/arm-none-eabi/4.9.3/../../../../arm-none-eabi/lib/armv7e-m/softfp\libc_nano.a(lib_a-isattyr.o)
 .debug_frame   0x0000216c       0x2c c:/program files (x86)/gnu tools arm embedded/4.9 2015q3/bin/../lib/gcc/arm-none-eabi/4.9.3/../../../../arm-none-eabi/lib/armv7e-m/softfp\libc_nano.a(lib_a-lseekr.o)
 .debug_frame   0x00002198       0x2c c:/program files (x86)/gnu tools arm embedded/4.9 2015q3/bin/../lib/gcc/arm-none-eabi/4.9.3/../../../../arm-none-eabi/lib/armv7e-m/softfp\libc_nano.a(lib_a-readr.o)

.debug_loc      0x00000000     0x70ce
 .debug_loc     0x00000000      0x2e7 ..\obj\ticker_api.o
 .debug_loc     0x000002e7      0x534 ..\obj\serial_api.o
 .debug_loc     0x0000081b      0x2e6 ..\obj\pinmap.o
 .debug_loc     0x00000b01      0xe2e ..\obj\stm32f4xx_hal_uart.o
 .debug_loc     0x0000192f     0x3318 ..\obj\stm32f4xx_hal_tim.o
 .debug_loc     0x00004c47       0x8f ..\obj\assert.o
 .debug_loc     0x00004cd6      0x14d ..\obj\gpio_api.o
 .debug_loc     0x00004e23      0x262 ..\obj\pinmap_common.o
 .debug_loc     0x00005085      0x67c ..\obj\gpio.o
 .debug_loc     0x00005701       0x6e ..\obj\wait_api.o
 .debug_loc     0x0000576f       0x82 ..\obj\stm32f4xx_hal.o
 .debug_loc     0x000057f1       0x60 ..\obj\cmsis_nvic.o
 .debug_loc     0x00005851      0xa4e ..\obj\retarget.o
 .debug_loc     0x0000629f      0x638 ..\obj\stm32f4xx_hal_rcc.o
 .debug_loc     0x000068d7       0x34 ..\obj\hal_tick.o
 .debug_loc     0x0000690b      0x31e ..\obj\stm32f4xx_hal_cortex.o
 .debug_loc     0x00006c29       0xfb ..\obj\system_stm32f4xx.o
 .debug_loc     0x00006d24      0x3aa ..\obj\stm32f4xx_hal_gpio.o

.stabstr        0x00000000       0x76
 .stabstr       0x00000000       0x76 c:/program files (x86)/gnu tools arm embedded/4.9 2015q3/bin/../lib/gcc/arm-none-eabi/4.9.3/../../../../arm-none-eabi/lib/armv7e-m/softfp\libnosys.a(getpid.o)
