Archive member included because of file (symbol)

c:/program files (x86)/gnu tools arm embedded/4.9 2015q3/bin/../lib/gcc/arm-none-eabi/4.9.3/../../../../arm-none-eabi/lib/armv7e-m/softfp\libstdc++_nano.a(del_opv.o)
                              ..\obj\RawSerial.o (operator delete[](void*))
c:/program files (x86)/gnu tools arm embedded/4.9 2015q3/bin/../lib/gcc/arm-none-eabi/4.9.3/../../../../arm-none-eabi/lib/armv7e-m/softfp\libstdc++_nano.a(del_op.o)
                              ..\obj\SerialBase.o (operator delete(void*))
c:/program files (x86)/gnu tools arm embedded/4.9 2015q3/bin/../lib/gcc/arm-none-eabi/4.9.3/../../../../arm-none-eabi/lib/armv7e-m/softfp\libstdc++_nano.a(new_op.o)
                              ..\obj\FileSystemLike.o (operator new(unsigned int))
c:/program files (x86)/gnu tools arm embedded/4.9 2015q3/bin/../lib/gcc/arm-none-eabi/4.9.3/../../../../arm-none-eabi/lib/armv7e-m/softfp\libstdc++_nano.a(new_opv.o)
                              ..\obj\RawSerial.o (operator new[](unsigned int))
c:/program files (x86)/gnu tools arm embedded/4.9 2015q3/bin/../lib/gcc/arm-none-eabi/4.9.3/../../../../arm-none-eabi/lib/armv7e-m/softfp\libstdc++_nano.a(new_handler.o)
                              c:/program files (x86)/gnu tools arm embedded/4.9 2015q3/bin/../lib/gcc/arm-none-eabi/4.9.3/../../../../arm-none-eabi/lib/armv7e-m/softfp\libstdc++_nano.a(new_op.o) (std::get_new_handler())
c:/program files (x86)/gnu tools arm embedded/4.9 2015q3/bin/../lib/gcc/arm-none-eabi/4.9.3/../../../../arm-none-eabi/lib/armv7e-m/softfp\libc_nano.a(lib_a-abort.o)
                              c:/program files (x86)/gnu tools arm embedded/4.9 2015q3/bin/../lib/gcc/arm-none-eabi/4.9.3/../../../../arm-none-eabi/lib/armv7e-m/softfp\libstdc++_nano.a(new_op.o) (abort)
c:/program files (x86)/gnu tools arm embedded/4.9 2015q3/bin/../lib/gcc/arm-none-eabi/4.9.3/../../../../arm-none-eabi/lib/armv7e-m/softfp\libc_nano.a(lib_a-errno.o)
                              ..\obj\retarget.o (__errno)
c:/program files (x86)/gnu tools arm embedded/4.9 2015q3/bin/../lib/gcc/arm-none-eabi/4.9.3/../../../../arm-none-eabi/lib/armv7e-m/softfp\libc_nano.a(lib_a-exit.o)
                              c:/program files (x86)/gnu tools arm embedded/4.9 2015q3/bin/../lib/gcc/arm-none-eabi/4.9.3/../../../../arm-none-eabi/lib/armv7e-m/softfp/crt0.o (exit)
c:/program files (x86)/gnu tools arm embedded/4.9 2015q3/bin/../lib/gcc/arm-none-eabi/4.9.3/../../../../arm-none-eabi/lib/armv7e-m/softfp\libc_nano.a(lib_a-fclose.o)
                              ..\obj\Stream.o (fclose)
c:/program files (x86)/gnu tools arm embedded/4.9 2015q3/bin/../lib/gcc/arm-none-eabi/4.9.3/../../../../arm-none-eabi/lib/armv7e-m/softfp\libc_nano.a(lib_a-fflush.o)
                              c:/program files (x86)/gnu tools arm embedded/4.9 2015q3/bin/../lib/gcc/arm-none-eabi/4.9.3/../../../../arm-none-eabi/lib/armv7e-m/softfp\libc_nano.a(lib_a-fclose.o) (__sflush_r)
c:/program files (x86)/gnu tools arm embedded/4.9 2015q3/bin/../lib/gcc/arm-none-eabi/4.9.3/../../../../arm-none-eabi/lib/armv7e-m/softfp\libc_nano.a(lib_a-fgetc.o)
                              ..\obj\retarget.o (fgetc)
c:/program files (x86)/gnu tools arm embedded/4.9 2015q3/bin/../lib/gcc/arm-none-eabi/4.9.3/../../../../arm-none-eabi/lib/armv7e-m/softfp\libc_nano.a(lib_a-fgets.o)
                              ..\obj\retarget.o (fgets)
c:/program files (x86)/gnu tools arm embedded/4.9 2015q3/bin/../lib/gcc/arm-none-eabi/4.9.3/../../../../arm-none-eabi/lib/armv7e-m/softfp\libc_nano.a(lib_a-findfp.o)
                              c:/program files (x86)/gnu tools arm embedded/4.9 2015q3/bin/../lib/gcc/arm-none-eabi/4.9.3/../../../../arm-none-eabi/lib/armv7e-m/softfp\libc_nano.a(lib_a-fclose.o) (__sinit)
c:/program files (x86)/gnu tools arm embedded/4.9 2015q3/bin/../lib/gcc/arm-none-eabi/4.9.3/../../../../arm-none-eabi/lib/armv7e-m/softfp\libc_nano.a(lib_a-fopen.o)
                              ..\obj\Stream.o (fopen)
c:/program files (x86)/gnu tools arm embedded/4.9 2015q3/bin/../lib/gcc/arm-none-eabi/4.9.3/../../../../arm-none-eabi/lib/armv7e-m/softfp\libc_nano.a(lib_a-fputc.o)
                              ..\obj\Stream.o (fputc)
c:/program files (x86)/gnu tools arm embedded/4.9 2015q3/bin/../lib/gcc/arm-none-eabi/4.9.3/../../../../arm-none-eabi/lib/armv7e-m/softfp\libc_nano.a(lib_a-fputs.o)
                              ..\obj\Stream.o (fputs)
c:/program files (x86)/gnu tools arm embedded/4.9 2015q3/bin/../lib/gcc/arm-none-eabi/4.9.3/../../../../arm-none-eabi/lib/armv7e-m/softfp\libc_nano.a(lib_a-fseek.o)
                              c:/program files (x86)/gnu tools arm embedded/4.9 2015q3/bin/../lib/gcc/arm-none-eabi/4.9.3/../../../../arm-none-eabi/lib/armv7e-m/softfp\libc_nano.a(lib_a-fopen.o) (_fseek_r)
c:/program files (x86)/gnu tools arm embedded/4.9 2015q3/bin/../lib/gcc/arm-none-eabi/4.9.3/../../../../arm-none-eabi/lib/armv7e-m/softfp\libc_nano.a(lib_a-fseeko.o)
[...]
Memory Configuration

Name             Origin             Length             Attributes
FLASH            0x08000000         0x00080000         xr
RAM              0x20000194         0x00017e6c         xrw
*default*        0x00000000         0xffffffff

Linker script and memory map

LOAD c:/program files (x86)/gnu tools arm embedded/4.9 2015q3/bin/../lib/gcc/arm-none-eabi/4.9.3/armv7e-m/softfp/crti.o
LOAD c:/program files (x86)/gnu tools arm embedded/4.9 2015q3/bin/../lib/gcc/arm-none-eabi/4.9.3/armv7e-m/softfp/crtbegin.o
LOAD c:/program files (x86)/gnu tools arm embedded/4.9 2015q3/bin/../lib/gcc/arm-none-eabi/4.9.3/../../../../arm-none-eabi/lib/armv7e-m/softfp/crt0.o

.text           0x08000000     0x2cb4
 *(.isr_vector)
 .isr_vector    0x08000000      0x194 ..\obj\startup_stm32f401xe.o
                0x08000000                g_pfnVectors
 *(.text*)
 .text          0x08000194       0x5c c:/program files (x86)/gnu tools arm embedded/4.9 2015q3/bin/../lib/gcc/arm-none-eabi/4.9.3/armv7e-m/softfp/crtbegin.o
 .text          0x080001f0       0x74 c:/program files (x86)/gnu tools arm embedded/4.9 2015q3/bin/../lib/gcc/arm-none-eabi/4.9.3/../../../../arm-none-eabi/lib/armv7e-m/softfp/crt0.o
                0x080001f0                _start
                0x080001f0                _mainCRTStartup
 .text.mbed_sdk_init
                0x08000264        0xe ..\obj\mbed_overrides.o
                0x08000264                mbed_sdk_init
 .text.ticker_irq_handler
                0x08000272       0x4a ..\obj\ticker_api.o
                0x08000272                ticker_irq_handler
 .text.init_uart
                0x080002bc       0x68 ..\obj\serial_api.o
 .text.serial_init
                0x08000324      0x130 ..\obj\serial_api.o
                0x08000324                serial_init
 .text.serial_readable
                0x08000454       0x14 ..\obj\serial_api.o
                0x08000454                serial_readable
 .text.serial_getc
                0x08000468       0x24 ..\obj\serial_api.o
                0x08000468                serial_getc
 .text.serial_writable
                0x0800048c       0x14 ..\obj\serial_api.o
                0x0800048c                serial_writable
 .text.serial_putc
                0x080004a0       0x24 ..\obj\serial_api.o
                0x080004a0                serial_putc
 .text.us_ticker_irq_handler
                0x080004c4        0xc ..\obj\us_ticker_api.o
                0x080004c4                us_ticker_irq_handler
 .text.Reset_Handler
                0x080004d0       0x4c ..\obj\startup_stm32f401xe.o
                0x080004d0                Reset_Handler
 .text.Default_Handler
                0x0800051c        0x2 ..\obj\startup_stm32f401xe.o
                0x0800051c                RTC_Alarm_IRQHandler
                0x0800051c                EXTI2_IRQHandler
                0x0800051c                DebugMon_Handler
                0x0800051c                SPI4_IRQHandler
                0x0800051c                TIM1_CC_IRQHandler
                0x0800051c                DMA2_Stream5_IRQHandler
                0x0800051c                HardFault_Handler
                0x0800051c                DMA1_Stream5_IRQHandler
                0x0800051c                SysTick_Handler
                0x0800051c                PVD_IRQHandler
                0x0800051c                SDIO_IRQHandler
                0x0800051c                TAMP_STAMP_IRQHandler
                0x0800051c                PendSV_Handler
                0x0800051c                NMI_Handler
                0x0800051c                EXTI3_IRQHandler
                0x0800051c                TIM1_UP_TIM10_IRQHandler
                0x0800051c                I2C3_ER_IRQHandler
                0x0800051c                EXTI0_IRQHandler
                0x0800051c                I2C2_EV_IRQHandler
                0x0800051c                DMA1_Stream2_IRQHandler
                0x0800051c                FPU_IRQHandler
                0x0800051c                UsageFault_Handler
                0x0800051c                DMA2_Stream2_IRQHandler
                0x0800051c                SPI1_IRQHandler
                0x0800051c                TIM1_BRK_TIM9_IRQHandler
                0x0800051c                DMA2_Stream3_IRQHandler
                0x0800051c                USART6_IRQHandler
                0x0800051c                DMA2_Stream0_IRQHandler
                0x0800051c                TIM4_IRQHandler
                0x0800051c                I2C1_EV_IRQHandler
                0x0800051c                DMA1_Stream6_IRQHandler
                0x0800051c                DMA1_Stream1_IRQHandler
                0x0800051c                TIM3_IRQHandler
                0x0800051c                RCC_IRQHandler
                0x0800051c                Default_Handler
                0x0800051c                EXTI15_10_IRQHandler
                0x0800051c                ADC_IRQHandler
                0x0800051c                DMA1_Stream7_IRQHandler
                0x0800051c                TIM5_IRQHandler
                0x0800051c                DMA2_Stream7_IRQHandler
                0x0800051c                I2C3_EV_IRQHandler
                0x0800051c                EXTI9_5_IRQHandler
                0x0800051c                RTC_WKUP_IRQHandler
                0x0800051c                SPI2_IRQHandler
                0x0800051c                MemManage_Handler
                0x0800051c                DMA1_Stream0_IRQHandler
                0x0800051c                SVC_Handler
                0x0800051c                EXTI4_IRQHandler
                0x0800051c                WWDG_IRQHandler
                0x0800051c                TIM2_IRQHandler
                0x0800051c                OTG_FS_WKUP_IRQHandler
                0x0800051c                TIM1_TRG_COM_TIM11_IRQHandler
                0x0800051c                EXTI1_IRQHandler
                0x0800051c                USART2_IRQHandler
                0x0800051c                I2C2_ER_IRQHandler
                0x0800051c                DMA2_Stream1_IRQHandler
                0x0800051c                FLASH_IRQHandler
                0x0800051c                DMA2_Stream4_IRQHandler
                0x0800051c                BusFault_Handler
                0x0800051c                USART1_IRQHandler
                0x0800051c                OTG_FS_IRQHandler
                0x0800051c                SPI3_IRQHandler
                0x0800051c                DMA1_Stream4_IRQHandler
                0x0800051c                I2C1_ER_IRQHandler
                0x0800051c                DMA2_Stream6_IRQHandler
                0x0800051c                DMA1_Stream3_IRQHandler
 *fill*         0x0800051e        0x2 
 .text.Set_GPIO_Clock
                0x08000520       0xd0 ..\obj\pinmap.o
                0x08000520                Set_GPIO_Clock
 .text.pin_function
                0x080005f0       0x5c ..\obj\pinmap.o
                0x080005f0                pin_function
 .text.pin_mode
                0x0800064c       0x48 ..\obj\pinmap.o
                0x0800064c                pin_mode
 .text.UART_SetConfig
                0x08000694      0x14c ..\obj\stm32f4xx_hal_uart.o
 .text.HAL_UART_MspInit
                0x080007e0        0x2 ..\obj\stm32f4xx_hal_uart.o
                0x080007e0                HAL_UART_MspInit
 .text.HAL_UART_Init
                0x080007e2       0x5c ..\obj\stm32f4xx_hal_uart.o
                0x080007e2                HAL_UART_Init
 .text.HAL_TIM_OC_MspInit
                0x0800083e        0x2 ..\obj\stm32f4xx_hal_tim.o
                0x0800083e                HAL_TIM_OC_MspInit
 .text.TIM_Base_SetConfig
                0x08000840       0x98 ..\obj\stm32f4xx_hal_tim.o
                0x08000840                TIM_Base_SetConfig
 .text.HAL_TIM_OC_Init
                0x080008d8       0x34 ..\obj\stm32f4xx_hal_tim.o
                0x080008d8                HAL_TIM_OC_Init
 .text.TIM_CCxChannelCmd
                0x0800090c       0x18 ..\obj\stm32f4xx_hal_tim.o
                0x0800090c                TIM_CCxChannelCmd
 .text.HAL_TIM_OC_Start
                0x08000924       0x30 ..\obj\stm32f4xx_hal_tim.o
                0x08000924                HAL_TIM_OC_Start
 .text.mbed_assert_internal
                0x08000954       0x1c ..\obj\assert.o
                0x08000954                mbed_assert_internal
 .text.gpio_set
                0x08000970       0x2c ..\obj\gpio_api.o
                0x08000970                gpio_set
 .text.gpio_init
                0x0800099c       0x2a ..\obj\gpio_api.o
                0x0800099c                gpio_init
 .text.gpio_mode
                0x080009c6        0x8 ..\obj\gpio_api.o
                0x080009c6                gpio_mode
 *fill*         0x080009ce        0x2 
 .text.gpio_dir
                0x080009d0       0x34 ..\obj\gpio_api.o
                0x080009d0                gpio_dir
 .text.startup.main
                0x08000a04       0x58 ..\obj\main.o
                0x08000a04                main
 .text.startup._GLOBAL__sub_I_myled
                0x08000a5c       0x20 ..\obj\main.o
 .text.mbed_die
                0x08000a7c       0x54 ..\obj\board.o
                0x08000a7c                mbed_die
 .text.pinmap_pinout
                0x08000ad0       0x3c ..\obj\pinmap_common.o
                0x08000ad0                pinmap_pinout
 .text.pinmap_merge
                0x08000b0c       0x24 ..\obj\pinmap_common.o
                0x08000b0c                pinmap_merge
 .text.pinmap_find_peripheral
                0x08000b30       0x18 ..\obj\pinmap_common.o
                0x08000b30                pinmap_find_peripheral
 .text.pinmap_peripheral
                0x08000b48       0x20 ..\obj\pinmap_common.o
                0x08000b48                pinmap_peripheral
 .text.gpio_write
                0x08000b68       0x2c ..\obj\gpio.o
 .text.gpio_init_out_ex
                0x08000b94       0x2e ..\obj\gpio.o
                0x08000b94                gpio_init_out_ex
 .text.gpio_init_out
                0x08000bc2        0x6 ..\obj\gpio.o
                0x08000bc2                gpio_init_out
 .text.wait_us  0x08000bc8       0x16 ..\obj\wait_api.o
                0x08000bc8                wait_us
 *fill*         0x08000bde        0x2 
 .text.wait     0x08000be0       0x1c ..\obj\wait_api.o
                0x08000be0                wait
 .text.wait_ms  0x08000bfc        0xa ..\obj\wait_api.o
                0x08000bfc                wait_ms
 *fill*         0x08000c06        0x2 
 .text.HAL_Init
                0x08000c08       0x34 ..\obj\stm32f4xx_hal.o
                0x08000c08                HAL_Init
 .text.HAL_IncTick
                0x08000c3c       0x10 ..\obj\stm32f4xx_hal.o
                0x08000c3c                HAL_IncTick
 .text.HAL_GetTick
                0x08000c4c        0xc ..\obj\stm32f4xx_hal.o
                0x08000c4c                HAL_GetTick
 .text.NVIC_SetVector
                0x08000c58       0x40 ..\obj\cmsis_nvic.o
                0x08000c58                NVIC_SetVector
 .text._ZL11init_serialv
                0x08000c98       0x1c ..\obj\retarget.o
 .text._close   0x08000cb4       0x2c ..\obj\retarget.o
                0x08000cb4                _close
 .text._write   0x08000ce0       0x50 ..\obj\retarget.o
                0x08000ce0                _write
 .text._read    0x08000d30       0x44 ..\obj\retarget.o
                0x08000d30                _read
 .text._isatty  0x08000d74       0x24 ..\obj\retarget.o
                0x08000d74                _isatty
 .text._lseek   0x08000d98       0x24 ..\obj\retarget.o
                0x08000d98                _lseek
 .text._fstat   0x08000dbc       0x1e ..\obj\retarget.o
                0x08000dbc                _fstat
 .text.mbed_main
                0x08000dda        0x2 ..\obj\retarget.o
                0x08000dda                mbed_main
 .text.__wrap_main
                0x08000ddc       0x12 ..\obj\retarget.o
                0x08000ddc                __wrap_main
 *fill*         0x08000dee        0x2 
 .text._sbrk    0x08000df0       0x28 ..\obj\retarget.o
                0x08000df0                _sbrk
 .text._exit    0x08000e18       0x24 ..\obj\retarget.o
                0x08000e18                _exit
 .text.error    0x08000e3c       0x20 ..\obj\error.o
                0x08000e3c                error
 .text.HAL_RCC_OscConfig
                0x08000e5c      0x304 ..\obj\stm32f4xx_hal_rcc.o
                0x08000e5c                HAL_RCC_OscConfig
 .text.HAL_RCC_ClockConfig
                0x08001160      0x20c ..\obj\stm32f4xx_hal_rcc.o
                0x08001160                HAL_RCC_ClockConfig
 .text.HAL_RCC_GetSysClockFreq
                0x0800136c       0x80 ..\obj\stm32f4xx_hal_rcc.o
                0x0800136c                HAL_RCC_GetSysClockFreq
 .text.HAL_RCC_GetHCLKFreq
                0x080013ec       0x34 ..\obj\stm32f4xx_hal_rcc.o
                0x080013ec                HAL_RCC_GetHCLKFreq
 .text.HAL_RCC_GetPCLK1Freq
                0x08001420       0x2c ..\obj\stm32f4xx_hal_rcc.o
                0x08001420                HAL_RCC_GetPCLK1Freq
 .text.HAL_RCC_GetPCLK2Freq
                0x0800144c       0x2c ..\obj\stm32f4xx_hal_rcc.o
                0x0800144c                HAL_RCC_GetPCLK2Freq
 .text.us_ticker_init
                0x08001478       0x24 ..\obj\us_ticker.o
                0x08001478                us_ticker_init
 .text.us_ticker_read
                0x0800149c       0x1c ..\obj\us_ticker.o
                0x0800149c                us_ticker_read
 .text.us_ticker_set_interrupt
                0x080014b8       0x14 ..\obj\us_ticker.o
                0x080014b8                us_ticker_set_interrupt
 .text.us_ticker_disable_interrupt
                0x080014cc       0x14 ..\obj\us_ticker.o
                0x080014cc                us_ticker_disable_interrupt
 .text.us_ticker_clear_interrupt
                0x080014e0       0x10 ..\obj\us_ticker.o
                0x080014e0                us_ticker_clear_interrupt
 .text.timer_irq_handler
                0x080014f0       0x50 ..\obj\hal_tick.o
                0x080014f0                timer_irq_handler
 .text.HAL_InitTick
                0x08001540       0xb0 ..\obj\hal_tick.o
                0x08001540                HAL_InitTick
 .text.HAL_NVIC_SetPriorityGrouping
                0x080015f0       0x24 ..\obj\stm32f4xx_hal_cortex.o
                0x080015f0                HAL_NVIC_SetPriorityGrouping
 .text.SystemCoreClockUpdate
                0x08001614       0x74 ..\obj\system_stm32f4xx.o
                0x08001614                SystemCoreClockUpdate
 .text.SetSysClock_PLL_HSE
                0x08001688       0x8c ..\obj\system_stm32f4xx.o
                0x08001688                SetSysClock_PLL_HSE
 .text.SetSysClock_PLL_HSI
                0x08001714       0x8c ..\obj\system_stm32f4xx.o
                0x08001714                SetSysClock_PLL_HSI
 .text.SetSysClock
                0x080017a0       0x1a ..\obj\system_stm32f4xx.o
                0x080017a0                SetSysClock
 *fill*         0x080017ba        0x2 
 .text.SystemInit
                0x080017bc       0x74 ..\obj\system_stm32f4xx.o
                0x080017bc                SystemInit
 .text.HAL_GPIO_Init
                0x08001830      0x164 ..\obj\stm32f4xx_hal_gpio.o
                0x08001830                HAL_GPIO_Init
 .text.HAL_MspInit
                0x08001994        0x2 ..\obj\stm32f4xx_hal_msp_template.o
                0x08001994                HAL_MspInit
 *fill*         0x08001996        0x2 
 .text.__errno  0x08001998        0xc c:/program files (x86)/gnu tools arm embedded/4.9 2015q3/bin/../lib/gcc/arm-none-eabi/4.9.3/../../../../arm-none-eabi/lib/armv7e-m/softfp\libc_nano.a(lib_a-errno.o)
                0x08001998                __errno
 .text.exit     0x080019a4       0x28 c:/program files (x86)/gnu tools arm embedded/4.9 2015q3/bin/../lib/gcc/arm-none-eabi/4.9.3/../../../../arm-none-eabi/lib/armv7e-m/softfp\libc_nano.a(lib_a-exit.o)
                0x080019a4                exit
 .text.__sflush_r
                0x080019cc      0x108 c:/program files (x86)/gnu tools arm embedded/4.9 2015q3/bin/../lib/gcc/arm-none-eabi/4.9.3/../../../../arm-none-eabi/lib/armv7e-m/softfp\libc_nano.a(lib_a-fflush.o)
                0x080019cc                __sflush_r
 .text._fflush_r
                0x08001ad4       0x54 c:/program files (x86)/gnu tools arm embedded/4.9 2015q3/bin/../lib/gcc/arm-none-eabi/4.9.3/../../../../arm-none-eabi/lib/armv7e-m/softfp\libc_nano.a(lib_a-fflush.o)
                0x08001ad4                _fflush_r
 .text.fflush   0x08001b28       0x24 c:/program files (x86)/gnu tools arm embedded/4.9 2015q3/bin/../lib/gcc/arm-none-eabi/4.9.3/../../../../arm-none-eabi/lib/armv7e-m/softfp\libc_nano.a(lib_a-fflush.o)
                0x08001b28                fflush
 .text._cleanup_r
                0x08001b4c        0xc c:/program files (x86)/gnu tools arm embedded/4.9 2015q3/bin/../lib/gcc/arm-none-eabi/4.9.3/../../../../arm-none-eabi/lib/armv7e-m/softfp\libc_nano.a(lib_a-findfp.o)
                0x08001b4c                _cleanup_r
 .text.std.isra.0
                0x08001b58       0x48 c:/program files (x86)/gnu tools arm embedded/4.9 2015q3/bin/../lib/gcc/arm-none-eabi/4.9.3/../../../../arm-none-eabi/lib/armv7e-m/softfp\libc_nano.a(lib_a-findfp.o)
 .text.__sfmoreglue
                0x08001ba0       0x2c c:/program files (x86)/gnu tools arm embedded/4.9 2015q3/bin/../lib/gcc/arm-none-eabi/4.9.3/../../../../arm-none-eabi/lib/armv7e-m/softfp\libc_nano.a(lib_a-findfp.o)
                0x08001ba0                __sfmoreglue
 .text.__sinit  0x08001bcc       0x60 c:/program files (x86)/gnu tools arm embedded/4.9 2015q3/bin/../lib/gcc/arm-none-eabi/4.9.3/../../../../arm-none-eabi/lib/armv7e-m/softfp\libc_nano.a(lib_a-findfp.o)
                0x08001bcc                __sinit
 .text.__sfp    0x08001c2c       0x74 c:/program files (x86)/gnu tools arm embedded/4.9 2015q3/bin/../lib/gcc/arm-none-eabi/4.9.3/../../../../arm-none-eabi/lib/armv7e-m/softfp\libc_nano.a(lib_a-findfp.o)
                0x08001c2c                __sfp
 .text._fwalk_reent
                0x08001ca0       0x3c c:/program files (x86)/gnu tools arm embedded/4.9 2015q3/bin/../lib/gcc/arm-none-eabi/4.9.3/../../../../arm-none-eabi/lib/armv7e-m/softfp\libc_nano.a(lib_a-fwalk.o)
                0x08001ca0                _fwalk_reent
 .text.__libc_init_array
                0x08001cdc       0x4c c:/program files (x86)/gnu tools arm embedded/4.9 2015q3/bin/../lib/gcc/arm-none-eabi/4.9.3/../../../../arm-none-eabi/lib/armv7e-m/softfp\libc_nano.a(lib_a-init.o)
                0x08001cdc                __libc_init_array
 .text.__smakebuf_r
                0x08001d28       0x9c c:/program files (x86)/gnu tools arm embedded/4.9 2015q3/bin/../lib/gcc/arm-none-eabi/4.9.3/../../../../arm-none-eabi/lib/armv7e-m/softfp\libc_nano.a(lib_a-makebuf.o)
                0x08001d28                __smakebuf_r
 .text.memchr   0x08001dc4       0x1e c:/program files (x86)/gnu tools arm embedded/4.9 2015q3/bin/../lib/gcc/arm-none-eabi/4.9.3/../../../../arm-none-eabi/lib/armv7e-m/softfp\libc_nano.a(lib_a-memchr.o)
                0x08001dc4                memchr
 .text.memset   0x08001de2       0x10 c:/program files (x86)/gnu tools arm embedded/4.9 2015q3/bin/../lib/gcc/arm-none-eabi/4.9.3/../../../../arm-none-eabi/lib/armv7e-m/softfp\libc_nano.a(lib_a-memset.o)
                0x08001de2                memset
 *fill*         0x08001df2        0x2 
 .text._free_r  0x08001df4       0x88 c:/program files (x86)/gnu tools arm embedded/4.9 2015q3/bin/../lib/gcc/arm-none-eabi/4.9.3/../../../../arm-none-eabi/lib/armv7e-m/softfp\libc_nano.a(lib_a-nano-freer.o)
                0x08001df4                _free_r
 .text._malloc_r
                0x08001e7c       0xac c:/program files (x86)/gnu tools arm embedded/4.9 2015q3/bin/../lib/gcc/arm-none-eabi/4.9.3/../../../../arm-none-eabi/lib/armv7e-m/softfp\libc_nano.a(lib_a-nano-mallocr.o)
                0x08001e7c                _malloc_r
 .text.__sfputc_r
                0x08001f28       0x2c c:/program files (x86)/gnu tools arm embedded/4.9 2015q3/bin/../lib/gcc/arm-none-eabi/4.9.3/../../../../arm-none-eabi/lib/armv7e-m/softfp\libc_nano.a(lib_a-nano-vfprintf.o)
 .text.__sfputs_r
                0x08001f54       0x24 c:/program files (x86)/gnu tools arm embedded/4.9 2015q3/bin/../lib/gcc/arm-none-eabi/4.9.3/../../../../arm-none-eabi/lib/armv7e-m/softfp\libc_nano.a(lib_a-nano-vfprintf.o)
                0x08001f54                __sfputs_r
 .text._vfprintf_r
                0x08001f78      0x210 c:/program files (x86)/gnu tools arm embedded/4.9 2015q3/bin/../lib/gcc/arm-none-eabi/4.9.3/../../../../arm-none-eabi/lib/armv7e-m/softfp\libc_nano.a(lib_a-nano-vfprintf.o)
                0x08001f78                _vfprintf_r
                0x08001f78                _vfiprintf_r
 .text.vfprintf
                0x08002188       0x1c c:/program files (x86)/gnu tools arm embedded/4.9 2015q3/bin/../lib/gcc/arm-none-eabi/4.9.3/../../../../arm-none-eabi/lib/armv7e-m/softfp\libc_nano.a(lib_a-nano-vfprintf.o)
                0x08002188                vfprintf
                0x08002188                vfiprintf
 .text._printf_common
                0x080021a4       0xea c:/program files (x86)/gnu tools arm embedded/4.9 2015q3/bin/../lib/gcc/arm-none-eabi/4.9.3/../../../../arm-none-eabi/lib/armv7e-m/softfp\libc_nano.a(lib_a-nano-vfprintf_i.o)
                0x080021a4                _printf_common
 *fill*         0x0800228e        0x2 
 .text._printf_i
                0x08002290      0x240 c:/program files (x86)/gnu tools arm embedded/4.9 2015q3/bin/../lib/gcc/arm-none-eabi/4.9.3/../../../../arm-none-eabi/lib/armv7e-m/softfp\libc_nano.a(lib_a-nano-vfprintf_i.o)
                0x08002290                _printf_i
 .text._sbrk_r  0x080024d0       0x20 c:/program files (x86)/gnu tools arm embedded/4.9 2015q3/bin/../lib/gcc/arm-none-eabi/4.9.3/../../../../arm-none-eabi/lib/armv7e-m/softfp\libc_nano.a(lib_a-sbrkr.o)
                0x080024d0                _sbrk_r
 .text.__sread  0x080024f0       0x22 c:/program files (x86)/gnu tools arm embedded/4.9 2015q3/bin/../lib/gcc/arm-none-eabi/4.9.3/../../../../arm-none-eabi/lib/armv7e-m/softfp\libc_nano.a(lib_a-stdio.o)
                0x080024f0                __sread
 .text.__swrite
                0x08002512       0x38 c:/program files (x86)/gnu tools arm embedded/4.9 2015q3/bin/../lib/gcc/arm-none-eabi/4.9.3/../../../../arm-none-eabi/lib/armv7e-m/softfp\libc_nano.a(lib_a-stdio.o)
                0x08002512                __swrite
 .text.__sseek  0x0800254a       0x24 c:/program files (x86)/gnu tools arm embedded/4.9 2015q3/bin/../lib/gcc/arm-none-eabi/4.9.3/../../../../arm-none-eabi/lib/armv7e-m/softfp\libc_nano.a(lib_a-stdio.o)
                0x0800254a                __sseek
 .text.__sclose
                0x0800256e        0x8 c:/program files (x86)/gnu tools arm embedded/4.9 2015q3/bin/../lib/gcc/arm-none-eabi/4.9.3/../../../../arm-none-eabi/lib/armv7e-m/softfp\libc_nano.a(lib_a-stdio.o)
                0x0800256e                __sclose
 *fill*         0x08002576        0x2 
 .text.__swbuf_r
                0x08002578       0xa8 c:/program files (x86)/gnu tools arm embedded/4.9 2015q3/bin/../lib/gcc/arm-none-eabi/4.9.3/../../../../arm-none-eabi/lib/armv7e-m/softfp\libc_nano.a(lib_a-wbuf.o)
                0x08002578                __swbuf_r
 .text._write_r
                0x08002620       0x24 c:/program files (x86)/gnu tools arm embedded/4.9 2015q3/bin/../lib/gcc/arm-none-eabi/4.9.3/../../../../arm-none-eabi/lib/armv7e-m/softfp\libc_nano.a(lib_a-writer.o)
                0x08002620                _write_r
 .text.__swsetup_r
                0x08002644       0xd8 c:/program files (x86)/gnu tools arm embedded/4.9 2015q3/bin/../lib/gcc/arm-none-eabi/4.9.3/../../../../arm-none-eabi/lib/armv7e-m/softfp\libc_nano.a(lib_a-wsetup.o)
                0x08002644                __swsetup_r
 .text._close_r
                0x0800271c       0x20 c:/program files (x86)/gnu tools arm embedded/4.9 2015q3/bin/../lib/gcc/arm-none-eabi/4.9.3/../../../../arm-none-eabi/lib/armv7e-m/softfp\libc_nano.a(lib_a-closer.o)
                0x0800271c                _close_r
 .text._fstat_r
                0x0800273c       0x24 c:/program files (x86)/gnu tools arm embedded/4.9 2015q3/bin/../lib/gcc/arm-none-eabi/4.9.3/../../../../arm-none-eabi/lib/armv7e-m/softfp\libc_nano.a(lib_a-fstatr.o)
                0x0800273c                _fstat_r
 .text._isatty_r
                0x08002760       0x20 c:/program files (x86)/gnu tools arm embedded/4.9 2015q3/bin/../lib/gcc/arm-none-eabi/4.9.3/../../../../arm-none-eabi/lib/armv7e-m/softfp\libc_nano.a(lib_a-isattyr.o)
                0x08002760                _isatty_r
 .text._lseek_r
                0x08002780       0x24 c:/program files (x86)/gnu tools arm embedded/4.9 2015q3/bin/../lib/gcc/arm-none-eabi/4.9.3/../../../../arm-none-eabi/lib/armv7e-m/softfp\libc_nano.a(lib_a-lseekr.o)
                0x08002780                _lseek_r
 .text._read_r  0x080027a4       0x24 c:/program files (x86)/gnu tools arm embedded/4.9 2015q3/bin/../lib/gcc/arm-none-eabi/4.9.3/../../../../arm-none-eabi/lib/armv7e-m/softfp\libc_nano.a(lib_a-readr.o)
                0x080027a4                _read_r
 *(.init)
 .init          0x080027c8        0x4 c:/program files (x86)/gnu tools arm embedded/4.9 2015q3/bin/../lib/gcc/arm-none-eabi/4.9.3/armv7e-m/softfp/crti.o
                0x080027c8                _init
 .init          0x080027cc        0x8 c:/program files (x86)/gnu tools arm embedded/4.9 2015q3/bin/../lib/gcc/arm-none-eabi/4.9.3/armv7e-m/softfp/crtn.o
 *(.fini)
 .fini          0x080027d4        0x4 c:/program files (x86)/gnu tools arm embedded/4.9 2015q3/bin/../lib/gcc/arm-none-eabi/4.9.3/armv7e-m/softfp/crti.o
                0x080027d4                _fini
 .fini          0x080027d8        0x8 c:/program files (x86)/gnu tools arm embedded/4.9 2015q3/bin/../lib/gcc/arm-none-eabi/4.9.3/armv7e-m/softfp/crtn.o
 *crtbegin.o(.ctors)
 *crtbegin?.o(.ctors)
 *(EXCLUDE_FILE(*crtend.o *crtend?.o) .ctors)
 *(SORT(.ctors.*))
 *(.ctors)
 *crtbegin.o(.dtors)
 *crtbegin?.o(.dtors)
 *(EXCLUDE_FILE(*crtend.o *crtend?.o) .dtors)
 *(SORT(.dtors.*))
 *(.dtors)
 *(.rodata*)
 .rodata.PinMap_UART_RX
                0x080027e0       0x48 ..\obj\PeripheralPins.o
                0x080027e0                PinMap_UART_RX
 .rodata.PinMap_UART_TX
                0x08002828       0x48 ..\obj\PeripheralPins.o
                0x08002828                PinMap_UART_TX
 .rodata.str1.1
                0x08002870       0xe6 ..\obj\serial_api.o
 *fill*         0x08002956        0x2 
 .rodata.us_interface
                0x08002958       0x14 ..\obj\us_ticker_api.o
 .rodata.us_data
                0x0800296c        0x8 ..\obj\us_ticker_api.o
 .rodata.str1.1
                0x08002974       0xa0 ..\obj\pinmap.o
                                 0xb3 (size before relaxing)
 .rodata.gpio_mode
                0x08002a14       0x34 ..\obj\pinmap.o
 .rodata.str1.1
                0x08002a48       0x31 ..\obj\assert.o
 .rodata.str1.1
                0x08002a79       0x99 ..\obj\gpio_api.o
                                 0xac (size before relaxing)
 .rodata.str1.1
                0x08002b12       0x84 ..\obj\main.o
                                 0x9c (size before relaxing)
 .rodata.str1.1
                0x00000000       0x9c ..\obj\board.o
 .rodata.str1.1
                0x08002b96       0x60 ..\obj\pinmap_common.o
 .rodata.str1.1
                0x00000000       0x9c ..\obj\gpio.o
 .rodata.APBAHBPrescTable
                0x08002bf6       0x10 ..\obj\stm32f4xx_hal_rcc.o
                0x08002bf6                APBAHBPrescTable
 .rodata.AHBPrescTable
                0x08002c06       0x10 ..\obj\system_stm32f4xx.o
                0x08002c06                AHBPrescTable
 *fill*         0x08002c16        0x2 
 .rodata.__sf_fake_stdin
                0x08002c18       0x20 c:/program files (x86)/gnu tools arm embedded/4.9 2015q3/bin/../lib/gcc/arm-none-eabi/4.9.3/../../../../arm-none-eabi/lib/armv7e-m/softfp\libc_nano.a(lib_a-findfp.o)
                0x08002c18                __sf_fake_stdin
 .rodata.__sf_fake_stdout
                0x08002c38       0x20 c:/program files (x86)/gnu tools arm embedded/4.9 2015q3/bin/../lib/gcc/arm-none-eabi/4.9.3/../../../../arm-none-eabi/lib/armv7e-m/softfp\libc_nano.a(lib_a-findfp.o)
                0x08002c38                __sf_fake_stdout
 .rodata.__sf_fake_stderr
                0x08002c58       0x20 c:/program files (x86)/gnu tools arm embedded/4.9 2015q3/bin/../lib/gcc/arm-none-eabi/4.9.3/../../../../arm-none-eabi/lib/armv7e-m/softfp\libc_nano.a(lib_a-findfp.o)
                0x08002c58                __sf_fake_stderr
 .rodata.str1.1
                0x00000000       0x60 c:/program files (x86)/gnu tools arm embedded/4.9 2015q3/bin/../lib/gcc/arm-none-eabi/4.9.3/../../../../arm-none-eabi/lib/armv7e-m/softfp\libc_nano.a(lib_a-impure.o)
                                  0x2 (size before relaxing)
 .rodata._global_impure_ptr
                0x08002c78        0x4 c:/program files (x86)/gnu tools arm embedded/4.9 2015q3/bin/../lib/gcc/arm-none-eabi/4.9.3/../../../../arm-none-eabi/lib/armv7e-m/softfp\libc_nano.a(lib_a-impure.o)
                0x08002c78                _global_impure_ptr
 .rodata.str1.1
                0x08002c7c       0x11 c:/program files (x86)/gnu tools arm embedded/4.9 2015q3/bin/../lib/gcc/arm-none-eabi/4.9.3/../../../../arm-none-eabi/lib/armv7e-m/softfp\libc_nano.a(lib_a-nano-vfprintf.o)
 .rodata.str1.1
                0x08002c8d       0x22 c:/program files (x86)/gnu tools arm embedded/4.9 2015q3/bin/../lib/gcc/arm-none-eabi/4.9.3/../../../../arm-none-eabi/lib/armv7e-m/softfp\libc_nano.a(lib_a-nano-vfprintf_i.o)
 *(.eh_frame*)
 *fill*         0x08002caf        0x1 
 .eh_frame      0x08002cb0        0x0 c:/program files (x86)/gnu tools arm embedded/4.9 2015q3/bin/../lib/gcc/arm-none-eabi/4.9.3/armv7e-m/softfp/crtbegin.o
 .eh_frame      0x08002cb0        0x0 c:/program files (x86)/gnu tools arm embedded/4.9 2015q3/bin/../lib/gcc/arm-none-eabi/4.9.3/../../../../arm-none-eabi/lib/armv7e-m/softfp\libc_nano.a(lib_a-strcmp.o)
                                 0x28 (size before relaxing)
 .eh_frame      0x08002cb0        0x4 c:/program files (x86)/gnu tools arm embedded/4.9 2015q3/bin/../lib/gcc/arm-none-eabi/4.9.3/armv7e-m/softfp/crtend.o

.glue_7         0x08002cb4        0x0
 .glue_7        0x00000000        0x0 linker stubs

.glue_7t        0x08002cb4        0x0
 .glue_7t       0x00000000        0x0 linker stubs

.vfp11_veneer   0x08002cb4        0x0
 .vfp11_veneer  0x00000000        0x0 linker stubs

.v4_bx          0x08002cb4        0x0
 .v4_bx         0x00000000        0x0 linker stubs

.iplt           0x08002cb4        0x0
 .iplt          0x00000000        0x0 c:/program files (x86)/gnu tools arm embedded/4.9 2015q3/bin/../lib/gcc/arm-none-eabi/4.9.3/armv7e-m/softfp/crtbegin.o

.ARM.extab
 *(.ARM.extab* .gnu.linkonce.armextab.*)
                0x08002cb4                __exidx_start = .

.ARM.exidx      0x08002cb4        0x8
 *(.ARM.exidx* .gnu.linkonce.armexidx.*)
 .ARM.exidx     0x08002cb4        0x8 c:/program files (x86)/gnu tools arm embedded/4.9 2015q3/bin/../lib/gcc/arm-none-eabi/4.9.3/../../../../arm-none-eabi/lib/armv7e-m/softfp/crt0.o
                0x08002cbc                __exidx_end = .
                0x08002cbc                __etext = .
                0x08002cbc                _sidata = .

.rel.dyn        0x08002cbc        0x0
 .rel.iplt      0x00000000        0x0 c:/program files (x86)/gnu tools arm embedded/4.9 2015q3/bin/../lib/gcc/arm-none-eabi/4.9.3/armv7e-m/softfp/crtbegin.o

.data           0x20000194       0x7c load address 0x08002cbc
                0x20000194                __data_start__ = .
                0x20000194                _sdata = .
 *(vtable)
 *(.data*)
 .data._ZZ5_sbrkE4heap
                0x20000194        0x4 ..\obj\retarget.o
 .data.SystemCoreClock
                0x20000198        0x4 ..\obj\system_stm32f4xx.o
                0x20000198                SystemCoreClock
 .data.impure_data
                0x2000019c       0x60 c:/program files (x86)/gnu tools arm embedded/4.9 2015q3/bin/../lib/gcc/arm-none-eabi/4.9.3/../../../../arm-none-eabi/lib/armv7e-m/softfp\libc_nano.a(lib_a-impure.o)
 .data._impure_ptr
                0x200001fc        0x4 c:/program files (x86)/gnu tools arm embedded/4.9 2015q3/bin/../lib/gcc/arm-none-eabi/4.9.3/../../../../arm-none-eabi/lib/armv7e-m/softfp\libc_nano.a(lib_a-impure.o)
                0x200001fc                _impure_ptr
                0x20000200                . = ALIGN (0x4)
                0x20000200                PROVIDE (__preinit_array_start, .)
 *(.preinit_array)
                0x20000200                PROVIDE (__preinit_array_end, .)
                0x20000200                . = ALIGN (0x4)
                0x20000200                PROVIDE (__init_array_start, .)
 *(SORT(.init_array.*))
 *(.init_array)
 .init_array    0x20000200        0x4 c:/program files (x86)/gnu tools arm embedded/4.9 2015q3/bin/../lib/gcc/arm-none-eabi/4.9.3/armv7e-m/softfp/crtbegin.o
 .init_array    0x20000204        0x4 ..\obj\main.o
                0x20000208                PROVIDE (__init_array_end, .)
                0x20000208                . = ALIGN (0x4)
                0x20000208                PROVIDE (__fini_array_start, .)
 *(SORT(.fini_array.*))
 *(.fini_array)
 .fini_array    0x20000208        0x4 c:/program files (x86)/gnu tools arm embedded/4.9 2015q3/bin/../lib/gcc/arm-none-eabi/4.9.3/armv7e-m/softfp/crtbegin.o
                0x2000020c                PROVIDE (__fini_array_end, .)
 *(.jcr*)
 .jcr           0x2000020c        0x0 c:/program files (x86)/gnu tools arm embedded/4.9 2015q3/bin/../lib/gcc/arm-none-eabi/4.9.3/armv7e-m/softfp/crtbegin.o
 .jcr           0x2000020c        0x4 c:/program files (x86)/gnu tools arm embedded/4.9 2015q3/bin/../lib/gcc/arm-none-eabi/4.9.3/armv7e-m/softfp/crtend.o
                0x20000210                . = ALIGN (0x4)
                0x20000210                __data_end__ = .
                0x20000210                _edata = .

.igot.plt       0x20000210        0x0 load address 0x08002d38
 .igot.plt      0x00000000        0x0 c:/program files (x86)/gnu tools arm embedded/4.9 2015q3/bin/../lib/gcc/arm-none-eabi/4.9.3/armv7e-m/softfp/crtbegin.o

.bss            0x20000210      0x3ec load address 0x08002d38
                0x20000210                . = ALIGN (0x4)
                0x20000210                __bss_start__ = .
                0x20000210                _sbss = .
 *(.bss*)
 .bss           0x20000210       0x1c c:/program files (x86)/gnu tools arm embedded/4.9 2015q3/bin/../lib/gcc/arm-none-eabi/4.9.3/armv7e-m/softfp/crtbegin.o
 .bss.stdio_uart_inited
                0x2000022c        0x4 ..\obj\serial_api.o
                0x2000022c                stdio_uart_inited
 .bss.UartHandle
                0x20000230      0x200 ..\obj\serial_api.o
 .bss.stdio_uart
                0x20000430       0x24 ..\obj\serial_api.o
                0x20000430                stdio_uart
 .bss.events    0x20000454        0x8 ..\obj\us_ticker_api.o
 .bss.myled     0x2000045c       0x10 ..\obj\main.o
                0x2000045c                myled
 .bss.uwTick    0x2000046c        0x4 ..\obj\stm32f4xx_hal.o
 .bss._ZL11filehandles
                0x20000470      0x100 ..\obj\retarget.o
 .bss.TimMasterHandle
                0x20000570       0x3c ..\obj\us_ticker.o
 .bss.us_ticker_inited
                0x200005ac        0x4 ..\obj\us_ticker.o
 .bss.PreviousVal
                0x200005b0        0x4 ..\obj\hal_tick.o
                0x200005b0                PreviousVal
 .bss.TimMasterHandle
                0x200005b4       0x3c ..\obj\hal_tick.o
                0x200005b4                TimMasterHandle
 .bss.__malloc_sbrk_start
                0x200005f0        0x4 c:/program files (x86)/gnu tools arm embedded/4.9 2015q3/bin/../lib/gcc/arm-none-eabi/4.9.3/../../../../arm-none-eabi/lib/armv7e-m/softfp\libc_nano.a(lib_a-nano-mallocr.o)
                0x200005f0                __malloc_sbrk_start
 .bss.__malloc_free_list
                0x200005f4        0x4 c:/program files (x86)/gnu tools arm embedded/4.9 2015q3/bin/../lib/gcc/arm-none-eabi/4.9.3/../../../../arm-none-eabi/lib/armv7e-m/softfp\libc_nano.a(lib_a-nano-mallocr.o)
                0x200005f4                __malloc_free_list
 *(COMMON)
 COMMON         0x200005f8        0x4 c:/program files (x86)/gnu tools arm embedded/4.9 2015q3/bin/../lib/gcc/arm-none-eabi/4.9.3/../../../../arm-none-eabi/lib/armv7e-m/softfp\libc_nano.a(lib_a-reent.o)
                0x200005f8                errno
                0x200005fc                . = ALIGN (0x4)
                0x200005fc                __bss_end__ = .
                0x200005fc                _ebss = .

.heap           0x200005fc        0x0
                0x200005fc                __end__ = .
                0x200005fc                end = __end__
 *(.heap*)
                0x200005fc                __HeapLimit = .

.stack_dummy    0x200005fc        0x0
 *(.stack*)
                0x20018000                __StackTop = (ORIGIN (RAM) + 0x17e6c)
                0x20018000                _estack = __StackTop
                0x20018000                __StackLimit = (__StackTop - SIZEOF (.stack_dummy))
                0x20018000                PROVIDE (__stack, __StackTop)
                0x00000001                ASSERT ((__StackLimit >= __HeapLimit), region RAM overflowed with stack)
LOAD ..\obj\SerialBase.o
LOAD ..\obj\stm32f4xx_hal_spi.o
LOAD ..\obj\stm32f4xx_hal_flash_ramfunc.o
LOAD ..\obj\mbed_overrides.o
LOAD ..\obj\ticker_api.o
LOAD ..\obj\stm32f4xx_hal_i2c.o
LOAD ..\obj\stm32f4xx_hal_rng.o
LOAD ..\obj\stm32f4xx_hal_ltdc.o
LOAD ..\obj\PeripheralPins.o
LOAD ..\obj\stm32f4xx_hal_iwdg.o
LOAD ..\obj\serial_api.o
LOAD ..\obj\stm32f4xx_hal_eth.o
LOAD ..\obj\stm32f4xx_ll_fsmc.o
LOAD ..\obj\analogin_api.o
LOAD ..\obj\us_ticker_api.o
LOAD ..\obj\stm32f4xx_hal_rtc.o
LOAD ..\obj\startup_stm32f401xe.o
LOAD ..\obj\SPISlave.o
LOAD ..\obj\pinmap.o
LOAD ..\obj\InterruptIn.o
LOAD ..\obj\mbed_interface.o
LOAD ..\obj\TimerEvent.o
LOAD ..\obj\pwmout_api.o
LOAD ..\obj\CAN.o
LOAD ..\obj\stm32f4xx_hal_uart.o
LOAD ..\obj\stm32f4xx_hal_tim.o
LOAD ..\obj\stm32f4xx_hal_fmpi2c.o
LOAD ..\obj\stm32f4xx_hal_lptim.o
LOAD ..\obj\stm32f4xx_hal_hash_ex.o
LOAD ..\obj\stm32f4xx_hal_dma2d.o
LOAD ..\obj\Ticker.o
LOAD ..\obj\gpio_irq_api.o
LOAD ..\obj\stm32f4xx_ll_usb.o
LOAD ..\obj\stm32f4xx_hal_smartcard.o
LOAD ..\obj\stm32f4xx_hal_usart.o
LOAD ..\obj\FileLike.o
LOAD ..\obj\stm32f4xx_hal_fmpi2c_ex.o
LOAD ..\obj\assert.o
LOAD ..\obj\gpio_api.o
LOAD ..\obj\main.o
LOAD ..\obj\stm32f4xx_hal_i2s_ex.o
LOAD ..\obj\board.o
LOAD ..\obj\pinmap_common.o
LOAD ..\obj\stm32f4xx_hal_flash.o
LOAD ..\obj\stm32f4xx_hal_pwr.o
LOAD ..\obj\Ethernet.o
LOAD ..\obj\stm32f4xx_hal_can.o
LOAD ..\obj\analogout_api.o
LOAD ..\obj\sleep.o
LOAD ..\obj\stm32f4xx_hal_spdifrx.o
LOAD ..\obj\stm32f4xx_hal_dsi.o
LOAD ..\obj\stm32f4xx_hal_irda.o
LOAD ..\obj\stm32f4xx_hal_adc_ex.o
LOAD ..\obj\port_api.o
LOAD ..\obj\stm32f4xx_hal_dac.o
LOAD ..\obj\gpio.o
LOAD ..\obj\stm32f4xx_hal_sd.o
LOAD ..\obj\FileSystemLike.o
LOAD ..\obj\wait_api.o
LOAD ..\obj\stm32f4xx_hal_rtc_ex.o
LOAD ..\obj\I2C.o
LOAD ..\obj\Timer.o
LOAD ..\obj\stm32f4xx_hal.o
LOAD ..\obj\rtc_api.o
LOAD ..\obj\Stream.o
LOAD ..\obj\stm32f4xx_hal_dma_ex.o
LOAD ..\obj\stm32f4xx_hal_rcc_ex.o
LOAD ..\obj\RawSerial.o
LOAD ..\obj\stm32f4xx_hal_crc.o
LOAD ..\obj\cmsis_nvic.o
LOAD ..\obj\retarget.o
LOAD ..\obj\stm32f4xx_hal_ltdc_ex.o
LOAD ..\obj\stm32f4xx_hal_qspi.o
LOAD ..\obj\stm32f4xx_hal_sdram.o
LOAD ..\obj\error.o
LOAD ..\obj\stm32f4xx_hal_dcmi.o
LOAD ..\obj\semihost_api.o
LOAD ..\obj\stm32f4xx_hal_rcc.o
LOAD ..\obj\FileBase.o
LOAD ..\obj\us_ticker.o
LOAD ..\obj\BusIn.o
LOAD ..\obj\stm32f4xx_hal_flash_ex.o
LOAD ..\obj\hal_tick.o
LOAD ..\obj\i2c_api.o
LOAD ..\obj\stm32f4xx_hal_cortex.o
LOAD ..\obj\stm32f4xx_hal_sai_ex.o
LOAD ..\obj\system_stm32f4xx.o
LOAD ..\obj\lp_ticker_api.o
LOAD ..\obj\stm32f4xx_hal_adc.o
LOAD ..\obj\stm32f4xx_hal_i2s.o
LOAD ..\obj\stm32f4xx_hal_pcd.o
LOAD ..\obj\stm32f4xx_hal_cryp.o
LOAD ..\obj\Serial.o
LOAD ..\obj\Timeout.o
LOAD ..\obj\can_api.o
LOAD ..\obj\stm32f4xx_hal_pcd_ex.o
LOAD ..\obj\stm32f4xx_hal_gpio.o
LOAD ..\obj\CallChain.o
LOAD ..\obj\stm32f4xx_hal_i2c_ex.o
LOAD ..\obj\stm32f4xx_hal_nor.o
LOAD ..\obj\stm32f4xx_hal_nand.o
LOAD ..\obj\SPI.o
LOAD ..\obj\stm32f4xx_hal_sram.o
LOAD ..\obj\stm32f4xx_hal_pccard.o
LOAD ..\obj\rtc_time.o
LOAD ..\obj\stm32f4xx_hal_dac_ex.o
LOAD ..\obj\FilePath.o
LOAD ..\obj\stm32f4xx_hal_cec.o
LOAD ..\obj\I2CSlave.o
LOAD ..\obj\stm32f4xx_hal_hcd.o
LOAD ..\obj\stm32f4xx_hal_pwr_ex.o
LOAD ..\obj\stm32f4xx_hal_tim_ex.o
LOAD ..\obj\stm32f4xx_ll_fmc.o
LOAD ..\obj\stm32f4xx_ll_sdmmc.o
LOAD ..\obj\stm32f4xx_hal_cryp_ex.o
LOAD ..\obj\BusOut.o
LOAD ..\obj\stm32f4xx_hal_hash.o
LOAD ..\obj\stm32f4xx_hal_sai.o
LOAD ..\obj\BusInOut.o
LOAD ..\obj\stm32f4xx_hal_msp_template.o
LOAD ..\obj\stm32f4xx_hal_dma.o
LOAD ..\obj\LocalFileSystem.o
LOAD ..\obj\stm32f4xx_hal_dcmi_ex.o
LOAD ..\obj\spi_api.o
LOAD ..\obj\InterruptManager.o
LOAD ..\obj\stm32f4xx_hal_wwdg.o
LOAD c:/program files (x86)/gnu tools arm embedded/4.9 2015q3/bin/../lib/gcc/arm-none-eabi/4.9.3/../../../../arm-none-eabi/lib/armv7e-m/softfp\libstdc++_nano.a
LOAD c:/program files (x86)/gnu tools arm embedded/4.9 2015q3/bin/../lib/gcc/arm-none-eabi/4.9.3/../../../../arm-none-eabi/lib/armv7e-m/softfp\libsupc++_nano.a
LOAD c:/program files (x86)/gnu tools arm embedded/4.9 2015q3/bin/../lib/gcc/arm-none-eabi/4.9.3/../../../../arm-none-eabi/lib/armv7e-m/softfp\libm.a
LOAD c:/program files (x86)/gnu tools arm embedded/4.9 2015q3/bin/../lib/gcc/arm-none-eabi/4.9.3/armv7e-m/softfp\libgcc.a
LOAD c:/program files (x86)/gnu tools arm embedded/4.9 2015q3/bin/../lib/gcc/arm-none-eabi/4.9.3/../../../../arm-none-eabi/lib/armv7e-m/softfp\libc_nano.a
LOAD c:/program files (x86)/gnu tools arm embedded/4.9 2015q3/bin/../lib/gcc/arm-none-eabi/4.9.3/../../../../arm-none-eabi/lib/armv7e-m/softfp\libnosys.a
START GROUP
LOAD c:/program files (x86)/gnu tools arm embedded/4.9 2015q3/bin/../lib/gcc/arm-none-eabi/4.9.3/armv7e-m/softfp\libgcc.a
LOAD c:/program files (x86)/gnu tools arm embedded/4.9 2015q3/bin/../lib/gcc/arm-none-eabi/4.9.3/../../../../arm-none-eabi/lib/armv7e-m/softfp\libg_nano.a
LOAD c:/program files (x86)/gnu tools arm embedded/4.9 2015q3/bin/../lib/gcc/arm-none-eabi/4.9.3/../../../../arm-none-eabi/lib/armv7e-m/softfp\libc_nano.a
END GROUP
START GROUP
LOAD c:/program files (x86)/gnu tools arm embedded/4.9 2015q3/bin/../lib/gcc/arm-none-eabi/4.9.3/armv7e-m/softfp\libgcc.a
LOAD c:/program files (x86)/gnu tools arm embedded/4.9 2015q3/bin/../lib/gcc/arm-none-eabi/4.9.3/../../../../arm-none-eabi/lib/armv7e-m/softfp\libc_nano.a
END GROUP
LOAD c:/program files (x86)/gnu tools arm embedded/4.9 2015q3/bin/../lib/gcc/arm-none-eabi/4.9.3/armv7e-m/softfp/crtend.o
LOAD c:/program files (x86)/gnu tools arm embedded/4.9 2015q3/bin/../lib/gcc/arm-none-eabi/4.9.3/armv7e-m/softfp/crtn.o
OUTPUT(Nucleo_blink_led.elf elf32-littlearm)

.ARM.attributes
                0x00000000       0x2e
 .ARM.attributes
                0x00000000       0x22 c:/program files (x86)/gnu tools arm embedded/4.9 2015q3/bin/../lib/gcc/arm-none-eabi/4.9.3/armv7e-m/softfp/crti.o
 .ARM.attributes
                0x00000022       0x32 c:/program files (x86)/gnu tools arm embedded/4.9 2015q3/bin/../lib/gcc/arm-none-eabi/4.9.3/armv7e-m/softfp/crtbegin.o
 .ARM.attributes
                0x00000054       0x20 c:/program files (x86)/gnu tools arm embedded/4.9 2015q3/bin/../lib/gcc/arm-none-eabi/4.9.3/../../../../arm-none-eabi/lib/armv7e-m/softfp/crt0.o
 .ARM.attributes
                0x00000074       0x37 ..\obj\mbed_overrides.o
 .ARM.attributes
                0x000000ab       0x37 ..\obj\ticker_api.o
 .ARM.attributes
                0x000000e2       0x37 ..\obj\PeripheralPins.o
 .ARM.attributes
                0x00000119       0x37 ..\obj\serial_api.o
 .ARM.attributes
                0x00000150       0x37 ..\obj\us_ticker_api.o
 .ARM.attributes
                0x00000187       0x21 ..\obj\startup_stm32f401xe.o
 .ARM.attributes
                0x000001a8       0x37 ..\obj\pinmap.o
 .ARM.attributes
                0x000001df       0x37 ..\obj\stm32f4xx_hal_uart.o
 .ARM.attributes
                0x00000216       0x37 ..\obj\stm32f4xx_hal_tim.o
 .ARM.attributes
                0x0000024d       0x37 ..\obj\assert.o
 .ARM.attributes
                0x00000284       0x37 ..\obj\gpio_api.o
 .ARM.attributes
                0x000002bb       0x37 ..\obj\main.o
 .ARM.attributes
                0x000002f2       0x37 ..\obj\board.o
 .ARM.attributes
                0x00000329       0x37 ..\obj\pinmap_common.o
 .ARM.attributes
                0x00000360       0x37 ..\obj\gpio.o
 .ARM.attributes
                0x00000397       0x37 ..\obj\wait_api.o
 .ARM.attributes
                0x000003ce       0x37 ..\obj\stm32f4xx_hal.o
 .ARM.attributes
                0x00000405       0x37 ..\obj\cmsis_nvic.o
 .ARM.attributes
                0x0000043c       0x37 ..\obj\retarget.o
 .ARM.attributes
                0x00000473       0x37 ..\obj\error.o
 .ARM.attributes
                0x000004aa       0x37 ..\obj\stm32f4xx_hal_rcc.o
 .ARM.attributes
                0x000004e1       0x37 ..\obj\us_ticker.o
 .ARM.attributes
                0x00000518       0x37 ..\obj\hal_tick.o
 .ARM.attributes
                0x0000054f       0x37 ..\obj\stm32f4xx_hal_cortex.o
 .ARM.attributes
                0x00000586       0x37 ..\obj\system_stm32f4xx.o
 .ARM.attributes
                0x000005bd       0x37 ..\obj\stm32f4xx_hal_gpio.o
 .ARM.attributes
                0x000005f4       0x37 ..\obj\stm32f4xx_hal_msp_template.o
 .ARM.attributes
                0x0000062b       0x32 c:/program files (x86)/gnu tools arm embedded/4.9 2015q3/bin/../lib/gcc/arm-none-eabi/4.9.3/../../../../arm-none-eabi/lib/armv7e-m/softfp\libc_nano.a(lib_a-errno.o)
 .ARM.attributes
                0x0000065d       0x32 c:/program files (x86)/gnu tools arm embedded/4.9 2015q3/bin/../lib/gcc/arm-none-eabi/4.9.3/../../../../arm-none-eabi/lib/armv7e-m/softfp\libc_nano.a(lib_a-exit.o)
 .ARM.attributes
                0x0000068f       0x32 c:/program files (x86)/gnu tools arm embedded/4.9 2015q3/bin/../lib/gcc/arm-none-eabi/4.9.3/../../../../arm-none-eabi/lib/armv7e-m/softfp\libc_nano.a(lib_a-fflush.o)
 .ARM.attributes
                0x000006c1       0x32 c:/program files (x86)/gnu tools arm embedded/4.9 2015q3/bin/../lib/gcc/arm-none-eabi/4.9.3/../../../../arm-none-eabi/lib/armv7e-m/softfp\libc_nano.a(lib_a-findfp.o)
 .ARM.attributes
                0x000006f3       0x32 c:/program files (x86)/gnu tools arm embedded/4.9 2015q3/bin/../lib/gcc/arm-none-eabi/4.9.3/../../../../arm-none-eabi/lib/armv7e-m/softfp\libc_nano.a(lib_a-fwalk.o)
 .ARM.attributes
                0x00000725       0x32 c:/program files (x86)/gnu tools arm embedded/4.9 2015q3/bin/../lib/gcc/arm-none-eabi/4.9.3/../../../../arm-none-eabi/lib/armv7e-m/softfp\libc_nano.a(lib_a-impure.o)
 .ARM.attributes
                0x00000757       0x32 c:/program files (x86)/gnu tools arm embedded/4.9 2015q3/bin/../lib/gcc/arm-none-eabi/4.9.3/../../../../arm-none-eabi/lib/armv7e-m/softfp\libc_nano.a(lib_a-init.o)
 .ARM.attributes
                0x00000789       0x32 c:/program files (x86)/gnu tools arm embedded/4.9 2015q3/bin/../lib/gcc/arm-none-eabi/4.9.3/../../../../arm-none-eabi/lib/armv7e-m/softfp\libc_nano.a(lib_a-makebuf.o)
 .ARM.attributes
                0x000007bb       0x32 c:/program files (x86)/gnu tools arm embedded/4.9 2015q3/bin/../lib/gcc/arm-none-eabi/4.9.3/../../../../arm-none-eabi/lib/armv7e-m/softfp\libc_nano.a(lib_a-memchr.o)
 .ARM.attributes
                0x000007ed       0x32 c:/program files (x86)/gnu tools arm embedded/4.9 2015q3/bin/../lib/gcc/arm-none-eabi/4.9.3/../../../../arm-none-eabi/lib/armv7e-m/softfp\libc_nano.a(lib_a-memset.o)
 .ARM.attributes
                0x0000081f       0x32 c:/program files (x86)/gnu tools arm embedded/4.9 2015q3/bin/../lib/gcc/arm-none-eabi/4.9.3/../../../../arm-none-eabi/lib/armv7e-m/softfp\libc_nano.a(lib_a-nano-freer.o)
 .ARM.attributes
                0x00000851       0x32 c:/program files (x86)/gnu tools arm embedded/4.9 2015q3/bin/../lib/gcc/arm-none-eabi/4.9.3/../../../../arm-none-eabi/lib/armv7e-m/softfp\libc_nano.a(lib_a-nano-mallocr.o)
 .ARM.attributes
                0x00000883       0x32 c:/program files (x86)/gnu tools arm embedded/4.9 2015q3/bin/../lib/gcc/arm-none-eabi/4.9.3/../../../../arm-none-eabi/lib/armv7e-m/softfp\libc_nano.a(lib_a-nano-vfprintf.o)
 .ARM.attributes
                0x000008b5       0x32 c:/program files (x86)/gnu tools arm embedded/4.9 2015q3/bin/../lib/gcc/arm-none-eabi/4.9.3/../../../../arm-none-eabi/lib/armv7e-m/softfp\libc_nano.a(lib_a-nano-vfprintf_i.o)
 .ARM.attributes
                0x000008e7       0x32 c:/program files (x86)/gnu tools arm embedded/4.9 2015q3/bin/../lib/gcc/arm-none-eabi/4.9.3/../../../../arm-none-eabi/lib/armv7e-m/softfp\libc_nano.a(lib_a-reent.o)
 .ARM.attributes
                0x00000919       0x32 c:/program files (x86)/gnu tools arm embedded/4.9 2015q3/bin/../lib/gcc/arm-none-eabi/4.9.3/../../../../arm-none-eabi/lib/armv7e-m/softfp\libc_nano.a(lib_a-sbrkr.o)
 .ARM.attributes
                0x0000094b       0x32 c:/program files (x86)/gnu tools arm embedded/4.9 2015q3/bin/../lib/gcc/arm-none-eabi/4.9.3/../../../../arm-none-eabi/lib/armv7e-m/softfp\libc_nano.a(lib_a-stdio.o)
 .ARM.attributes
                0x0000097d       0x20 c:/program files (x86)/gnu tools arm embedded/4.9 2015q3/bin/../lib/gcc/arm-none-eabi/4.9.3/../../../../arm-none-eabi/lib/armv7e-m/softfp\libc_nano.a(lib_a-strcmp.o)
 .ARM.attributes
                0x0000099d       0x32 c:/program files (x86)/gnu tools arm embedded/4.9 2015q3/bin/../lib/gcc/arm-none-eabi/4.9.3/../../../../arm-none-eabi/lib/armv7e-m/softfp\libc_nano.a(lib_a-wbuf.o)
 .ARM.attributes
                0x000009cf       0x32 c:/program files (x86)/gnu tools arm embedded/4.9 2015q3/bin/../lib/gcc/arm-none-eabi/4.9.3/../../../../arm-none-eabi/lib/armv7e-m/softfp\libc_nano.a(lib_a-writer.o)
 .ARM.attributes
                0x00000a01       0x32 c:/program files (x86)/gnu tools arm embedded/4.9 2015q3/bin/../lib/gcc/arm-none-eabi/4.9.3/../../../../arm-none-eabi/lib/armv7e-m/softfp\libc_nano.a(lib_a-wsetup.o)
 .ARM.attributes
                0x00000a33       0x32 c:/program files (x86)/gnu tools arm embedded/4.9 2015q3/bin/../lib/gcc/arm-none-eabi/4.9.3/../../../../arm-none-eabi/lib/armv7e-m/softfp\libc_nano.a(lib_a-closer.o)
 .ARM.attributes
                0x00000a65       0x32 c:/program files (x86)/gnu tools arm embedded/4.9 2015q3/bin/../lib/gcc/arm-none-eabi/4.9.3/../../../../arm-none-eabi/lib/armv7e-m/softfp\libc_nano.a(lib_a-fstatr.o)
 .ARM.attributes
                0x00000a97       0x32 c:/program files (x86)/gnu tools arm embedded/4.9 2015q3/bin/../lib/gcc/arm-none-eabi/4.9.3/../../../../arm-none-eabi/lib/armv7e-m/softfp\libc_nano.a(lib_a-isattyr.o)
 .ARM.attributes
                0x00000ac9       0x32 c:/program files (x86)/gnu tools arm embedded/4.9 2015q3/bin/../lib/gcc/arm-none-eabi/4.9.3/../../../../arm-none-eabi/lib/armv7e-m/softfp\libc_nano.a(lib_a-lseekr.o)
 .ARM.attributes
                0x00000afb       0x32 c:/program files (x86)/gnu tools arm embedded/4.9 2015q3/bin/../lib/gcc/arm-none-eabi/4.9.3/../../../../arm-none-eabi/lib/armv7e-m/softfp\libc_nano.a(lib_a-readr.o)
 .ARM.attributes
                0x00000b2d       0x32 c:/program files (x86)/gnu tools arm embedded/4.9 2015q3/bin/../lib/gcc/arm-none-eabi/4.9.3/armv7e-m/softfp/crtend.o
 .ARM.attributes
                0x00000b5f       0x22 c:/program files (x86)/gnu tools arm embedded/4.9 2015q3/bin/../lib/gcc/arm-none-eabi/4.9.3/armv7e-m/softfp/crtn.o

.comment        0x00000000       0x70
 .comment       0x00000000       0x70 ..\obj\mbed_overrides.o
                                 0x71 (size before relaxing)
 .comment       0x00000000       0x71 ..\obj\ticker_api.o
 .comment       0x00000000       0x71 ..\obj\PeripheralPins.o
 .comment       0x00000000       0x71 ..\obj\serial_api.o
 .comment       0x00000000       0x71 ..\obj\us_ticker_api.o
 .comment       0x00000000       0x71 ..\obj\pinmap.o
 .comment       0x00000000       0x71 ..\obj\stm32f4xx_hal_uart.o
 .comment       0x00000000       0x71 ..\obj\stm32f4xx_hal_tim.o
 .comment       0x00000000       0x71 ..\obj\assert.o
 .comment       0x00000000       0x71 ..\obj\gpio_api.o
 .comment       0x00000000       0x71 ..\obj\main.o
 .comment       0x00000000       0x71 ..\obj\board.o
 .comment       0x00000000       0x71 ..\obj\pinmap_common.o
 .comment       0x00000000       0x71 ..\obj\gpio.o
 .comment       0x00000000       0x71 ..\obj\wait_api.o
 .comment       0x00000000       0x71 ..\obj\stm32f4xx_hal.o
 .comment       0x00000000       0x71 ..\obj\cmsis_nvic.o
 .comment       0x00000000       0x71 ..\obj\retarget.o
 .comment       0x00000000       0x71 ..\obj\error.o
 .comment       0x00000000       0x71 ..\obj\stm32f4xx_hal_rcc.o
 .comment       0x00000000       0x71 ..\obj\us_ticker.o
 .comment       0x00000000       0x71 ..\obj\hal_tick.o
 .comment       0x00000000       0x71 ..\obj\stm32f4xx_hal_cortex.o
 .comment       0x00000000       0x71 ..\obj\system_stm32f4xx.o
 .comment       0x00000000       0x71 ..\obj\stm32f4xx_hal_gpio.o
 .comment       0x00000000       0x71 ..\obj\stm32f4xx_hal_msp_template.o

.debug_info     0x00000000    0x12387
 .debug_info    0x00000000      0x107 ..\obj\mbed_overrides.o
 .debug_info    0x00000107      0x42a ..\obj\ticker_api.o
 .debug_info    0x00000531      0x55b ..\obj\PeripheralPins.o
 .debug_info    0x00000a8c     0x18e2 ..\obj\serial_api.o
 .debug_info    0x0000236e      0x293 ..\obj\us_ticker_api.o
 .debug_info    0x00002601      0x13f ..\obj\startup_stm32f401xe.o
 .debug_info    0x00002740      0x8c6 ..\obj\pinmap.o
 .debug_info    0x00003006     0x121b ..\obj\stm32f4xx_hal_uart.o
 .debug_info    0x00004221     0x3407 ..\obj\stm32f4xx_hal_tim.o
 .debug_info    0x00007628       0xb4 ..\obj\assert.o
 .debug_info    0x000076dc      0x60e ..\obj\gpio_api.o
 .debug_info    0x00007cea     0x16b8 ..\obj\main.o
 .debug_info    0x000093a2      0x4ad ..\obj\board.o
 .debug_info    0x0000984f      0x59b ..\obj\pinmap_common.o
 .debug_info    0x00009dea      0x8da ..\obj\gpio.o
 .debug_info    0x0000a6c4      0x189 ..\obj\wait_api.o
 .debug_info    0x0000a84d      0x878 ..\obj\stm32f4xx_hal.o
 .debug_info    0x0000b0c5      0x499 ..\obj\cmsis_nvic.o
 .debug_info    0x0000b55e     0x2728 ..\obj\retarget.o
 .debug_info    0x0000dc86      0x95c ..\obj\error.o
 .debug_info    0x0000e5e2      0xd31 ..\obj\stm32f4xx_hal_rcc.o
 .debug_info    0x0000f313      0x657 ..\obj\us_ticker.o
 .debug_info    0x0000f96a      0xbe4 ..\obj\hal_tick.o
 .debug_info    0x0001054e      0xdc3 ..\obj\stm32f4xx_hal_cortex.o
 .debug_info    0x00011311      0x887 ..\obj\system_stm32f4xx.o
 .debug_info    0x00011b98      0x70a ..\obj\stm32f4xx_hal_gpio.o
 .debug_info    0x000122a2       0xe5 ..\obj\stm32f4xx_hal_msp_template.o

.debug_abbrev   0x00000000     0x3801
 .debug_abbrev  0x00000000       0xba ..\obj\mbed_overrides.o
 .debug_abbrev  0x000000ba      0x1cb ..\obj\ticker_api.o
 .debug_abbrev  0x00000285       0xbf ..\obj\PeripheralPins.o
 .debug_abbrev  0x00000344      0x3d2 ..\obj\serial_api.o
 .debug_abbrev  0x00000716      0x129 ..\obj\us_ticker_api.o
 .debug_abbrev  0x0000083f       0x12 ..\obj\startup_stm32f401xe.o
 .debug_abbrev  0x00000851      0x1be ..\obj\pinmap.o
 .debug_abbrev  0x00000a0f      0x2cd ..\obj\stm32f4xx_hal_uart.o
 .debug_abbrev  0x00000cdc      0x324 ..\obj\stm32f4xx_hal_tim.o
 .debug_abbrev  0x00001000       0x98 ..\obj\assert.o
 .debug_abbrev  0x00001098      0x1c8 ..\obj\gpio_api.o
 .debug_abbrev  0x00001260      0x3e5 ..\obj\main.o
 .debug_abbrev  0x00001645      0x198 ..\obj\board.o
 .debug_abbrev  0x000017dd      0x16f ..\obj\pinmap_common.o
 .debug_abbrev  0x0000194c      0x1ee ..\obj\gpio.o
 .debug_abbrev  0x00001b3a       0xbf ..\obj\wait_api.o
 .debug_abbrev  0x00001bf9      0x283 ..\obj\stm32f4xx_hal.o
 .debug_abbrev  0x00001e7c      0x154 ..\obj\cmsis_nvic.o
 .debug_abbrev  0x00001fd0      0x6f7 ..\obj\retarget.o
 .debug_abbrev  0x000026c7      0x210 ..\obj\error.o
 .debug_abbrev  0x000028d7      0x33d ..\obj\stm32f4xx_hal_rcc.o
 .debug_abbrev  0x00002c14      0x1d1 ..\obj\us_ticker.o
 .debug_abbrev  0x00002de5      0x29f ..\obj\hal_tick.o
 .debug_abbrev  0x00003084      0x30a ..\obj\stm32f4xx_hal_cortex.o
 .debug_abbrev  0x0000338e      0x246 ..\obj\system_stm32f4xx.o
 .debug_abbrev  0x000035d4      0x1c6 ..\obj\stm32f4xx_hal_gpio.o
 .debug_abbrev  0x0000379a       0x67 ..\obj\stm32f4xx_hal_msp_template.o

.debug_aranges  0x00000000      0xc00
 .debug_aranges
                0x00000000       0x20 ..\obj\mbed_overrides.o
 .debug_aranges
                0x00000020       0x48 ..\obj\ticker_api.o
 .debug_aranges
                0x00000068       0x18 ..\obj\PeripheralPins.o
 .debug_aranges
                0x00000080       0xb8 ..\obj\serial_api.o
 .debug_aranges
                0x00000138       0x28 ..\obj\us_ticker_api.o
 .debug_aranges
                0x00000160       0x28 ..\obj\startup_stm32f401xe.o
 .debug_aranges
                0x00000188       0x30 ..\obj\pinmap.o
 .debug_aranges
                0x000001b8      0x138 ..\obj\stm32f4xx_hal_uart.o
 .debug_aranges
                0x000002f0      0x330 ..\obj\stm32f4xx_hal_tim.o
 .debug_aranges
                0x00000620       0x20 ..\obj\assert.o
 .debug_aranges
                0x00000640       0x38 ..\obj\gpio_api.o
 .debug_aranges
                0x00000678       0x28 ..\obj\main.o
 .debug_aranges
                0x000006a0       0x20 ..\obj\board.o
 .debug_aranges
                0x000006c0       0x48 ..\obj\pinmap_common.o
 .debug_aranges
                0x00000708       0x50 ..\obj\gpio.o
 .debug_aranges
                0x00000758       0x30 ..\obj\wait_api.o
 .debug_aranges
                0x00000788       0xc0 ..\obj\stm32f4xx_hal.o
 .debug_aranges
                0x00000848       0x28 ..\obj\cmsis_nvic.o
 .debug_aranges
                0x00000870      0x118 ..\obj\retarget.o
 .debug_aranges
                0x00000988       0x20 ..\obj\error.o
 .debug_aranges
                0x000009a8       0x88 ..\obj\stm32f4xx_hal_rcc.o
 .debug_aranges
                0x00000a30       0x40 ..\obj\us_ticker.o
 .debug_aranges
                0x00000a70       0x28 ..\obj\hal_tick.o
 .debug_aranges
                0x00000a98       0x98 ..\obj\stm32f4xx_hal_cortex.o
 .debug_aranges
                0x00000b30       0x40 ..\obj\system_stm32f4xx.o
 .debug_aranges
                0x00000b70       0x58 ..\obj\stm32f4xx_hal_gpio.o
 .debug_aranges
                0x00000bc8       0x38 ..\obj\stm32f4xx_hal_msp_template.o

.debug_ranges   0x00000000      0xef0
 .debug_ranges  0x00000000       0x10 ..\obj\mbed_overrides.o
 .debug_ranges  0x00000010       0x38 ..\obj\ticker_api.o
 .debug_ranges  0x00000048       0xa8 ..\obj\serial_api.o
 .debug_ranges  0x000000f0       0x18 ..\obj\us_ticker_api.o
 .debug_ranges  0x00000108       0x20 ..\obj\startup_stm32f401xe.o
 .debug_ranges  0x00000128       0xb0 ..\obj\pinmap.o
 .debug_ranges  0x000001d8      0x128 ..\obj\stm32f4xx_hal_uart.o
 .debug_ranges  0x00000300      0x3c8 ..\obj\stm32f4xx_hal_tim.o
 .debug_ranges  0x000006c8       0x10 ..\obj\assert.o
 .debug_ranges  0x000006d8       0x28 ..\obj\gpio_api.o
 .debug_ranges  0x00000700       0x30 ..\obj\main.o
 .debug_ranges  0x00000730       0x10 ..\obj\board.o
 .debug_ranges  0x00000740       0x38 ..\obj\pinmap_common.o
 .debug_ranges  0x00000778       0xb8 ..\obj\gpio.o
 .debug_ranges  0x00000830       0x20 ..\obj\wait_api.o
 .debug_ranges  0x00000850       0xb0 ..\obj\stm32f4xx_hal.o
 .debug_ranges  0x00000900       0x18 ..\obj\cmsis_nvic.o
 .debug_ranges  0x00000918      0x1d8 ..\obj\retarget.o
 .debug_ranges  0x00000af0       0x10 ..\obj\error.o
 .debug_ranges  0x00000b00      0x158 ..\obj\stm32f4xx_hal_rcc.o
 .debug_ranges  0x00000c58       0x30 ..\obj\us_ticker.o
 .debug_ranges  0x00000c88       0x30 ..\obj\hal_tick.o
 .debug_ranges  0x00000cb8      0x120 ..\obj\stm32f4xx_hal_cortex.o
 .debug_ranges  0x00000dd8       0x90 ..\obj\system_stm32f4xx.o
 .debug_ranges  0x00000e68       0x60 ..\obj\stm32f4xx_hal_gpio.o
 .debug_ranges  0x00000ec8       0x28 ..\obj\stm32f4xx_hal_msp_template.o

.debug_line     0x00000000     0x7e17
 .debug_line    0x00000000      0x335 ..\obj\mbed_overrides.o
 .debug_line    0x00000335      0x2f6 ..\obj\ticker_api.o
 .debug_line    0x0000062b      0x276 ..\obj\PeripheralPins.o
 .debug_line    0x000008a1      0x781 ..\obj\serial_api.o
 .debug_line    0x00001022      0x242 ..\obj\us_ticker_api.o
 .debug_line    0x00001264      0x114 ..\obj\startup_stm32f401xe.o
 .debug_line    0x00001378      0x4b3 ..\obj\pinmap.o
 .debug_line    0x0000182b      0xad7 ..\obj\stm32f4xx_hal_uart.o
 .debug_line    0x00002302     0x133b ..\obj\stm32f4xx_hal_tim.o
 .debug_line    0x0000363d       0xf7 ..\obj\assert.o
 .debug_line    0x00003734      0x44c ..\obj\gpio_api.o
 .debug_line    0x00003b80      0x5ad ..\obj\main.o
 .debug_line    0x0000412d      0x3f1 ..\obj\board.o
 .debug_line    0x0000451e      0x3b1 ..\obj\pinmap_common.o
 .debug_line    0x000048cf      0x43f ..\obj\gpio.o
 .debug_line    0x00004d0e      0x257 ..\obj\wait_api.o
 .debug_line    0x00004f65      0x480 ..\obj\stm32f4xx_hal.o
 .debug_line    0x000053e5      0x234 ..\obj\cmsis_nvic.o
 .debug_line    0x00005619      0x888 ..\obj\retarget.o
 .debug_line    0x00005ea1      0x2d7 ..\obj\error.o
 .debug_line    0x00006178      0x656 ..\obj\stm32f4xx_hal_rcc.o
 .debug_line    0x000067ce      0x40a ..\obj\us_ticker.o
 .debug_line    0x00006bd8      0x360 ..\obj\hal_tick.o
 .debug_line    0x00006f38      0x49f ..\obj\stm32f4xx_hal_cortex.o
 .debug_line    0x000073d7      0x3a9 ..\obj\system_stm32f4xx.o
 .debug_line    0x00007780      0x46b ..\obj\stm32f4xx_hal_gpio.o
 .debug_line    0x00007beb      0x22c ..\obj\stm32f4xx_hal_msp_template.o

.debug_str      0x00000000     0x4c46
 .debug_str     0x00000000      0x2ce ..\obj\mbed_overrides.o
                                0x30f (size before relaxing)
 .debug_str     0x000002ce      0x164 ..\obj\ticker_api.o
                                0x41d (size before relaxing)
 .debug_str     0x00000432      0x338 ..\obj\PeripheralPins.o
                                0x5b5 (size before relaxing)
 .debug_str     0x0000076a      0xcf4 ..\obj\serial_api.o
                               0x122c (size before relaxing)
 .debug_str     0x0000145e       0xac ..\obj\us_ticker_api.o
                                0x3d7 (size before relaxing)
 .debug_str     0x0000150a      0x16c ..\obj\pinmap.o
                                0x6a9 (size before relaxing)
 .debug_str     0x00001676      0x423 ..\obj\stm32f4xx_hal_uart.o
                                0xb5b (size before relaxing)
 .debug_str     0x00001a99      0xf45 ..\obj\stm32f4xx_hal_tim.o
                               0x14f3 (size before relaxing)
 .debug_str     0x000029de       0x6a ..\obj\assert.o
                                0x19b (size before relaxing)
 .debug_str     0x00002a48       0xe1 ..\obj\gpio_api.o
                                0x576 (size before relaxing)
 .debug_str     0x00002b29      0x7de ..\obj\main.o
                                0xb84 (size before relaxing)
 .debug_str     0x00003307       0x78 ..\obj\board.o
                                0x49c (size before relaxing)
 .debug_str     0x0000337f       0xa3 ..\obj\pinmap_common.o
                                0x501 (size before relaxing)
 .debug_str     0x00003422       0xac ..\obj\gpio.o
                                0x559 (size before relaxing)
 .debug_str     0x000034ce       0x79 ..\obj\wait_api.o
                                0x2c9 (size before relaxing)
 .debug_str     0x00003547      0x2f2 ..\obj\stm32f4xx_hal.o
                                0xa2a (size before relaxing)
 .debug_str     0x00003839      0x109 ..\obj\cmsis_nvic.o
                                0x715 (size before relaxing)
 .debug_str     0x00003942      0x733 ..\obj\retarget.o
                               0x11e9 (size before relaxing)
 .debug_str     0x00004075       0x68 ..\obj\error.o
                                0x68a (size before relaxing)
 .debug_str     0x000040dd      0x2fc ..\obj\stm32f4xx_hal_rcc.o
                                0x7ba (size before relaxing)
 .debug_str     0x000043d9      0x100 ..\obj\us_ticker.o
                                0x80f (size before relaxing)
 .debug_str     0x000044d9       0xb6 ..\obj\hal_tick.o
                                0xd2b (size before relaxing)
 .debug_str     0x0000458f      0x356 ..\obj\stm32f4xx_hal_cortex.o
                                0xb70 (size before relaxing)
 .debug_str     0x000048e5       0xf0 ..\obj\system_stm32f4xx.o
                                0x656 (size before relaxing)
 .debug_str     0x000049d5      0x1ba ..\obj\stm32f4xx_hal_gpio.o
                                0x5df (size before relaxing)
 .debug_str     0x00004b8f       0xb7 ..\obj\stm32f4xx_hal_msp_template.o
                                0x2f4 (size before relaxing)

.debug_frame    0x00000000     0x2224
 .debug_frame   0x00000000       0x2c ..\obj\mbed_overrides.o
 .debug_frame   0x0000002c       0xac ..\obj\ticker_api.o
 .debug_frame   0x000000d8      0x1fc ..\obj\serial_api.o
 .debug_frame   0x000002d4       0x30 ..\obj\us_ticker_api.o
 .debug_frame   0x00000304       0x68 ..\obj\pinmap.o
 .debug_frame   0x0000036c      0x314 ..\obj\stm32f4xx_hal_uart.o
 .debug_frame   0x00000680      0x88c ..\obj\stm32f4xx_hal_tim.o
 .debug_frame   0x00000f0c       0x30 ..\obj\assert.o
 .debug_frame   0x00000f3c       0x78 ..\obj\gpio_api.o
 .debug_frame   0x00000fb4       0x44 ..\obj\main.o
 .debug_frame   0x00000ff8       0x28 ..\obj\board.o
 .debug_frame   0x00001020       0x9c ..\obj\pinmap_common.o
 .debug_frame   0x000010bc       0xe4 ..\obj\gpio.o
 .debug_frame   0x000011a0       0x4c ..\obj\wait_api.o
 .debug_frame   0x000011ec      0x184 ..\obj\stm32f4xx_hal.o
 .debug_frame   0x00001370       0x38 ..\obj\cmsis_nvic.o
 .debug_frame   0x000013a8      0x2bc ..\obj\retarget.o
 .debug_frame   0x00001664       0x30 ..\obj\error.o
 .debug_frame   0x00001694      0x154 ..\obj\stm32f4xx_hal_rcc.o
 .debug_frame   0x000017e8       0x68 ..\obj\us_ticker.o
 .debug_frame   0x00001850       0x4c ..\obj\hal_tick.o
 .debug_frame   0x0000189c      0x134 ..\obj\stm32f4xx_hal_cortex.o
 .debug_frame   0x000019d0       0x90 ..\obj\system_stm32f4xx.o
 .debug_frame   0x00001a60       0xc4 ..\obj\stm32f4xx_hal_gpio.o
 .debug_frame   0x00001b24       0x50 ..\obj\stm32f4xx_hal_msp_template.o
 .debug_frame   0x00001b74       0x20 c:/program files (x86)/gnu tools arm embedded/4.9 2015q3/bin/../lib/gcc/arm-none-eabi/4.9.3/../../../../arm-none-eabi/lib/armv7e-m/softfp\libc_nano.a(lib_a-errno.o)
 .debug_frame   0x00001b94       0x28 c:/program files (x86)/gnu tools arm embedded/4.9 2015q3/bin/../lib/gcc/arm-none-eabi/4.9.3/../../../../arm-none-eabi/lib/armv7e-m/softfp\libc_nano.a(lib_a-exit.o)
 .debug_frame   0x00001bbc       0x68 c:/program files (x86)/gnu tools arm embedded/4.9 2015q3/bin/../lib/gcc/arm-none-eabi/4.9.3/../../../../arm-none-eabi/lib/armv7e-m/softfp\libc_nano.a(lib_a-fflush.o)
 .debug_frame   0x00001c24      0x11c c:/program files (x86)/gnu tools arm embedded/4.9 2015q3/bin/../lib/gcc/arm-none-eabi/4.9.3/../../../../arm-none-eabi/lib/armv7e-m/softfp\libc_nano.a(lib_a-findfp.o)
 .debug_frame   0x00001d40       0x54 c:/program files (x86)/gnu tools arm embedded/4.9 2015q3/bin/../lib/gcc/arm-none-eabi/4.9.3/../../../../arm-none-eabi/lib/armv7e-m/softfp\libc_nano.a(lib_a-fwalk.o)
 .debug_frame   0x00001d94       0x2c c:/program files (x86)/gnu tools arm embedded/4.9 2015q3/bin/../lib/gcc/arm-none-eabi/4.9.3/../../../../arm-none-eabi/lib/armv7e-m/softfp\libc_nano.a(lib_a-init.o)
 .debug_frame   0x00001dc0       0x34 c:/program files (x86)/gnu tools arm embedded/4.9 2015q3/bin/../lib/gcc/arm-none-eabi/4.9.3/../../../../arm-none-eabi/lib/armv7e-m/softfp\libc_nano.a(lib_a-makebuf.o)
 .debug_frame   0x00001df4       0x28 c:/program files (x86)/gnu tools arm embedded/4.9 2015q3/bin/../lib/gcc/arm-none-eabi/4.9.3/../../../../arm-none-eabi/lib/armv7e-m/softfp\libc_nano.a(lib_a-memchr.o)
 .debug_frame   0x00001e1c       0x20 c:/program files (x86)/gnu tools arm embedded/4.9 2015q3/bin/../lib/gcc/arm-none-eabi/4.9.3/../../../../arm-none-eabi/lib/armv7e-m/softfp\libc_nano.a(lib_a-memset.o)
 .debug_frame   0x00001e3c       0x2c c:/program files (x86)/gnu tools arm embedded/4.9 2015q3/bin/../lib/gcc/arm-none-eabi/4.9.3/../../../../arm-none-eabi/lib/armv7e-m/softfp\libc_nano.a(lib_a-nano-freer.o)
 .debug_frame   0x00001e68       0x2c c:/program files (x86)/gnu tools arm embedded/4.9 2015q3/bin/../lib/gcc/arm-none-eabi/4.9.3/../../../../arm-none-eabi/lib/armv7e-m/softfp\libc_nano.a(lib_a-nano-mallocr.o)
 .debug_frame   0x00001e94       0xb8 c:/program files (x86)/gnu tools arm embedded/4.9 2015q3/bin/../lib/gcc/arm-none-eabi/4.9.3/../../../../arm-none-eabi/lib/armv7e-m/softfp\libc_nano.a(lib_a-nano-vfprintf.o)
 .debug_frame   0x00001f4c       0x58 c:/program files (x86)/gnu tools arm embedded/4.9 2015q3/bin/../lib/gcc/arm-none-eabi/4.9.3/../../../../arm-none-eabi/lib/armv7e-m/softfp\libc_nano.a(lib_a-nano-vfprintf_i.o)
 .debug_frame   0x00001fa4       0x5c c:/program files (x86)/gnu tools arm embedded/4.9 2015q3/bin/../lib/gcc/arm-none-eabi/4.9.3/../../../../arm-none-eabi/lib/armv7e-m/softfp\libc_nano.a(lib_a-reent.o)
 .debug_frame   0x00002000       0x2c c:/program files (x86)/gnu tools arm embedded/4.9 2015q3/bin/../lib/gcc/arm-none-eabi/4.9.3/../../../../arm-none-eabi/lib/armv7e-m/softfp\libc_nano.a(lib_a-sbrkr.o)
 .debug_frame   0x0000202c       0x88 c:/program files (x86)/gnu tools arm embedded/4.9 2015q3/bin/../lib/gcc/arm-none-eabi/4.9.3/../../../../arm-none-eabi/lib/armv7e-m/softfp\libc_nano.a(lib_a-stdio.o)
 .debug_frame   0x000020b4       0x3c c:/program files (x86)/gnu tools arm embedded/4.9 2015q3/bin/../lib/gcc/arm-none-eabi/4.9.3/../../../../arm-none-eabi/lib/armv7e-m/softfp\libc_nano.a(lib_a-wbuf.o)
 .debug_frame   0x000020f0       0x2c c:/program files (x86)/gnu tools arm embedded/4.9 2015q3/bin/../lib/gcc/arm-none-eabi/4.9.3/../../../../arm-none-eabi/lib/armv7e-m/softfp\libc_nano.a(lib_a-writer.o)
 .debug_frame   0x0000211c       0x2c c:/program files (x86)/gnu tools arm embedded/4.9 2015q3/bin/../lib/gcc/arm-none-eabi/4.9.3/../../../../arm-none-eabi/lib/armv7e-m/softfp\libc_nano.a(lib_a-wsetup.o)
 .debug_frame   0x00002148       0x2c c:/program files (x86)/gnu tools arm embedded/4.9 2015q3/bin/../lib/gcc/arm-none-eabi/4.9.3/../../../../arm-none-eabi/lib/armv7e-m/softfp\libc_nano.a(lib_a-closer.o)
 .debug_frame   0x00002174       0x2c c:/program files (x86)/gnu tools arm embedded/4.9 2015q3/bin/../lib/gcc/arm-none-eabi/4.9.3/../../../../arm-none-eabi/lib/armv7e-m/softfp\libc_nano.a(lib_a-fstatr.o)
 .debug_frame   0x000021a0       0x2c c:/program files (x86)/gnu tools arm embedded/4.9 2015q3/bin/../lib/gcc/arm-none-eabi/4.9.3/../../../../arm-none-eabi/lib/armv7e-m/softfp\libc_nano.a(lib_a-isattyr.o)
 .debug_frame   0x000021cc       0x2c c:/program files (x86)/gnu tools arm embedded/4.9 2015q3/bin/../lib/gcc/arm-none-eabi/4.9.3/../../../../arm-none-eabi/lib/armv7e-m/softfp\libc_nano.a(lib_a-lseekr.o)
 .debug_frame   0x000021f8       0x2c c:/program files (x86)/gnu tools arm embedded/4.9 2015q3/bin/../lib/gcc/arm-none-eabi/4.9.3/../../../../arm-none-eabi/lib/armv7e-m/softfp\libc_nano.a(lib_a-readr.o)

.debug_loc      0x00000000     0x7513
 .debug_loc     0x00000000      0x2e7 ..\obj\ticker_api.o
 .debug_loc     0x000002e7      0x979 ..\obj\serial_api.o
 .debug_loc     0x00000c60      0x2e6 ..\obj\pinmap.o
 .debug_loc     0x00000f46      0xe2e ..\obj\stm32f4xx_hal_uart.o
 .debug_loc     0x00001d74     0x3318 ..\obj\stm32f4xx_hal_tim.o
 .debug_loc     0x0000508c       0x8f ..\obj\assert.o
 .debug_loc     0x0000511b      0x14d ..\obj\gpio_api.o
 .debug_loc     0x00005268      0x262 ..\obj\pinmap_common.o
 .debug_loc     0x000054ca      0x67c ..\obj\gpio.o
 .debug_loc     0x00005b46       0x6e ..\obj\wait_api.o
 .debug_loc     0x00005bb4       0x82 ..\obj\stm32f4xx_hal.o
 .debug_loc     0x00005c36       0x60 ..\obj\cmsis_nvic.o
 .debug_loc     0x00005c96      0xa4e ..\obj\retarget.o
 .debug_loc     0x000066e4      0x638 ..\obj\stm32f4xx_hal_rcc.o
 .debug_loc     0x00006d1c       0x34 ..\obj\hal_tick.o
 .debug_loc     0x00006d50      0x31e ..\obj\stm32f4xx_hal_cortex.o
 .debug_loc     0x0000706e       0xfb ..\obj\system_stm32f4xx.o
 .debug_loc     0x00007169      0x3aa ..\obj\stm32f4xx_hal_gpio.o

.stabstr        0x00000000       0x76
 .stabstr       0x00000000       0x76 c:/program files (x86)/gnu tools arm embedded/4.9 2015q3/bin/../lib/gcc/arm-none-eabi/4.9.3/../../../../arm-none-eabi/lib/armv7e-m/softfp\libnosys.a(getpid.o)
