Archive member included because of file (symbol)

c:/program files (x86)/gnu tools arm embedded/4.9 2015q3/bin/../lib/gcc/arm-none-eabi/4.9.3/../../../../arm-none-eabi/lib/armv6-m\libstdc++_nano.a(del_opv.o)
                              ..\obj\RawSerial.o (operator delete[](void*))
c:/program files (x86)/gnu tools arm embedded/4.9 2015q3/bin/../lib/gcc/arm-none-eabi/4.9.3/../../../../arm-none-eabi/lib/armv6-m\libstdc++_nano.a(del_op.o)
                              ..\obj\SerialBase.o (operator delete(void*))
c:/program files (x86)/gnu tools arm embedded/4.9 2015q3/bin/../lib/gcc/arm-none-eabi/4.9.3/../../../../arm-none-eabi/lib/armv6-m\libstdc++_nano.a(new_op.o)
                              ..\obj\FileSystemLike.o (operator new(unsigned int))
c:/program files (x86)/gnu tools arm embedded/4.9 2015q3/bin/../lib/gcc/arm-none-eabi/4.9.3/../../../../arm-none-eabi/lib/armv6-m\libstdc++_nano.a(new_opv.o)
                              ..\obj\RawSerial.o (operator new[](unsigned int))
c:/program files (x86)/gnu tools arm embedded/4.9 2015q3/bin/../lib/gcc/arm-none-eabi/4.9.3/../../../../arm-none-eabi/lib/armv6-m\libstdc++_nano.a(new_handler.o)
                              c:/program files (x86)/gnu tools arm embedded/4.9 2015q3/bin/../lib/gcc/arm-none-eabi/4.9.3/../../../../arm-none-eabi/lib/armv6-m\libstdc++_nano.a(new_op.o) (std::get_new_handler())
c:/program files (x86)/gnu tools arm embedded/4.9 2015q3/bin/../lib/gcc/arm-none-eabi/4.9.3/armv6-m\libgcc.a(_thumb1_case_uqi.o)
                              ..\obj\serial_api.o (__gnu_thumb1_case_uqi)
c:/program files (x86)/gnu tools arm embedded/4.9 2015q3/bin/../lib/gcc/arm-none-eabi/4.9.3/armv6-m\libgcc.a(_udivsi3.o)
                              ..\obj\pwmout_api.o (__aeabi_uidiv)
c:/program files (x86)/gnu tools arm embedded/4.9 2015q3/bin/../lib/gcc/arm-none-eabi/4.9.3/armv6-m\libgcc.a(_divsi3.o)
                              ..\obj\SerialBase.o (__aeabi_idiv)
c:/program files (x86)/gnu tools arm embedded/4.9 2015q3/bin/../lib/gcc/arm-none-eabi/4.9.3/armv6-m\libgcc.a(_dvmd_tls.o)
                              c:/program files (x86)/gnu tools arm embedded/4.9 2015q3/bin/../lib/gcc/arm-none-eabi/4.9.3/armv6-m\libgcc.a(_udivsi3.o) (__aeabi_idiv0)
c:/program files (x86)/gnu tools arm embedded/4.9 2015q3/bin/../lib/gcc/arm-none-eabi/4.9.3/armv6-m\libgcc.a(_lshrdi3.o)
                              ..\obj\stm32f0xx_hal_flash.o (__aeabi_llsr)
c:/program files (x86)/gnu tools arm embedded/4.9 2015q3/bin/../lib/gcc/arm-none-eabi/4.9.3/armv6-m\libgcc.a(_arm_cmpsf2.o)
                              ..\obj\pwmout_api.o (__aeabi_fcmplt)
c:/program files (x86)/gnu tools arm embedded/4.9 2015q3/bin/../lib/gcc/arm-none-eabi/4.9.3/armv6-m\libgcc.a(_fixunssfsi.o)
                              ..\obj\pwmout_api.o (__aeabi_f2uiz)
c:/program files (x86)/gnu tools arm embedded/4.9 2015q3/bin/../lib/gcc/arm-none-eabi/4.9.3/armv6-m\libgcc.a(divsf3.o)
                              ..\obj\pwmout_api.o (__aeabi_fdiv)
c:/program files (x86)/gnu tools arm embedded/4.9 2015q3/bin/../lib/gcc/arm-none-eabi/4.9.3/armv6-m\libgcc.a(eqsf2.o)
                              c:/program files (x86)/gnu tools arm embedded/4.9 2015q3/bin/../lib/gcc/arm-none-eabi/4.9.3/armv6-m\libgcc.a(_arm_cmpsf2.o) (__eqsf2)
c:/program files (x86)/gnu tools arm embedded/4.9 2015q3/bin/../lib/gcc/arm-none-eabi/4.9.3/armv6-m\libgcc.a(gesf2.o)
                              c:/program files (x86)/gnu tools arm embedded/4.9 2015q3/bin/../lib/gcc/arm-none-eabi/4.9.3/armv6-m\libgcc.a(_arm_cmpsf2.o) (__gesf2)
c:/program files (x86)/gnu tools arm embedded/4.9 2015q3/bin/../lib/gcc/arm-none-eabi/4.9.3/armv6-m\libgcc.a(lesf2.o)
                              c:/program files (x86)/gnu tools arm embedded/4.9 2015q3/bin/../lib/gcc/arm-none-eabi/4.9.3/armv6-m\libgcc.a(_arm_cmpsf2.o) (__lesf2)
c:/program files (x86)/gnu tools arm embedded/4.9 2015q3/bin/../lib/gcc/arm-none-eabi/4.9.3/armv6-m\libgcc.a(mulsf3.o)
                              ..\obj\analogin_api.o (__aeabi_fmul)
c:/program files (x86)/gnu tools arm embedded/4.9 2015q3/bin/../lib/gcc/arm-none-eabi/4.9.3/armv6-m\libgcc.a(subsf3.o)
                              c:/program files (x86)/gnu tools arm embedded/4.9 2015q3/bin/../lib/gcc/arm-none-eabi/4.9.3/armv6-m\libgcc.a(_fixunssfsi.o) (__aeabi_fsub)
c:/program files (x86)/gnu tools arm embedded/4.9 2015q3/bin/../lib/gcc/arm-none-eabi/4.9.3/armv6-m\libgcc.a(fixsfsi.o)
                              ..\obj\pwmout_api.o (__aeabi_f2iz)
c:/program files (x86)/gnu tools arm embedded/4.9 2015q3/bin/../lib/gcc/arm-none-eabi/4.9.3/armv6-m\libgcc.a(floatsisf.o)
                              ..\obj\pwmout_api.o (__aeabi_i2f)
c:/program files (x86)/gnu tools arm embedded/4.9 2015q3/bin/../lib/gcc/arm-none-eabi/4.9.3/armv6-m\libgcc.a(floatunsisf.o)
                              ..\obj\analogin_api.o (__aeabi_ui2f)
c:/program files (x86)/gnu tools arm embedded/4.9 2015q3/bin/../lib/gcc/arm-none-eabi/4.9.3/armv6-m\libgcc.a(_clzsi2.o)
[...]
Memory Configuration

Name             Origin             Length             Attributes
FLASH            0x08000000         0x00008000         xr
RAM              0x200000b0         0x00000f50         xrw
*default*        0x00000000         0xffffffff

Linker script and memory map

LOAD c:/program files (x86)/gnu tools arm embedded/4.9 2015q3/bin/../lib/gcc/arm-none-eabi/4.9.3/armv6-m/crti.o
LOAD c:/program files (x86)/gnu tools arm embedded/4.9 2015q3/bin/../lib/gcc/arm-none-eabi/4.9.3/armv6-m/crtbegin.o
LOAD c:/program files (x86)/gnu tools arm embedded/4.9 2015q3/bin/../lib/gcc/arm-none-eabi/4.9.3/../../../../arm-none-eabi/lib/armv6-m/crt0.o

.text           0x08000000     0x2fd4
 *(.isr_vector)
 .isr_vector    0x08000000       0xc0 ..\obj\startup_stm32f031x6.o
                0x08000000                g_pfnVectors
 *(.text*)
 .text          0x080000c0       0x60 c:/program files (x86)/gnu tools arm embedded/4.9 2015q3/bin/../lib/gcc/arm-none-eabi/4.9.3/armv6-m/crtbegin.o
 .text          0x08000120       0x78 c:/program files (x86)/gnu tools arm embedded/4.9 2015q3/bin/../lib/gcc/arm-none-eabi/4.9.3/../../../../arm-none-eabi/lib/armv6-m/crt0.o
                0x08000120                _start
                0x08000120                _mainCRTStartup
 .text.mbed_sdk_init
                0x08000198        0xc ..\obj\mbed_overrides.o
                0x08000198                mbed_sdk_init
 .text.ticker_irq_handler
                0x080001a4       0x48 ..\obj\ticker_api.o
                0x080001a4                ticker_irq_handler
 .text.init_uart
                0x080001ec       0x50 ..\obj\serial_api.o
 .text.serial_init
                0x0800023c       0xd8 ..\obj\serial_api.o
                0x0800023c                serial_init
 .text.serial_readable
                0x08000314       0x14 ..\obj\serial_api.o
                0x08000314                serial_readable
 .text.serial_getc
                0x08000328       0x16 ..\obj\serial_api.o
                0x08000328                serial_getc
 *fill*         0x0800033e        0x2 
 .text.serial_writable
                0x08000340       0x14 ..\obj\serial_api.o
                0x08000340                serial_writable
 .text.serial_putc
                0x08000354       0x18 ..\obj\serial_api.o
                0x08000354                serial_putc
 .text.us_ticker_irq_handler
                0x0800036c       0x10 ..\obj\us_ticker_api.o
                0x0800036c                us_ticker_irq_handler
 .text.Set_GPIO_Clock
                0x0800037c       0x94 ..\obj\pinmap.o
                0x0800037c                Set_GPIO_Clock
 .text.pin_function
                0x08000410       0x5c ..\obj\pinmap.o
                0x08000410                pin_function
 .text.pin_mode
                0x0800046c       0x50 ..\obj\pinmap.o
                0x0800046c                pin_mode
 .text.HAL_RCC_OscConfig
                0x080004bc      0x3cc ..\obj\stm32f0xx_hal_rcc.o
                0x080004bc                HAL_RCC_OscConfig
 .text.HAL_RCC_ClockConfig
                0x08000888      0x1a8 ..\obj\stm32f0xx_hal_rcc.o
                0x08000888                HAL_RCC_ClockConfig
 .text.HAL_RCC_GetSysClockFreq
                0x08000a30       0x64 ..\obj\stm32f0xx_hal_rcc.o
                0x08000a30                HAL_RCC_GetSysClockFreq
 .text.HAL_RCC_GetHCLKFreq
                0x08000a94       0x28 ..\obj\stm32f0xx_hal_rcc.o
                0x08000a94                HAL_RCC_GetHCLKFreq
 .text.HAL_RCC_GetPCLK1Freq
                0x08000abc       0x20 ..\obj\stm32f0xx_hal_rcc.o
                0x08000abc                HAL_RCC_GetPCLK1Freq
 .text.HAL_MspInit
                0x08000adc        0x2 ..\obj\stm32f0xx_hal.o
                0x08000adc                HAL_MspInit
 *fill*         0x08000ade        0x2 
 .text.HAL_Init
                0x08000ae0       0x20 ..\obj\stm32f0xx_hal.o
                0x08000ae0                HAL_Init
 .text.HAL_IncTick
                0x08000b00       0x10 ..\obj\stm32f0xx_hal.o
                0x08000b00                HAL_IncTick
 .text.HAL_GetTick
                0x08000b10        0xc ..\obj\stm32f0xx_hal.o
                0x08000b10                HAL_GetTick
 .text.mbed_assert_internal
                0x08000b1c       0x18 ..\obj\assert.o
                0x08000b1c                mbed_assert_internal
 .text.HAL_UART_MspInit
                0x08000b34        0x2 ..\obj\stm32f0xx_hal_uart.o
                0x08000b34                HAL_UART_MspInit
 *fill*         0x08000b36        0x2 
 .text.UART_SetConfig
                0x08000b38      0x100 ..\obj\stm32f0xx_hal_uart.o
                0x08000b38                UART_SetConfig
 .text.UART_AdvFeatureConfig
                0x08000c38       0xe0 ..\obj\stm32f0xx_hal_uart.o
                0x08000c38                UART_AdvFeatureConfig
 .text.UART_WaitOnFlagUntilTimeout
                0x08000d18       0x94 ..\obj\stm32f0xx_hal_uart.o
                0x08000d18                UART_WaitOnFlagUntilTimeout
 .text.UART_CheckIdleState
                0x08000dac       0x60 ..\obj\stm32f0xx_hal_uart.o
                0x08000dac                UART_CheckIdleState
 .text.HAL_UART_Init
                0x08000e0c       0x70 ..\obj\stm32f0xx_hal_uart.o
                0x08000e0c                HAL_UART_Init
 .text.gpio_set
                0x08000e7c       0x30 ..\obj\gpio_api.o
                0x08000e7c                gpio_set
 .text.gpio_init
                0x08000eac       0x2e ..\obj\gpio_api.o
                0x08000eac                gpio_init
 .text.gpio_mode
                0x08000eda        0xc ..\obj\gpio_api.o
                0x08000eda                gpio_mode
 *fill*         0x08000ee6        0x2 
 .text.gpio_dir
                0x08000ee8       0x34 ..\obj\gpio_api.o
                0x08000ee8                gpio_dir
 .text.startup.main
                0x08000f1c       0x54 ..\obj\main.o
                0x08000f1c                main
 .text.startup._GLOBAL__sub_I_myled
                0x08000f70       0x1c ..\obj\main.o
 .text.mbed_die
                0x08000f8c       0x12 ..\obj\board.o
                0x08000f8c                mbed_die
 *fill*         0x08000f9e        0x2 
 .text.pinmap_pinout
                0x08000fa0       0x38 ..\obj\pinmap_common.o
                0x08000fa0                pinmap_pinout
 .text.pinmap_merge
                0x08000fd8       0x28 ..\obj\pinmap_common.o
                0x08000fd8                pinmap_merge
 .text.pinmap_find_peripheral
                0x08001000       0x18 ..\obj\pinmap_common.o
                0x08001000                pinmap_find_peripheral
 .text.pinmap_peripheral
                0x08001018       0x20 ..\obj\pinmap_common.o
                0x08001018                pinmap_peripheral
 .text.gpio_write
                0x08001038       0x30 ..\obj\gpio.o
 .text.gpio_init_out_ex
                0x08001068       0x2a ..\obj\gpio.o
                0x08001068                gpio_init_out_ex
 .text.gpio_init_out
                0x08001092        0xa ..\obj\gpio.o
                0x08001092                gpio_init_out
 .text.wait_us  0x0800109c       0x16 ..\obj\wait_api.o
                0x0800109c                wait_us
 *fill*         0x080010b2        0x2 
 .text.wait     0x080010b4       0x18 ..\obj\wait_api.o
                0x080010b4                wait
 .text.wait_ms  0x080010cc        0xe ..\obj\wait_api.o
                0x080010cc                wait_ms
 *fill*         0x080010da        0x2 
 .text.NVIC_SetVector
                0x080010dc       0x44 ..\obj\cmsis_nvic.o
                0x080010dc                NVIC_SetVector
 .text._ZL11init_serialv
                0x08001120       0x20 ..\obj\retarget.o
 .text._close   0x08001140       0x2c ..\obj\retarget.o
                0x08001140                _close
 .text._write   0x0800116c       0x54 ..\obj\retarget.o
                0x0800116c                _write
 .text._read    0x080011c0       0x48 ..\obj\retarget.o
                0x080011c0                _read
 .text._isatty  0x08001208       0x28 ..\obj\retarget.o
                0x08001208                _isatty
 .text._lseek   0x08001230       0x28 ..\obj\retarget.o
                0x08001230                _lseek
 .text._fstat   0x08001258       0x1e ..\obj\retarget.o
                0x08001258                _fstat
 .text.mbed_main
                0x08001276        0x2 ..\obj\retarget.o
                0x08001276                mbed_main
 .text.__wrap_main
                0x08001278       0x10 ..\obj\retarget.o
                0x08001278                __wrap_main
 .text._sbrk    0x08001288       0x28 ..\obj\retarget.o
                0x08001288                _sbrk
 .text._exit    0x080012b0       0x24 ..\obj\retarget.o
                0x080012b0                _exit
 .text.error    0x080012d4       0x20 ..\obj\error.o
                0x080012d4                error
 .text.us_ticker_init
                0x080012f4       0x24 ..\obj\us_ticker.o
                0x080012f4                us_ticker_init
 .text.us_ticker_read
                0x08001318       0x1c ..\obj\us_ticker.o
                0x08001318                us_ticker_read
 .text.us_ticker_set_interrupt
                0x08001334       0x14 ..\obj\us_ticker.o
                0x08001334                us_ticker_set_interrupt
 .text.us_ticker_disable_interrupt
                0x08001348       0x14 ..\obj\us_ticker.o
                0x08001348                us_ticker_disable_interrupt
 .text.us_ticker_clear_interrupt
                0x0800135c       0x10 ..\obj\us_ticker.o
                0x0800135c                us_ticker_clear_interrupt
 .text.timer_irq_handler
                0x0800136c       0x4c ..\obj\hal_tick.o
                0x0800136c                timer_irq_handler
 .text.HAL_InitTick
                0x080013b8       0xa8 ..\obj\hal_tick.o
                0x080013b8                HAL_InitTick
 .text.SystemCoreClockUpdate
                0x08001460       0x64 ..\obj\system_stm32f0xx.o
                0x08001460                SystemCoreClockUpdate
 .text.SetSysClock_PLL_HSI
                0x080014c4       0x52 ..\obj\system_stm32f0xx.o
                0x080014c4                SetSysClock_PLL_HSI
 .text.SetSysClock
                0x08001516        0xe ..\obj\system_stm32f0xx.o
                0x08001516                SetSysClock
 .text.SystemInit
                0x08001524       0x88 ..\obj\system_stm32f0xx.o
                0x08001524                SystemInit
 .text.HAL_TIM_OC_MspInit
                0x080015ac        0x2 ..\obj\stm32f0xx_hal_tim.o
                0x080015ac                HAL_TIM_OC_MspInit
 *fill*         0x080015ae        0x2 
 .text.TIM_Base_SetConfig
                0x080015b0       0x88 ..\obj\stm32f0xx_hal_tim.o
                0x080015b0                TIM_Base_SetConfig
 .text.HAL_TIM_OC_Init
                0x08001638       0x36 ..\obj\stm32f0xx_hal_tim.o
                0x08001638                HAL_TIM_OC_Init
 .text.TIM_CCxChannelCmd
                0x0800166e       0x16 ..\obj\stm32f0xx_hal_tim.o
                0x0800166e                TIM_CCxChannelCmd
 .text.HAL_TIM_OC_Start
                0x08001684       0x44 ..\obj\stm32f0xx_hal_tim.o
                0x08001684                HAL_TIM_OC_Start
 .text.HAL_GPIO_Init
                0x080016c8      0x160 ..\obj\stm32f0xx_hal_gpio.o
                0x080016c8                HAL_GPIO_Init
 .text.Reset_Handler
                0x08001828       0x50 ..\obj\startup_stm32f031x6.o
                0x08001828                Reset_Handler
 .text.Default_Handler
                0x08001878        0x2 ..\obj\startup_stm32f031x6.o
                0x08001878                TIM1_CC_IRQHandler
                0x08001878                HardFault_Handler
                0x08001878                SysTick_Handler
                0x08001878                PVD_IRQHandler
                0x08001878                PendSV_Handler
                0x08001878                NMI_Handler
                0x08001878                I2C1_IRQHandler
                0x08001878                SPI1_IRQHandler
                0x08001878                EXTI2_3_IRQHandler
                0x08001878                ADC1_IRQHandler
                0x08001878                TIM17_IRQHandler
                0x08001878                RTC_IRQHandler
                0x08001878                TIM16_IRQHandler
                0x08001878                TIM3_IRQHandler
                0x08001878                EXTI4_15_IRQHandler
                0x08001878                RCC_IRQHandler
                0x08001878                DMA1_Channel1_IRQHandler
                0x08001878                Default_Handler
                0x08001878                TIM14_IRQHandler
                0x08001878                DMA1_Channel4_5_IRQHandler
                0x08001878                EXTI0_1_IRQHandler
                0x08001878                SVC_Handler
                0x08001878                WWDG_IRQHandler
                0x08001878                TIM2_IRQHandler
                0x08001878                DMA1_Channel2_3_IRQHandler
                0x08001878                FLASH_IRQHandler
                0x08001878                USART1_IRQHandler
                0x08001878                TIM1_BRK_UP_TRG_COM_IRQHandler
 *fill*         0x0800187a        0x2 
 .text          0x0800187c       0x14 c:/program files (x86)/gnu tools arm embedded/4.9 2015q3/bin/../lib/gcc/arm-none-eabi/4.9.3/armv6-m\libgcc.a(_thumb1_case_uqi.o)
                0x0800187c                __gnu_thumb1_case_uqi
 .text          0x08001890      0x120 c:/program files (x86)/gnu tools arm embedded/4.9 2015q3/bin/../lib/gcc/arm-none-eabi/4.9.3/armv6-m\libgcc.a(_udivsi3.o)
                0x08001890                __aeabi_uidiv
                0x08001890                __udivsi3
                0x0800199c                __aeabi_uidivmod
 .text          0x080019b0        0x4 c:/program files (x86)/gnu tools arm embedded/4.9 2015q3/bin/../lib/gcc/arm-none-eabi/4.9.3/armv6-m\libgcc.a(_dvmd_tls.o)
                0x080019b0                __aeabi_idiv0
                0x080019b0                __aeabi_ldiv0
 .text          0x080019b4      0x264 c:/program files (x86)/gnu tools arm embedded/4.9 2015q3/bin/../lib/gcc/arm-none-eabi/4.9.3/armv6-m\libgcc.a(mulsf3.o)
                0x080019b4                __aeabi_fmul
 .text          0x08001c18       0x40 c:/program files (x86)/gnu tools arm embedded/4.9 2015q3/bin/../lib/gcc/arm-none-eabi/4.9.3/armv6-m\libgcc.a(fixsfsi.o)
                0x08001c18                __aeabi_f2iz
 .text          0x08001c58       0x3c c:/program files (x86)/gnu tools arm embedded/4.9 2015q3/bin/../lib/gcc/arm-none-eabi/4.9.3/armv6-m\libgcc.a(_clzsi2.o)
                0x08001c58                __clzsi2
 .text.__errno  0x08001c94        0xc c:/program files (x86)/gnu tools arm embedded/4.9 2015q3/bin/../lib/gcc/arm-none-eabi/4.9.3/../../../../arm-none-eabi/lib/armv6-m\libc_nano.a(lib_a-errno.o)
                0x08001c94                __errno
 .text.exit     0x08001ca0       0x2c c:/program files (x86)/gnu tools arm embedded/4.9 2015q3/bin/../lib/gcc/arm-none-eabi/4.9.3/../../../../arm-none-eabi/lib/armv6-m\libc_nano.a(lib_a-exit.o)
                0x08001ca0                exit
 .text.__sflush_r
                0x08001ccc      0x112 c:/program files (x86)/gnu tools arm embedded/4.9 2015q3/bin/../lib/gcc/arm-none-eabi/4.9.3/../../../../arm-none-eabi/lib/armv6-m\libc_nano.a(lib_a-fflush.o)
                0x08001ccc                __sflush_r
 *fill*         0x08001dde        0x2 
 .text._fflush_r
                0x08001de0       0x58 c:/program files (x86)/gnu tools arm embedded/4.9 2015q3/bin/../lib/gcc/arm-none-eabi/4.9.3/../../../../arm-none-eabi/lib/armv6-m\libc_nano.a(lib_a-fflush.o)
                0x08001de0                _fflush_r
 .text.fflush   0x08001e38       0x28 c:/program files (x86)/gnu tools arm embedded/4.9 2015q3/bin/../lib/gcc/arm-none-eabi/4.9.3/../../../../arm-none-eabi/lib/armv6-m\libc_nano.a(lib_a-fflush.o)
                0x08001e38                fflush
 .text._cleanup_r
                0x08001e60       0x10 c:/program files (x86)/gnu tools arm embedded/4.9 2015q3/bin/../lib/gcc/arm-none-eabi/4.9.3/../../../../arm-none-eabi/lib/armv6-m\libc_nano.a(lib_a-findfp.o)
                0x08001e60                _cleanup_r
 .text.std.isra.0
                0x08001e70       0x48 c:/program files (x86)/gnu tools arm embedded/4.9 2015q3/bin/../lib/gcc/arm-none-eabi/4.9.3/../../../../arm-none-eabi/lib/armv6-m\libc_nano.a(lib_a-findfp.o)
 .text.__sfmoreglue
                0x08001eb8       0x2c c:/program files (x86)/gnu tools arm embedded/4.9 2015q3/bin/../lib/gcc/arm-none-eabi/4.9.3/../../../../arm-none-eabi/lib/armv6-m\libc_nano.a(lib_a-findfp.o)
                0x08001eb8                __sfmoreglue
 .text.__sinit  0x08001ee4       0x64 c:/program files (x86)/gnu tools arm embedded/4.9 2015q3/bin/../lib/gcc/arm-none-eabi/4.9.3/../../../../arm-none-eabi/lib/armv6-m\libc_nano.a(lib_a-findfp.o)
                0x08001ee4                __sinit
 .text.__sfp    0x08001f48       0x7c c:/program files (x86)/gnu tools arm embedded/4.9 2015q3/bin/../lib/gcc/arm-none-eabi/4.9.3/../../../../arm-none-eabi/lib/armv6-m\libc_nano.a(lib_a-findfp.o)
                0x08001f48                __sfp
 .text._fwalk_reent
                0x08001fc4       0x42 c:/program files (x86)/gnu tools arm embedded/4.9 2015q3/bin/../lib/gcc/arm-none-eabi/4.9.3/../../../../arm-none-eabi/lib/armv6-m\libc_nano.a(lib_a-fwalk.o)
                0x08001fc4                _fwalk_reent
 *fill*         0x08002006        0x2 
 .text.__libc_init_array
                0x08002008       0x4c c:/program files (x86)/gnu tools arm embedded/4.9 2015q3/bin/../lib/gcc/arm-none-eabi/4.9.3/../../../../arm-none-eabi/lib/armv6-m\libc_nano.a(lib_a-init.o)
                0x08002008                __libc_init_array
 .text.__smakebuf_r
                0x08002054       0xb0 c:/program files (x86)/gnu tools arm embedded/4.9 2015q3/bin/../lib/gcc/arm-none-eabi/4.9.3/../../../../arm-none-eabi/lib/armv6-m\libc_nano.a(lib_a-makebuf.o)
                0x08002054                __smakebuf_r
 .text.memchr   0x08002104       0x16 c:/program files (x86)/gnu tools arm embedded/4.9 2015q3/bin/../lib/gcc/arm-none-eabi/4.9.3/../../../../arm-none-eabi/lib/armv6-m\libc_nano.a(lib_a-memchr.o)
                0x08002104                memchr
 .text.memcpy   0x0800211a       0x12 c:/program files (x86)/gnu tools arm embedded/4.9 2015q3/bin/../lib/gcc/arm-none-eabi/4.9.3/../../../../arm-none-eabi/lib/armv6-m\libc_nano.a(lib_a-memcpy.o)
                0x0800211a                memcpy
 .text.memset   0x0800212c       0x10 c:/program files (x86)/gnu tools arm embedded/4.9 2015q3/bin/../lib/gcc/arm-none-eabi/4.9.3/../../../../arm-none-eabi/lib/armv6-m\libc_nano.a(lib_a-memset.o)
                0x0800212c                memset
 .text._free_r  0x0800213c       0x8c c:/program files (x86)/gnu tools arm embedded/4.9 2015q3/bin/../lib/gcc/arm-none-eabi/4.9.3/../../../../arm-none-eabi/lib/armv6-m\libc_nano.a(lib_a-nano-freer.o)
                0x0800213c                _free_r
 .text._malloc_r
                0x080021c8       0xb0 c:/program files (x86)/gnu tools arm embedded/4.9 2015q3/bin/../lib/gcc/arm-none-eabi/4.9.3/../../../../arm-none-eabi/lib/armv6-m\libc_nano.a(lib_a-nano-mallocr.o)
                0x080021c8                _malloc_r
 .text.__sfputc_r
                0x08002278       0x2a c:/program files (x86)/gnu tools arm embedded/4.9 2015q3/bin/../lib/gcc/arm-none-eabi/4.9.3/../../../../arm-none-eabi/lib/armv6-m\libc_nano.a(lib_a-nano-vfprintf.o)
 .text.__sfputs_r
                0x080022a2       0x24 c:/program files (x86)/gnu tools arm embedded/4.9 2015q3/bin/../lib/gcc/arm-none-eabi/4.9.3/../../../../arm-none-eabi/lib/armv6-m\libc_nano.a(lib_a-nano-vfprintf.o)
                0x080022a2                __sfputs_r
 *fill*         0x080022c6        0x2 
 .text._vfprintf_r
                0x080022c8      0x220 c:/program files (x86)/gnu tools arm embedded/4.9 2015q3/bin/../lib/gcc/arm-none-eabi/4.9.3/../../../../arm-none-eabi/lib/armv6-m\libc_nano.a(lib_a-nano-vfprintf.o)
                0x080022c8                _vfprintf_r
                0x080022c8                _vfiprintf_r
 .text.vfprintf
                0x080024e8       0x1c c:/program files (x86)/gnu tools arm embedded/4.9 2015q3/bin/../lib/gcc/arm-none-eabi/4.9.3/../../../../arm-none-eabi/lib/armv6-m\libc_nano.a(lib_a-nano-vfprintf.o)
                0x080024e8                vfprintf
                0x080024e8                vfiprintf
 .text._printf_common
                0x08002504       0xdc c:/program files (x86)/gnu tools arm embedded/4.9 2015q3/bin/../lib/gcc/arm-none-eabi/4.9.3/../../../../arm-none-eabi/lib/armv6-m\libc_nano.a(lib_a-nano-vfprintf_i.o)
                0x08002504                _printf_common
 .text._printf_i
                0x080025e0      0x230 c:/program files (x86)/gnu tools arm embedded/4.9 2015q3/bin/../lib/gcc/arm-none-eabi/4.9.3/../../../../arm-none-eabi/lib/armv6-m\libc_nano.a(lib_a-nano-vfprintf_i.o)
                0x080025e0                _printf_i
 .text._sbrk_r  0x08002810       0x24 c:/program files (x86)/gnu tools arm embedded/4.9 2015q3/bin/../lib/gcc/arm-none-eabi/4.9.3/../../../../arm-none-eabi/lib/armv6-m\libc_nano.a(lib_a-sbrkr.o)
                0x08002810                _sbrk_r
 .text.__sread  0x08002834       0x28 c:/program files (x86)/gnu tools arm embedded/4.9 2015q3/bin/../lib/gcc/arm-none-eabi/4.9.3/../../../../arm-none-eabi/lib/armv6-m\libc_nano.a(lib_a-stdio.o)
                0x08002834                __sread
 .text.__swrite
                0x0800285c       0x38 c:/program files (x86)/gnu tools arm embedded/4.9 2015q3/bin/../lib/gcc/arm-none-eabi/4.9.3/../../../../arm-none-eabi/lib/armv6-m\libc_nano.a(lib_a-stdio.o)
                0x0800285c                __swrite
 .text.__sseek  0x08002894       0x2c c:/program files (x86)/gnu tools arm embedded/4.9 2015q3/bin/../lib/gcc/arm-none-eabi/4.9.3/../../../../arm-none-eabi/lib/armv6-m\libc_nano.a(lib_a-stdio.o)
                0x08002894                __sseek
 .text.__sclose
                0x080028c0        0xc c:/program files (x86)/gnu tools arm embedded/4.9 2015q3/bin/../lib/gcc/arm-none-eabi/4.9.3/../../../../arm-none-eabi/lib/armv6-m\libc_nano.a(lib_a-stdio.o)
                0x080028c0                __sclose
 .text.__swbuf_r
                0x080028cc       0xb0 c:/program files (x86)/gnu tools arm embedded/4.9 2015q3/bin/../lib/gcc/arm-none-eabi/4.9.3/../../../../arm-none-eabi/lib/armv6-m\libc_nano.a(lib_a-wbuf.o)
                0x080028cc                __swbuf_r
 .text._write_r
                0x0800297c       0x28 c:/program files (x86)/gnu tools arm embedded/4.9 2015q3/bin/../lib/gcc/arm-none-eabi/4.9.3/../../../../arm-none-eabi/lib/armv6-m\libc_nano.a(lib_a-writer.o)
                0x0800297c                _write_r
 .text.__swsetup_r
                0x080029a4       0xe8 c:/program files (x86)/gnu tools arm embedded/4.9 2015q3/bin/../lib/gcc/arm-none-eabi/4.9.3/../../../../arm-none-eabi/lib/armv6-m\libc_nano.a(lib_a-wsetup.o)
                0x080029a4                __swsetup_r
 .text._close_r
                0x08002a8c       0x24 c:/program files (x86)/gnu tools arm embedded/4.9 2015q3/bin/../lib/gcc/arm-none-eabi/4.9.3/../../../../arm-none-eabi/lib/armv6-m\libc_nano.a(lib_a-closer.o)
                0x08002a8c                _close_r
 .text._fstat_r
                0x08002ab0       0x24 c:/program files (x86)/gnu tools arm embedded/4.9 2015q3/bin/../lib/gcc/arm-none-eabi/4.9.3/../../../../arm-none-eabi/lib/armv6-m\libc_nano.a(lib_a-fstatr.o)
                0x08002ab0                _fstat_r
 .text._isatty_r
                0x08002ad4       0x24 c:/program files (x86)/gnu tools arm embedded/4.9 2015q3/bin/../lib/gcc/arm-none-eabi/4.9.3/../../../../arm-none-eabi/lib/armv6-m\libc_nano.a(lib_a-isattyr.o)
                0x08002ad4                _isatty_r
 .text._lseek_r
                0x08002af8       0x28 c:/program files (x86)/gnu tools arm embedded/4.9 2015q3/bin/../lib/gcc/arm-none-eabi/4.9.3/../../../../arm-none-eabi/lib/armv6-m\libc_nano.a(lib_a-lseekr.o)
                0x08002af8                _lseek_r
 .text._read_r  0x08002b20       0x28 c:/program files (x86)/gnu tools arm embedded/4.9 2015q3/bin/../lib/gcc/arm-none-eabi/4.9.3/../../../../arm-none-eabi/lib/armv6-m\libc_nano.a(lib_a-readr.o)
                0x08002b20                _read_r
 *(.init)
 .init          0x08002b48        0x4 c:/program files (x86)/gnu tools arm embedded/4.9 2015q3/bin/../lib/gcc/arm-none-eabi/4.9.3/armv6-m/crti.o
                0x08002b48                _init
 .init          0x08002b4c        0x8 c:/program files (x86)/gnu tools arm embedded/4.9 2015q3/bin/../lib/gcc/arm-none-eabi/4.9.3/armv6-m/crtn.o
 *(.fini)
 .fini          0x08002b54        0x4 c:/program files (x86)/gnu tools arm embedded/4.9 2015q3/bin/../lib/gcc/arm-none-eabi/4.9.3/armv6-m/crti.o
                0x08002b54                _fini
 .fini          0x08002b58        0x8 c:/program files (x86)/gnu tools arm embedded/4.9 2015q3/bin/../lib/gcc/arm-none-eabi/4.9.3/armv6-m/crtn.o
 *crtbegin.o(.ctors)
 *crtbegin?.o(.ctors)
 *(EXCLUDE_FILE(*crtend.o *crtend?.o) .ctors)
 *(SORT(.ctors.*))
 *(.ctors)
 *crtbegin.o(.dtors)
 *crtbegin?.o(.dtors)
 *(EXCLUDE_FILE(*crtend.o *crtend?.o) .dtors)
 *(SORT(.dtors.*))
 *(.dtors)
 *(.rodata*)
 .rodata.PinMap_UART_RX
                0x08002b60       0x30 ..\obj\PeripheralPins.o
                0x08002b60                PinMap_UART_RX
 .rodata.PinMap_UART_TX
                0x08002b90       0x3c ..\obj\PeripheralPins.o
                0x08002b90                PinMap_UART_TX
 .rodata.str1.1
                0x08002bcc       0x88 ..\obj\serial_api.o
 .rodata.us_interface
                0x08002c54       0x14 ..\obj\us_ticker_api.o
 .rodata.us_data
                0x08002c68        0x8 ..\obj\us_ticker_api.o
 .rodata.str1.1
                0x08002c70       0x8b ..\obj\pinmap.o
                                 0x9e (size before relaxing)
 *fill*         0x08002cfb        0x1 
 .rodata.gpio_mode
                0x08002cfc       0x34 ..\obj\pinmap.o
 .rodata        0x08002d30       0x20 ..\obj\stm32f0xx_hal_rcc.o
 .rodata.aAPBAHBPrescTable
                0x08002d50       0x10 ..\obj\stm32f0xx_hal_rcc.o
                0x08002d50                aAPBAHBPrescTable
 .rodata.str1.1
                0x08002d60       0x31 ..\obj\assert.o
 .rodata.CSWTCH.30
                0x08002d91        0x4 ..\obj\stm32f0xx_hal_uart.o
 .rodata.str1.1
                0x08002d95       0x84 ..\obj\gpio_api.o
                                 0x97 (size before relaxing)
 .rodata.str1.1
                0x08002e19       0x6f ..\obj\main.o
                                 0x87 (size before relaxing)
 .rodata.str1.1
                0x08002e88       0x60 ..\obj\pinmap_common.o
 .rodata.str1.1
                0x00000000       0x87 ..\obj\gpio.o
 .rodata.AHBPrescTable
                0x08002ee8       0x10 ..\obj\system_stm32f0xx.o
                0x08002ee8                AHBPrescTable
 .rodata        0x08002ef8       0x40 c:/program files (x86)/gnu tools arm embedded/4.9 2015q3/bin/../lib/gcc/arm-none-eabi/4.9.3/armv6-m\libgcc.a(mulsf3.o)
 .rodata.__sf_fake_stdin
                0x08002f38       0x20 c:/program files (x86)/gnu tools arm embedded/4.9 2015q3/bin/../lib/gcc/arm-none-eabi/4.9.3/../../../../arm-none-eabi/lib/armv6-m\libc_nano.a(lib_a-findfp.o)
                0x08002f38                __sf_fake_stdin
 .rodata.__sf_fake_stdout
                0x08002f58       0x20 c:/program files (x86)/gnu tools arm embedded/4.9 2015q3/bin/../lib/gcc/arm-none-eabi/4.9.3/../../../../arm-none-eabi/lib/armv6-m\libc_nano.a(lib_a-findfp.o)
                0x08002f58                __sf_fake_stdout
 .rodata.__sf_fake_stderr
                0x08002f78       0x20 c:/program files (x86)/gnu tools arm embedded/4.9 2015q3/bin/../lib/gcc/arm-none-eabi/4.9.3/../../../../arm-none-eabi/lib/armv6-m\libc_nano.a(lib_a-findfp.o)
                0x08002f78                __sf_fake_stderr
 .rodata.str1.1
                0x00000000       0x60 c:/program files (x86)/gnu tools arm embedded/4.9 2015q3/bin/../lib/gcc/arm-none-eabi/4.9.3/../../../../arm-none-eabi/lib/armv6-m\libc_nano.a(lib_a-impure.o)
                                  0x2 (size before relaxing)
 .rodata._global_impure_ptr
                0x08002f98        0x4 c:/program files (x86)/gnu tools arm embedded/4.9 2015q3/bin/../lib/gcc/arm-none-eabi/4.9.3/../../../../arm-none-eabi/lib/armv6-m\libc_nano.a(lib_a-impure.o)
                0x08002f98                _global_impure_ptr
 .rodata.str1.1
                0x08002f9c       0x11 c:/program files (x86)/gnu tools arm embedded/4.9 2015q3/bin/../lib/gcc/arm-none-eabi/4.9.3/../../../../arm-none-eabi/lib/armv6-m\libc_nano.a(lib_a-nano-vfprintf.o)
 .rodata.str1.1
                0x08002fad       0x22 c:/program files (x86)/gnu tools arm embedded/4.9 2015q3/bin/../lib/gcc/arm-none-eabi/4.9.3/../../../../arm-none-eabi/lib/armv6-m\libc_nano.a(lib_a-nano-vfprintf_i.o)
 *(.eh_frame*)
 *fill*         0x08002fcf        0x1 
 .eh_frame      0x08002fd0        0x0 c:/program files (x86)/gnu tools arm embedded/4.9 2015q3/bin/../lib/gcc/arm-none-eabi/4.9.3/armv6-m/crtbegin.o
 .eh_frame      0x08002fd0        0x0 c:/program files (x86)/gnu tools arm embedded/4.9 2015q3/bin/../lib/gcc/arm-none-eabi/4.9.3/../../../../arm-none-eabi/lib/armv6-m\libc_nano.a(lib_a-strcmp.o)
                                 0x28 (size before relaxing)
 .eh_frame      0x08002fd0        0x4 c:/program files (x86)/gnu tools arm embedded/4.9 2015q3/bin/../lib/gcc/arm-none-eabi/4.9.3/armv6-m/crtend.o

.glue_7         0x08002fd4        0x0
 .glue_7        0x00000000        0x0 linker stubs

.glue_7t        0x08002fd4        0x0
 .glue_7t       0x00000000        0x0 linker stubs

.vfp11_veneer   0x08002fd4        0x0
 .vfp11_veneer  0x00000000        0x0 linker stubs

.v4_bx          0x08002fd4        0x0
 .v4_bx         0x00000000        0x0 linker stubs

.iplt           0x08002fd4        0x0
 .iplt          0x00000000        0x0 c:/program files (x86)/gnu tools arm embedded/4.9 2015q3/bin/../lib/gcc/arm-none-eabi/4.9.3/armv6-m/crtbegin.o

.ARM.extab
 *(.ARM.extab* .gnu.linkonce.armextab.*)
                0x08002fd4                __exidx_start = .

.ARM.exidx      0x08002fd4        0x8
 *(.ARM.exidx* .gnu.linkonce.armexidx.*)
 .ARM.exidx     0x08002fd4        0x8 c:/program files (x86)/gnu tools arm embedded/4.9 2015q3/bin/../lib/gcc/arm-none-eabi/4.9.3/../../../../arm-none-eabi/lib/armv6-m/crt0.o
                0x08002fdc                __exidx_end = .
                0x08002fdc                __etext = .
                0x08002fdc                _sidata = .

.rel.dyn        0x08002fdc        0x0
 .rel.iplt      0x00000000        0x0 c:/program files (x86)/gnu tools arm embedded/4.9 2015q3/bin/../lib/gcc/arm-none-eabi/4.9.3/armv6-m/crtbegin.o

.data           0x200000b0       0x7c load address 0x08002fdc
                0x200000b0                __data_start__ = .
                0x200000b0                _sdata = .
 *(vtable)
 *(.data*)
 .data._ZZ5_sbrkE4heap
                0x200000b0        0x4 ..\obj\retarget.o
 .data.SystemCoreClock
                0x200000b4        0x4 ..\obj\system_stm32f0xx.o
                0x200000b4                SystemCoreClock
 .data.impure_data
                0x200000b8       0x60 c:/program files (x86)/gnu tools arm embedded/4.9 2015q3/bin/../lib/gcc/arm-none-eabi/4.9.3/../../../../arm-none-eabi/lib/armv6-m\libc_nano.a(lib_a-impure.o)
 .data._impure_ptr
                0x20000118        0x4 c:/program files (x86)/gnu tools arm embedded/4.9 2015q3/bin/../lib/gcc/arm-none-eabi/4.9.3/../../../../arm-none-eabi/lib/armv6-m\libc_nano.a(lib_a-impure.o)
                0x20000118                _impure_ptr
                0x2000011c                . = ALIGN (0x4)
                0x2000011c                PROVIDE (__preinit_array_start, .)
 *(.preinit_array)
                0x2000011c                PROVIDE (__preinit_array_end, .)
                0x2000011c                . = ALIGN (0x4)
                0x2000011c                PROVIDE (__init_array_start, .)
 *(SORT(.init_array.*))
 *(.init_array)
 .init_array    0x2000011c        0x4 c:/program files (x86)/gnu tools arm embedded/4.9 2015q3/bin/../lib/gcc/arm-none-eabi/4.9.3/armv6-m/crtbegin.o
 .init_array    0x20000120        0x4 ..\obj\main.o
                0x20000124                PROVIDE (__init_array_end, .)
                0x20000124                . = ALIGN (0x4)
                0x20000124                PROVIDE (__fini_array_start, .)
 *(SORT(.fini_array.*))
 *(.fini_array)
 .fini_array    0x20000124        0x4 c:/program files (x86)/gnu tools arm embedded/4.9 2015q3/bin/../lib/gcc/arm-none-eabi/4.9.3/armv6-m/crtbegin.o
                0x20000128                PROVIDE (__fini_array_end, .)
 *(.jcr*)
 .jcr           0x20000128        0x0 c:/program files (x86)/gnu tools arm embedded/4.9 2015q3/bin/../lib/gcc/arm-none-eabi/4.9.3/armv6-m/crtbegin.o
 .jcr           0x20000128        0x4 c:/program files (x86)/gnu tools arm embedded/4.9 2015q3/bin/../lib/gcc/arm-none-eabi/4.9.3/armv6-m/crtend.o
                0x2000012c                . = ALIGN (0x4)
                0x2000012c                __data_end__ = .
                0x2000012c                _edata = .

.igot.plt       0x2000012c        0x0 load address 0x08003058
 .igot.plt      0x00000000        0x0 c:/program files (x86)/gnu tools arm embedded/4.9 2015q3/bin/../lib/gcc/arm-none-eabi/4.9.3/armv6-m/crtbegin.o

.bss            0x2000012c      0x258 load address 0x08003058
                0x2000012c                . = ALIGN (0x4)
                0x2000012c                __bss_start__ = .
                0x2000012c                _sbss = .
 *(.bss*)
 .bss           0x2000012c       0x1c c:/program files (x86)/gnu tools arm embedded/4.9 2015q3/bin/../lib/gcc/arm-none-eabi/4.9.3/armv6-m/crtbegin.o
 .bss.stdio_uart_inited
                0x20000148        0x4 ..\obj\serial_api.o
                0x20000148                stdio_uart_inited
 .bss.UartHandle
                0x2000014c       0x70 ..\obj\serial_api.o
                0x2000014c                UartHandle
 .bss.stdio_uart
                0x200001bc       0x1c ..\obj\serial_api.o
                0x200001bc                stdio_uart
 .bss.events    0x200001d8        0x8 ..\obj\us_ticker_api.o
 .bss.uwTick    0x200001e0        0x4 ..\obj\stm32f0xx_hal.o
 .bss.myled     0x200001e4       0x14 ..\obj\main.o
                0x200001e4                myled
 .bss._ZL11filehandles
                0x200001f8      0x100 ..\obj\retarget.o
 .bss.TimMasterHandle
                0x200002f8       0x3c ..\obj\us_ticker.o
 .bss.us_ticker_inited
                0x20000334        0x4 ..\obj\us_ticker.o
 .bss.PreviousVal
                0x20000338        0x4 ..\obj\hal_tick.o
                0x20000338                PreviousVal
 .bss.TimMasterHandle
                0x2000033c       0x3c ..\obj\hal_tick.o
                0x2000033c                TimMasterHandle
 .bss.__malloc_sbrk_start
                0x20000378        0x4 c:/program files (x86)/gnu tools arm embedded/4.9 2015q3/bin/../lib/gcc/arm-none-eabi/4.9.3/../../../../arm-none-eabi/lib/armv6-m\libc_nano.a(lib_a-nano-mallocr.o)
                0x20000378                __malloc_sbrk_start
 .bss.__malloc_free_list
                0x2000037c        0x4 c:/program files (x86)/gnu tools arm embedded/4.9 2015q3/bin/../lib/gcc/arm-none-eabi/4.9.3/../../../../arm-none-eabi/lib/armv6-m\libc_nano.a(lib_a-nano-mallocr.o)
                0x2000037c                __malloc_free_list
 *(COMMON)
 COMMON         0x20000380        0x4 c:/program files (x86)/gnu tools arm embedded/4.9 2015q3/bin/../lib/gcc/arm-none-eabi/4.9.3/../../../../arm-none-eabi/lib/armv6-m\libc_nano.a(lib_a-reent.o)
                0x20000380                errno
                0x20000384                . = ALIGN (0x4)
                0x20000384                __bss_end__ = .
                0x20000384                _ebss = .

.heap           0x20000384        0x0
                0x20000384                __end__ = .
                0x20000384                end = __end__
 *(.heap*)
                0x20000384                __HeapLimit = .

.stack_dummy    0x20000384        0x0
 *(.stack*)
                0x20001000                __StackTop = (ORIGIN (RAM) + 0xf50)
                0x20001000                _estack = __StackTop
                0x20001000                __StackLimit = (__StackTop - SIZEOF (.stack_dummy))
                0x20001000                PROVIDE (__stack, __StackTop)
                0x00000001                ASSERT ((__StackLimit >= __HeapLimit), region RAM overflowed with stack)
LOAD ..\obj\SerialBase.o
LOAD ..\obj\stm32f0xx_hal_pwr.o
LOAD ..\obj\mbed_overrides.o
LOAD ..\obj\stm32f0xx_hal_smartcard_ex.o
LOAD ..\obj\ticker_api.o
LOAD ..\obj\stm32f0xx_hal_can.o
LOAD ..\obj\PeripheralPins.o
LOAD ..\obj\stm32f0xx_hal_dac.o
LOAD ..\obj\stm32f0xx_hal_dac_ex.o
LOAD ..\obj\serial_api.o
LOAD ..\obj\stm32f0xx_hal_wwdg.o
LOAD ..\obj\analogin_api.o
LOAD ..\obj\us_ticker_api.o
LOAD ..\obj\SPISlave.o
LOAD ..\obj\pinmap.o
LOAD ..\obj\stm32f0xx_hal_crc.o
LOAD ..\obj\InterruptIn.o
LOAD ..\obj\mbed_interface.o
LOAD ..\obj\TimerEvent.o
LOAD ..\obj\pwmout_api.o
LOAD ..\obj\CAN.o
LOAD ..\obj\stm32f0xx_hal_rcc.o
LOAD ..\obj\stm32f0xx_hal.o
LOAD ..\obj\Ticker.o
LOAD ..\obj\gpio_irq_api.o
LOAD ..\obj\stm32f0xx_hal_spi_ex.o
LOAD ..\obj\FileLike.o
LOAD ..\obj\stm32f0xx_hal_adc.o
LOAD ..\obj\stm32f0xx_hal_i2s.o
LOAD ..\obj\stm32f0xx_hal_pcd.o
LOAD ..\obj\assert.o
LOAD ..\obj\stm32f0xx_hal_uart.o
LOAD ..\obj\gpio_api.o
LOAD ..\obj\main.o
LOAD ..\obj\board.o
LOAD ..\obj\pinmap_common.o
LOAD ..\obj\stm32f0xx_hal_crc_ex.o
LOAD ..\obj\Ethernet.o
LOAD ..\obj\stm32f0xx_hal_adc_ex.o
LOAD ..\obj\stm32f0xx_hal_smartcard.o
LOAD ..\obj\stm32f0xx_hal_rtc_ex.o
LOAD ..\obj\analogout_api.o
LOAD ..\obj\sleep.o
LOAD ..\obj\stm32f0xx_hal_cec.o
LOAD ..\obj\stm32f0xx_hal_rcc_ex.o
LOAD ..\obj\port_api.o
LOAD ..\obj\gpio.o
LOAD ..\obj\FileSystemLike.o
LOAD ..\obj\wait_api.o
LOAD ..\obj\I2C.o
LOAD ..\obj\Timer.o
LOAD ..\obj\rtc_api.o
LOAD ..\obj\stm32f0xx_hal_flash_ex.o
LOAD ..\obj\Stream.o
LOAD ..\obj\stm32f0xx_hal_tsc.o
LOAD ..\obj\stm32f0xx_hal_dma.o
LOAD ..\obj\RawSerial.o
LOAD ..\obj\cmsis_nvic.o
LOAD ..\obj\retarget.o
LOAD ..\obj\stm32f0xx_hal_usart.o
LOAD ..\obj\error.o
LOAD ..\obj\stm32f0xx_hal_cortex.o
LOAD ..\obj\semihost_api.o
LOAD ..\obj\stm32f0xx_hal_iwdg.o
LOAD ..\obj\FileBase.o
LOAD ..\obj\us_ticker.o
LOAD ..\obj\BusIn.o
LOAD ..\obj\hal_tick.o
LOAD ..\obj\i2c_api.o
LOAD ..\obj\stm32f0xx_hal_spi.o
LOAD ..\obj\lp_ticker_api.o
LOAD ..\obj\stm32f0xx_hal_i2c.o
LOAD ..\obj\stm32f0xx_hal_flash.o
LOAD ..\obj\stm32f0xx_hal_pcd_ex.o
LOAD ..\obj\stm32f0xx_hal_i2c_ex.o
LOAD ..\obj\Serial.o
LOAD ..\obj\Timeout.o
LOAD ..\obj\system_stm32f0xx.o
LOAD ..\obj\stm32f0xx_hal_rtc.o
LOAD ..\obj\CallChain.o
LOAD ..\obj\SPI.o
LOAD ..\obj\stm32f0xx_hal_pwr_ex.o
LOAD ..\obj\stm32f0xx_hal_tim_ex.o
LOAD ..\obj\rtc_time.o
LOAD ..\obj\stm32f0xx_hal_uart_ex.o
LOAD ..\obj\stm32f0xx_hal_tim.o
LOAD ..\obj\FilePath.o
LOAD ..\obj\I2CSlave.o
LOAD ..\obj\BusOut.o
LOAD ..\obj\BusInOut.o
LOAD ..\obj\stm32f0xx_hal_smbus.o
LOAD ..\obj\stm32f0xx_hal_gpio.o
LOAD ..\obj\stm32f0xx_hal_comp.o
LOAD ..\obj\LocalFileSystem.o
LOAD ..\obj\spi_api.o
LOAD ..\obj\InterruptManager.o
LOAD ..\obj\startup_stm32f031x6.o
LOAD ..\obj\stm32f0xx_hal_irda.o
LOAD c:/program files (x86)/gnu tools arm embedded/4.9 2015q3/bin/../lib/gcc/arm-none-eabi/4.9.3/../../../../arm-none-eabi/lib/armv6-m\libstdc++_nano.a
LOAD c:/program files (x86)/gnu tools arm embedded/4.9 2015q3/bin/../lib/gcc/arm-none-eabi/4.9.3/../../../../arm-none-eabi/lib/armv6-m\libsupc++_nano.a
LOAD c:/program files (x86)/gnu tools arm embedded/4.9 2015q3/bin/../lib/gcc/arm-none-eabi/4.9.3/../../../../arm-none-eabi/lib/armv6-m\libm.a
LOAD c:/program files (x86)/gnu tools arm embedded/4.9 2015q3/bin/../lib/gcc/arm-none-eabi/4.9.3/armv6-m\libgcc.a
LOAD c:/program files (x86)/gnu tools arm embedded/4.9 2015q3/bin/../lib/gcc/arm-none-eabi/4.9.3/../../../../arm-none-eabi/lib/armv6-m\libc_nano.a
LOAD c:/program files (x86)/gnu tools arm embedded/4.9 2015q3/bin/../lib/gcc/arm-none-eabi/4.9.3/../../../../arm-none-eabi/lib/armv6-m\libnosys.a
START GROUP
LOAD c:/program files (x86)/gnu tools arm embedded/4.9 2015q3/bin/../lib/gcc/arm-none-eabi/4.9.3/armv6-m\libgcc.a
LOAD c:/program files (x86)/gnu tools arm embedded/4.9 2015q3/bin/../lib/gcc/arm-none-eabi/4.9.3/../../../../arm-none-eabi/lib/armv6-m\libg_nano.a
LOAD c:/program files (x86)/gnu tools arm embedded/4.9 2015q3/bin/../lib/gcc/arm-none-eabi/4.9.3/../../../../arm-none-eabi/lib/armv6-m\libc_nano.a
END GROUP
START GROUP
LOAD c:/program files (x86)/gnu tools arm embedded/4.9 2015q3/bin/../lib/gcc/arm-none-eabi/4.9.3/armv6-m\libgcc.a
LOAD c:/program files (x86)/gnu tools arm embedded/4.9 2015q3/bin/../lib/gcc/arm-none-eabi/4.9.3/../../../../arm-none-eabi/lib/armv6-m\libc_nano.a
END GROUP
LOAD c:/program files (x86)/gnu tools arm embedded/4.9 2015q3/bin/../lib/gcc/arm-none-eabi/4.9.3/armv6-m/crtend.o
LOAD c:/program files (x86)/gnu tools arm embedded/4.9 2015q3/bin/../lib/gcc/arm-none-eabi/4.9.3/armv6-m/crtn.o
OUTPUT(Nucleo_blink_led.elf elf32-littlearm)

.ARM.attributes
                0x00000000       0x28
 .ARM.attributes
                0x00000000       0x1e c:/program files (x86)/gnu tools arm embedded/4.9 2015q3/bin/../lib/gcc/arm-none-eabi/4.9.3/armv6-m/crti.o
 .ARM.attributes
                0x0000001e       0x2c c:/program files (x86)/gnu tools arm embedded/4.9 2015q3/bin/../lib/gcc/arm-none-eabi/4.9.3/armv6-m/crtbegin.o
 .ARM.attributes
                0x0000004a       0x1b c:/program files (x86)/gnu tools arm embedded/4.9 2015q3/bin/../lib/gcc/arm-none-eabi/4.9.3/../../../../arm-none-eabi/lib/armv6-m/crt0.o
 .ARM.attributes
                0x00000065       0x31 ..\obj\mbed_overrides.o
 .ARM.attributes
                0x00000096       0x31 ..\obj\ticker_api.o
 .ARM.attributes
                0x000000c7       0x31 ..\obj\PeripheralPins.o
 .ARM.attributes
                0x000000f8       0x31 ..\obj\serial_api.o
 .ARM.attributes
                0x00000129       0x31 ..\obj\us_ticker_api.o
 .ARM.attributes
                0x0000015a       0x31 ..\obj\pinmap.o
 .ARM.attributes
                0x0000018b       0x31 ..\obj\stm32f0xx_hal_rcc.o
 .ARM.attributes
                0x000001bc       0x31 ..\obj\stm32f0xx_hal.o
 .ARM.attributes
                0x000001ed       0x31 ..\obj\assert.o
 .ARM.attributes
                0x0000021e       0x31 ..\obj\stm32f0xx_hal_uart.o
 .ARM.attributes
                0x0000024f       0x31 ..\obj\gpio_api.o
 .ARM.attributes
                0x00000280       0x31 ..\obj\main.o
 .ARM.attributes
                0x000002b1       0x31 ..\obj\board.o
 .ARM.attributes
                0x000002e2       0x31 ..\obj\pinmap_common.o
 .ARM.attributes
                0x00000313       0x31 ..\obj\gpio.o
 .ARM.attributes
                0x00000344       0x31 ..\obj\wait_api.o
 .ARM.attributes
                0x00000375       0x31 ..\obj\cmsis_nvic.o
 .ARM.attributes
                0x000003a6       0x31 ..\obj\retarget.o
 .ARM.attributes
                0x000003d7       0x31 ..\obj\error.o
 .ARM.attributes
                0x00000408       0x31 ..\obj\us_ticker.o
 .ARM.attributes
                0x00000439       0x31 ..\obj\hal_tick.o
 .ARM.attributes
                0x0000046a       0x31 ..\obj\system_stm32f0xx.o
 .ARM.attributes
                0x0000049b       0x31 ..\obj\stm32f0xx_hal_tim.o
 .ARM.attributes
                0x000004cc       0x31 ..\obj\stm32f0xx_hal_gpio.o
 .ARM.attributes
                0x000004fd       0x21 ..\obj\startup_stm32f031x6.o
 .ARM.attributes
                0x0000051e       0x1e c:/program files (x86)/gnu tools arm embedded/4.9 2015q3/bin/../lib/gcc/arm-none-eabi/4.9.3/armv6-m\libgcc.a(_thumb1_case_uqi.o)
 .ARM.attributes
                0x0000053c       0x1e c:/program files (x86)/gnu tools arm embedded/4.9 2015q3/bin/../lib/gcc/arm-none-eabi/4.9.3/armv6-m\libgcc.a(_udivsi3.o)
 .ARM.attributes
                0x0000055a       0x1e c:/program files (x86)/gnu tools arm embedded/4.9 2015q3/bin/../lib/gcc/arm-none-eabi/4.9.3/armv6-m\libgcc.a(_dvmd_tls.o)
 .ARM.attributes
                0x00000578       0x2c c:/program files (x86)/gnu tools arm embedded/4.9 2015q3/bin/../lib/gcc/arm-none-eabi/4.9.3/armv6-m\libgcc.a(mulsf3.o)
 .ARM.attributes
                0x000005a4       0x2c c:/program files (x86)/gnu tools arm embedded/4.9 2015q3/bin/../lib/gcc/arm-none-eabi/4.9.3/armv6-m\libgcc.a(fixsfsi.o)
 .ARM.attributes
                0x000005d0       0x1e c:/program files (x86)/gnu tools arm embedded/4.9 2015q3/bin/../lib/gcc/arm-none-eabi/4.9.3/armv6-m\libgcc.a(_clzsi2.o)
 .ARM.attributes
                0x000005ee       0x2c c:/program files (x86)/gnu tools arm embedded/4.9 2015q3/bin/../lib/gcc/arm-none-eabi/4.9.3/../../../../arm-none-eabi/lib/armv6-m\libc_nano.a(lib_a-errno.o)
 .ARM.attributes
                0x0000061a       0x2c c:/program files (x86)/gnu tools arm embedded/4.9 2015q3/bin/../lib/gcc/arm-none-eabi/4.9.3/../../../../arm-none-eabi/lib/armv6-m\libc_nano.a(lib_a-exit.o)
 .ARM.attributes
                0x00000646       0x2c c:/program files (x86)/gnu tools arm embedded/4.9 2015q3/bin/../lib/gcc/arm-none-eabi/4.9.3/../../../../arm-none-eabi/lib/armv6-m\libc_nano.a(lib_a-fflush.o)
 .ARM.attributes
                0x00000672       0x2c c:/program files (x86)/gnu tools arm embedded/4.9 2015q3/bin/../lib/gcc/arm-none-eabi/4.9.3/../../../../arm-none-eabi/lib/armv6-m\libc_nano.a(lib_a-findfp.o)
 .ARM.attributes
                0x0000069e       0x2c c:/program files (x86)/gnu tools arm embedded/4.9 2015q3/bin/../lib/gcc/arm-none-eabi/4.9.3/../../../../arm-none-eabi/lib/armv6-m\libc_nano.a(lib_a-fwalk.o)
 .ARM.attributes
                0x000006ca       0x2c c:/program files (x86)/gnu tools arm embedded/4.9 2015q3/bin/../lib/gcc/arm-none-eabi/4.9.3/../../../../arm-none-eabi/lib/armv6-m\libc_nano.a(lib_a-impure.o)
 .ARM.attributes
                0x000006f6       0x2c c:/program files (x86)/gnu tools arm embedded/4.9 2015q3/bin/../lib/gcc/arm-none-eabi/4.9.3/../../../../arm-none-eabi/lib/armv6-m\libc_nano.a(lib_a-init.o)
 .ARM.attributes
                0x00000722       0x2c c:/program files (x86)/gnu tools arm embedded/4.9 2015q3/bin/../lib/gcc/arm-none-eabi/4.9.3/../../../../arm-none-eabi/lib/armv6-m\libc_nano.a(lib_a-makebuf.o)
 .ARM.attributes
                0x0000074e       0x2c c:/program files (x86)/gnu tools arm embedded/4.9 2015q3/bin/../lib/gcc/arm-none-eabi/4.9.3/../../../../arm-none-eabi/lib/armv6-m\libc_nano.a(lib_a-memchr.o)
 .ARM.attributes
                0x0000077a       0x2c c:/program files (x86)/gnu tools arm embedded/4.9 2015q3/bin/../lib/gcc/arm-none-eabi/4.9.3/../../../../arm-none-eabi/lib/armv6-m\libc_nano.a(lib_a-memcpy.o)
 .ARM.attributes
                0x000007a6       0x2c c:/program files (x86)/gnu tools arm embedded/4.9 2015q3/bin/../lib/gcc/arm-none-eabi/4.9.3/../../../../arm-none-eabi/lib/armv6-m\libc_nano.a(lib_a-memset.o)
 .ARM.attributes
                0x000007d2       0x2c c:/program files (x86)/gnu tools arm embedded/4.9 2015q3/bin/../lib/gcc/arm-none-eabi/4.9.3/../../../../arm-none-eabi/lib/armv6-m\libc_nano.a(lib_a-nano-freer.o)
 .ARM.attributes
                0x000007fe       0x2c c:/program files (x86)/gnu tools arm embedded/4.9 2015q3/bin/../lib/gcc/arm-none-eabi/4.9.3/../../../../arm-none-eabi/lib/armv6-m\libc_nano.a(lib_a-nano-mallocr.o)
 .ARM.attributes
                0x0000082a       0x2c c:/program files (x86)/gnu tools arm embedded/4.9 2015q3/bin/../lib/gcc/arm-none-eabi/4.9.3/../../../../arm-none-eabi/lib/armv6-m\libc_nano.a(lib_a-nano-vfprintf.o)
 .ARM.attributes
                0x00000856       0x2c c:/program files (x86)/gnu tools arm embedded/4.9 2015q3/bin/../lib/gcc/arm-none-eabi/4.9.3/../../../../arm-none-eabi/lib/armv6-m\libc_nano.a(lib_a-nano-vfprintf_i.o)
 .ARM.attributes
                0x00000882       0x2c c:/program files (x86)/gnu tools arm embedded/4.9 2015q3/bin/../lib/gcc/arm-none-eabi/4.9.3/../../../../arm-none-eabi/lib/armv6-m\libc_nano.a(lib_a-reent.o)
 .ARM.attributes
                0x000008ae       0x2c c:/program files (x86)/gnu tools arm embedded/4.9 2015q3/bin/../lib/gcc/arm-none-eabi/4.9.3/../../../../arm-none-eabi/lib/armv6-m\libc_nano.a(lib_a-sbrkr.o)
 .ARM.attributes
                0x000008da       0x2c c:/program files (x86)/gnu tools arm embedded/4.9 2015q3/bin/../lib/gcc/arm-none-eabi/4.9.3/../../../../arm-none-eabi/lib/armv6-m\libc_nano.a(lib_a-stdio.o)
 .ARM.attributes
                0x00000906       0x1c c:/program files (x86)/gnu tools arm embedded/4.9 2015q3/bin/../lib/gcc/arm-none-eabi/4.9.3/../../../../arm-none-eabi/lib/armv6-m\libc_nano.a(lib_a-strcmp.o)
 .ARM.attributes
                0x00000922       0x2c c:/program files (x86)/gnu tools arm embedded/4.9 2015q3/bin/../lib/gcc/arm-none-eabi/4.9.3/../../../../arm-none-eabi/lib/armv6-m\libc_nano.a(lib_a-wbuf.o)
 .ARM.attributes
                0x0000094e       0x2c c:/program files (x86)/gnu tools arm embedded/4.9 2015q3/bin/../lib/gcc/arm-none-eabi/4.9.3/../../../../arm-none-eabi/lib/armv6-m\libc_nano.a(lib_a-writer.o)
 .ARM.attributes
                0x0000097a       0x2c c:/program files (x86)/gnu tools arm embedded/4.9 2015q3/bin/../lib/gcc/arm-none-eabi/4.9.3/../../../../arm-none-eabi/lib/armv6-m\libc_nano.a(lib_a-wsetup.o)
 .ARM.attributes
                0x000009a6       0x2c c:/program files (x86)/gnu tools arm embedded/4.9 2015q3/bin/../lib/gcc/arm-none-eabi/4.9.3/../../../../arm-none-eabi/lib/armv6-m\libc_nano.a(lib_a-closer.o)
 .ARM.attributes
                0x000009d2       0x2c c:/program files (x86)/gnu tools arm embedded/4.9 2015q3/bin/../lib/gcc/arm-none-eabi/4.9.3/../../../../arm-none-eabi/lib/armv6-m\libc_nano.a(lib_a-fstatr.o)
 .ARM.attributes
                0x000009fe       0x2c c:/program files (x86)/gnu tools arm embedded/4.9 2015q3/bin/../lib/gcc/arm-none-eabi/4.9.3/../../../../arm-none-eabi/lib/armv6-m\libc_nano.a(lib_a-isattyr.o)
 .ARM.attributes
                0x00000a2a       0x2c c:/program files (x86)/gnu tools arm embedded/4.9 2015q3/bin/../lib/gcc/arm-none-eabi/4.9.3/../../../../arm-none-eabi/lib/armv6-m\libc_nano.a(lib_a-lseekr.o)
 .ARM.attributes
                0x00000a56       0x2c c:/program files (x86)/gnu tools arm embedded/4.9 2015q3/bin/../lib/gcc/arm-none-eabi/4.9.3/../../../../arm-none-eabi/lib/armv6-m\libc_nano.a(lib_a-readr.o)
 .ARM.attributes
                0x00000a82       0x2c c:/program files (x86)/gnu tools arm embedded/4.9 2015q3/bin/../lib/gcc/arm-none-eabi/4.9.3/armv6-m/crtend.o
 .ARM.attributes
                0x00000aae       0x1e c:/program files (x86)/gnu tools arm embedded/4.9 2015q3/bin/../lib/gcc/arm-none-eabi/4.9.3/armv6-m/crtn.o

.comment        0x00000000       0x70
 .comment       0x00000000       0x70 ..\obj\mbed_overrides.o
                                 0x71 (size before relaxing)
 .comment       0x00000000       0x71 ..\obj\ticker_api.o
 .comment       0x00000000       0x71 ..\obj\PeripheralPins.o
 .comment       0x00000000       0x71 ..\obj\serial_api.o
 .comment       0x00000000       0x71 ..\obj\us_ticker_api.o
 .comment       0x00000000       0x71 ..\obj\pinmap.o
 .comment       0x00000000       0x71 ..\obj\stm32f0xx_hal_rcc.o
 .comment       0x00000000       0x71 ..\obj\stm32f0xx_hal.o
 .comment       0x00000000       0x71 ..\obj\assert.o
 .comment       0x00000000       0x71 ..\obj\stm32f0xx_hal_uart.o
 .comment       0x00000000       0x71 ..\obj\gpio_api.o
 .comment       0x00000000       0x71 ..\obj\main.o
 .comment       0x00000000       0x71 ..\obj\board.o
 .comment       0x00000000       0x71 ..\obj\pinmap_common.o
 .comment       0x00000000       0x71 ..\obj\gpio.o
 .comment       0x00000000       0x71 ..\obj\wait_api.o
 .comment       0x00000000       0x71 ..\obj\cmsis_nvic.o
 .comment       0x00000000       0x71 ..\obj\retarget.o
 .comment       0x00000000       0x71 ..\obj\error.o
 .comment       0x00000000       0x71 ..\obj\us_ticker.o
 .comment       0x00000000       0x71 ..\obj\hal_tick.o
 .comment       0x00000000       0x71 ..\obj\system_stm32f0xx.o
 .comment       0x00000000       0x71 ..\obj\stm32f0xx_hal_tim.o
 .comment       0x00000000       0x71 ..\obj\stm32f0xx_hal_gpio.o

.debug_info     0x00000000     0xf177
 .debug_info    0x00000000       0xe1 ..\obj\mbed_overrides.o
 .debug_info    0x000000e1      0x403 ..\obj\ticker_api.o
 .debug_info    0x000004e4      0x42e ..\obj\PeripheralPins.o
 .debug_info    0x00000912     0x12d5 ..\obj\serial_api.o
 .debug_info    0x00001be7      0x26c ..\obj\us_ticker_api.o
 .debug_info    0x00001e53      0x771 ..\obj\pinmap.o
 .debug_info    0x000025c4      0x9a9 ..\obj\stm32f0xx_hal_rcc.o
 .debug_info    0x00002f6d      0x58a ..\obj\stm32f0xx_hal.o
 .debug_info    0x000034f7       0xb2 ..\obj\assert.o
 .debug_info    0x000035a9     0x1215 ..\obj\stm32f0xx_hal_uart.o
 .debug_info    0x000047be      0x569 ..\obj\gpio_api.o
 .debug_info    0x00004d27     0x160a ..\obj\main.o
 .debug_info    0x00006331       0xd9 ..\obj\board.o
 .debug_info    0x0000640a      0x4ea ..\obj\pinmap_common.o
 .debug_info    0x000068f4      0x80e ..\obj\gpio.o
 .debug_info    0x00007102      0x14c ..\obj\wait_api.o
 .debug_info    0x0000724e      0x234 ..\obj\cmsis_nvic.o
 .debug_info    0x00007482     0x2676 ..\obj\retarget.o
 .debug_info    0x00009af8      0x935 ..\obj\error.o
 .debug_info    0x0000a42d      0x5a3 ..\obj\us_ticker.o
 .debug_info    0x0000a9d0      0x920 ..\obj\hal_tick.o
 .debug_info    0x0000b2f0      0x46e ..\obj\system_stm32f0xx.o
 .debug_info    0x0000b75e     0x3341 ..\obj\stm32f0xx_hal_tim.o
 .debug_info    0x0000ea9f      0x5c3 ..\obj\stm32f0xx_hal_gpio.o
 .debug_info    0x0000f062      0x115 ..\obj\startup_stm32f031x6.o

.debug_abbrev   0x00000000     0x2f56
 .debug_abbrev  0x00000000       0x94 ..\obj\mbed_overrides.o
 .debug_abbrev  0x00000094      0x19f ..\obj\ticker_api.o
 .debug_abbrev  0x00000233       0xa7 ..\obj\PeripheralPins.o
 .debug_abbrev  0x000002da      0x374 ..\obj\serial_api.o
 .debug_abbrev  0x0000064e      0x10e ..\obj\us_ticker_api.o
 .debug_abbrev  0x0000075c      0x213 ..\obj\pinmap.o
 .debug_abbrev  0x0000096f      0x25b ..\obj\stm32f0xx_hal_rcc.o
 .debug_abbrev  0x00000bca      0x205 ..\obj\stm32f0xx_hal.o
 .debug_abbrev  0x00000dcf       0x95 ..\obj\assert.o
 .debug_abbrev  0x00000e64      0x1ec ..\obj\stm32f0xx_hal_uart.o
 .debug_abbrev  0x00001050      0x1a7 ..\obj\gpio_api.o
 .debug_abbrev  0x000011f7      0x3c6 ..\obj\main.o
 .debug_abbrev  0x000015bd       0x9e ..\obj\board.o
 .debug_abbrev  0x0000165b      0x139 ..\obj\pinmap_common.o
 .debug_abbrev  0x00001794      0x1de ..\obj\gpio.o
 .debug_abbrev  0x00001972       0xbe ..\obj\wait_api.o
 .debug_abbrev  0x00001a30      0x11c ..\obj\cmsis_nvic.o
 .debug_abbrev  0x00001b4c      0x6df ..\obj\retarget.o
 .debug_abbrev  0x0000222b      0x209 ..\obj\error.o
 .debug_abbrev  0x00002434      0x1b2 ..\obj\us_ticker.o
 .debug_abbrev  0x000025e6      0x296 ..\obj\hal_tick.o
 .debug_abbrev  0x0000287c      0x1e7 ..\obj\system_stm32f0xx.o
 .debug_abbrev  0x00002a63      0x314 ..\obj\stm32f0xx_hal_tim.o
 .debug_abbrev  0x00002d77      0x1cd ..\obj\stm32f0xx_hal_gpio.o
 .debug_abbrev  0x00002f44       0x12 ..\obj\startup_stm32f031x6.o

.debug_aranges  0x00000000      0xaf8
 .debug_aranges
                0x00000000       0x20 ..\obj\mbed_overrides.o
 .debug_aranges
                0x00000020       0x48 ..\obj\ticker_api.o
 .debug_aranges
                0x00000068       0x18 ..\obj\PeripheralPins.o
 .debug_aranges
                0x00000080       0x98 ..\obj\serial_api.o
 .debug_aranges
                0x00000118       0x28 ..\obj\us_ticker_api.o
 .debug_aranges
                0x00000140       0x30 ..\obj\pinmap.o
 .debug_aranges
                0x00000170       0x80 ..\obj\stm32f0xx_hal_rcc.o
 .debug_aranges
                0x000001f0       0xa0 ..\obj\stm32f0xx_hal.o
 .debug_aranges
                0x00000290       0x20 ..\obj\assert.o
 .debug_aranges
                0x000002b0      0x150 ..\obj\stm32f0xx_hal_uart.o
 .debug_aranges
                0x00000400       0x38 ..\obj\gpio_api.o
 .debug_aranges
                0x00000438       0x28 ..\obj\main.o
 .debug_aranges
                0x00000460       0x20 ..\obj\board.o
 .debug_aranges
                0x00000480       0x48 ..\obj\pinmap_common.o
 .debug_aranges
                0x000004c8       0x50 ..\obj\gpio.o
 .debug_aranges
                0x00000518       0x30 ..\obj\wait_api.o
 .debug_aranges
                0x00000548       0x28 ..\obj\cmsis_nvic.o
 .debug_aranges
                0x00000570      0x118 ..\obj\retarget.o
 .debug_aranges
                0x00000688       0x20 ..\obj\error.o
 .debug_aranges
                0x000006a8       0x40 ..\obj\us_ticker.o
 .debug_aranges
                0x000006e8       0x28 ..\obj\hal_tick.o
 .debug_aranges
                0x00000710       0x38 ..\obj\system_stm32f0xx.o
 .debug_aranges
                0x00000748      0x330 ..\obj\stm32f0xx_hal_tim.o
 .debug_aranges
                0x00000a78       0x58 ..\obj\stm32f0xx_hal_gpio.o
 .debug_aranges
                0x00000ad0       0x28 ..\obj\startup_stm32f031x6.o

.debug_ranges   0x00000000      0xe50
 .debug_ranges  0x00000000       0x10 ..\obj\mbed_overrides.o
 .debug_ranges  0x00000010       0x38 ..\obj\ticker_api.o
 .debug_ranges  0x00000048       0x88 ..\obj\serial_api.o
 .debug_ranges  0x000000d0       0x18 ..\obj\us_ticker_api.o
 .debug_ranges  0x000000e8       0x68 ..\obj\pinmap.o
 .debug_ranges  0x00000150       0xb8 ..\obj\stm32f0xx_hal_rcc.o
 .debug_ranges  0x00000208       0x90 ..\obj\stm32f0xx_hal.o
 .debug_ranges  0x00000298       0x10 ..\obj\assert.o
 .debug_ranges  0x000002a8      0x140 ..\obj\stm32f0xx_hal_uart.o
 .debug_ranges  0x000003e8       0x28 ..\obj\gpio_api.o
 .debug_ranges  0x00000410       0x50 ..\obj\main.o
 .debug_ranges  0x00000460       0x10 ..\obj\board.o
 .debug_ranges  0x00000470       0x38 ..\obj\pinmap_common.o
 .debug_ranges  0x000004a8       0x40 ..\obj\gpio.o
 .debug_ranges  0x000004e8       0x20 ..\obj\wait_api.o
 .debug_ranges  0x00000508       0x18 ..\obj\cmsis_nvic.o
 .debug_ranges  0x00000520      0x180 ..\obj\retarget.o
 .debug_ranges  0x000006a0       0x10 ..\obj\error.o
 .debug_ranges  0x000006b0       0x30 ..\obj\us_ticker.o
 .debug_ranges  0x000006e0       0x38 ..\obj\hal_tick.o
 .debug_ranges  0x00000718       0x28 ..\obj\system_stm32f0xx.o
 .debug_ranges  0x00000740      0x680 ..\obj\stm32f0xx_hal_tim.o
 .debug_ranges  0x00000dc0       0x70 ..\obj\stm32f0xx_hal_gpio.o
 .debug_ranges  0x00000e30       0x20 ..\obj\startup_stm32f031x6.o

.debug_line     0x00000000     0x668c
 .debug_line    0x00000000      0x1c0 ..\obj\mbed_overrides.o
 .debug_line    0x000001c0      0x2b8 ..\obj\ticker_api.o
 .debug_line    0x00000478      0x1e0 ..\obj\PeripheralPins.o
 .debug_line    0x00000658      0x631 ..\obj\serial_api.o
 .debug_line    0x00000c89      0x1ad ..\obj\us_ticker_api.o
 .debug_line    0x00000e36      0x3d4 ..\obj\pinmap.o
 .debug_line    0x0000120a      0x536 ..\obj\stm32f0xx_hal_rcc.o
 .debug_line    0x00001740      0x3e6 ..\obj\stm32f0xx_hal.o
 .debug_line    0x00001b26       0xcc ..\obj\assert.o
 .debug_line    0x00001bf2      0xa04 ..\obj\stm32f0xx_hal_uart.o
 .debug_line    0x000025f6      0x37a ..\obj\gpio_api.o
 .debug_line    0x00002970      0x4f0 ..\obj\main.o
 .debug_line    0x00002e60      0x13c ..\obj\board.o
 .debug_line    0x00002f9c      0x2df ..\obj\pinmap_common.o
 .debug_line    0x0000327b      0x370 ..\obj\gpio.o
 .debug_line    0x000035eb      0x1c3 ..\obj\wait_api.o
 .debug_line    0x000037ae      0x1b3 ..\obj\cmsis_nvic.o
 .debug_line    0x00003961      0x817 ..\obj\retarget.o
 .debug_line    0x00004178      0x1de ..\obj\error.o
 .debug_line    0x00004356      0x358 ..\obj\us_ticker.o
 .debug_line    0x000046ae      0x325 ..\obj\hal_tick.o
 .debug_line    0x000049d3      0x2dc ..\obj\system_stm32f0xx.o
 .debug_line    0x00004caf     0x1549 ..\obj\stm32f0xx_hal_tim.o
 .debug_line    0x000061f8      0x392 ..\obj\stm32f0xx_hal_gpio.o
 .debug_line    0x0000658a      0x102 ..\obj\startup_stm32f031x6.o

.debug_str      0x00000000     0x4140
 .debug_str     0x00000000      0x268 ..\obj\mbed_overrides.o
                                0x2a1 (size before relaxing)
 .debug_str     0x00000268      0x14f ..\obj\ticker_api.o
                                0x3af (size before relaxing)
 .debug_str     0x000003b7      0x242 ..\obj\PeripheralPins.o
                                0x466 (size before relaxing)
 .debug_str     0x000005f9      0x973 ..\obj\serial_api.o
                                0xd6e (size before relaxing)
 .debug_str     0x00000f6c       0x97 ..\obj\us_ticker_api.o
                                0x369 (size before relaxing)
 .debug_str     0x00001003      0x14b ..\obj\pinmap.o
                                0x4fc (size before relaxing)
 .debug_str     0x0000114e      0x389 ..\obj\stm32f0xx_hal_rcc.o
                                0x6aa (size before relaxing)
 .debug_str     0x000014d7      0x1f2 ..\obj\stm32f0xx_hal.o
                                0x633 (size before relaxing)
 .debug_str     0x000016c9       0x55 ..\obj\assert.o
                                0x161 (size before relaxing)
 .debug_str     0x0000171e      0x490 ..\obj\stm32f0xx_hal_uart.o
                                0xbf1 (size before relaxing)
 .debug_str     0x00001bae       0xd0 ..\obj\gpio_api.o
                                0x482 (size before relaxing)
 .debug_str     0x00001c7e      0x7a4 ..\obj\main.o
                                0xa90 (size before relaxing)
 .debug_str     0x00002422       0x5b ..\obj\board.o
                                0x233 (size before relaxing)
 .debug_str     0x0000247d       0x8e ..\obj\pinmap_common.o
                                0x409 (size before relaxing)
 .debug_str     0x0000250b       0x97 ..\obj\gpio.o
                                0x465 (size before relaxing)
 .debug_str     0x000025a2       0x64 ..\obj\wait_api.o
                                0x25b (size before relaxing)
 .debug_str     0x00002606       0xbc ..\obj\cmsis_nvic.o
                                0x435 (size before relaxing)
 .debug_str     0x000026c2      0x71e ..\obj\retarget.o
                               0x10c7 (size before relaxing)
 .debug_str     0x00002de0       0x53 ..\obj\error.o
                                0x61c (size before relaxing)
 .debug_str     0x00002e33      0x29d ..\obj\us_ticker.o
                                0x6c1 (size before relaxing)
 .debug_str     0x000030d0       0xc2 ..\obj\hal_tick.o
                                0x925 (size before relaxing)
 .debug_str     0x00003192       0xd5 ..\obj\system_stm32f0xx.o
                                0x4d8 (size before relaxing)
 .debug_str     0x00003267      0xd67 ..\obj\stm32f0xx_hal_tim.o
                               0x13af (size before relaxing)
 .debug_str     0x00003fce      0x172 ..\obj\stm32f0xx_hal_gpio.o
                                0x4a4 (size before relaxing)

.debug_frame    0x00000000     0x21fc
 .debug_frame   0x00000000       0x28 ..\obj\mbed_overrides.o
 .debug_frame   0x00000028       0xa4 ..\obj\ticker_api.o
 .debug_frame   0x000000cc      0x17c ..\obj\serial_api.o
 .debug_frame   0x00000248       0x38 ..\obj\us_ticker_api.o
 .debug_frame   0x00000280       0x6c ..\obj\pinmap.o
 .debug_frame   0x000002ec      0x140 ..\obj\stm32f0xx_hal_rcc.o
 .debug_frame   0x0000042c      0x144 ..\obj\stm32f0xx_hal.o
 .debug_frame   0x00000570       0x2c ..\obj\assert.o
 .debug_frame   0x0000059c      0x3c4 ..\obj\stm32f0xx_hal_uart.o
 .debug_frame   0x00000960       0x78 ..\obj\gpio_api.o
 .debug_frame   0x000009d8       0x40 ..\obj\main.o
 .debug_frame   0x00000a18       0x28 ..\obj\board.o
 .debug_frame   0x00000a40       0x90 ..\obj\pinmap_common.o
 .debug_frame   0x00000ad0       0xc8 ..\obj\gpio.o
 .debug_frame   0x00000b98       0x5c ..\obj\wait_api.o
 .debug_frame   0x00000bf4       0x3c ..\obj\cmsis_nvic.o
 .debug_frame   0x00000c30      0x318 ..\obj\retarget.o
 .debug_frame   0x00000f48       0x30 ..\obj\error.o
 .debug_frame   0x00000f78       0x70 ..\obj\us_ticker.o
 .debug_frame   0x00000fe8       0x4c ..\obj\hal_tick.o
 .debug_frame   0x00001034       0x80 ..\obj\system_stm32f0xx.o
 .debug_frame   0x000010b4      0x938 ..\obj\stm32f0xx_hal_tim.o
 .debug_frame   0x000019ec       0xc0 ..\obj\stm32f0xx_hal_gpio.o
 .debug_frame   0x00001aac       0x20 c:/program files (x86)/gnu tools arm embedded/4.9 2015q3/bin/../lib/gcc/arm-none-eabi/4.9.3/armv6-m\libgcc.a(_udivsi3.o)
 .debug_frame   0x00001acc       0x3c c:/program files (x86)/gnu tools arm embedded/4.9 2015q3/bin/../lib/gcc/arm-none-eabi/4.9.3/armv6-m\libgcc.a(mulsf3.o)
 .debug_frame   0x00001b08       0x20 c:/program files (x86)/gnu tools arm embedded/4.9 2015q3/bin/../lib/gcc/arm-none-eabi/4.9.3/armv6-m\libgcc.a(fixsfsi.o)
 .debug_frame   0x00001b28       0x20 c:/program files (x86)/gnu tools arm embedded/4.9 2015q3/bin/../lib/gcc/arm-none-eabi/4.9.3/../../../../arm-none-eabi/lib/armv6-m\libc_nano.a(lib_a-errno.o)
 .debug_frame   0x00001b48       0x28 c:/program files (x86)/gnu tools arm embedded/4.9 2015q3/bin/../lib/gcc/arm-none-eabi/4.9.3/../../../../arm-none-eabi/lib/armv6-m\libc_nano.a(lib_a-exit.o)
 .debug_frame   0x00001b70       0x68 c:/program files (x86)/gnu tools arm embedded/4.9 2015q3/bin/../lib/gcc/arm-none-eabi/4.9.3/../../../../arm-none-eabi/lib/armv6-m\libc_nano.a(lib_a-fflush.o)
 .debug_frame   0x00001bd8      0x140 c:/program files (x86)/gnu tools arm embedded/4.9 2015q3/bin/../lib/gcc/arm-none-eabi/4.9.3/../../../../arm-none-eabi/lib/armv6-m\libc_nano.a(lib_a-findfp.o)
 .debug_frame   0x00001d18       0x58 c:/program files (x86)/gnu tools arm embedded/4.9 2015q3/bin/../lib/gcc/arm-none-eabi/4.9.3/../../../../arm-none-eabi/lib/armv6-m\libc_nano.a(lib_a-fwalk.o)
 .debug_frame   0x00001d70       0x2c c:/program files (x86)/gnu tools arm embedded/4.9 2015q3/bin/../lib/gcc/arm-none-eabi/4.9.3/../../../../arm-none-eabi/lib/armv6-m\libc_nano.a(lib_a-init.o)
 .debug_frame   0x00001d9c       0x30 c:/program files (x86)/gnu tools arm embedded/4.9 2015q3/bin/../lib/gcc/arm-none-eabi/4.9.3/../../../../arm-none-eabi/lib/armv6-m\libc_nano.a(lib_a-makebuf.o)
 .debug_frame   0x00001dcc       0x20 c:/program files (x86)/gnu tools arm embedded/4.9 2015q3/bin/../lib/gcc/arm-none-eabi/4.9.3/../../../../arm-none-eabi/lib/armv6-m\libc_nano.a(lib_a-memchr.o)
 .debug_frame   0x00001dec       0x28 c:/program files (x86)/gnu tools arm embedded/4.9 2015q3/bin/../lib/gcc/arm-none-eabi/4.9.3/../../../../arm-none-eabi/lib/armv6-m\libc_nano.a(lib_a-memcpy.o)
 .debug_frame   0x00001e14       0x20 c:/program files (x86)/gnu tools arm embedded/4.9 2015q3/bin/../lib/gcc/arm-none-eabi/4.9.3/../../../../arm-none-eabi/lib/armv6-m\libc_nano.a(lib_a-memset.o)
 .debug_frame   0x00001e34       0x2c c:/program files (x86)/gnu tools arm embedded/4.9 2015q3/bin/../lib/gcc/arm-none-eabi/4.9.3/../../../../arm-none-eabi/lib/armv6-m\libc_nano.a(lib_a-nano-freer.o)
 .debug_frame   0x00001e60       0x2c c:/program files (x86)/gnu tools arm embedded/4.9 2015q3/bin/../lib/gcc/arm-none-eabi/4.9.3/../../../../arm-none-eabi/lib/armv6-m\libc_nano.a(lib_a-nano-mallocr.o)
 .debug_frame   0x00001e8c       0xa0 c:/program files (x86)/gnu tools arm embedded/4.9 2015q3/bin/../lib/gcc/arm-none-eabi/4.9.3/../../../../arm-none-eabi/lib/armv6-m\libc_nano.a(lib_a-nano-vfprintf.o)
 .debug_frame   0x00001f2c       0x54 c:/program files (x86)/gnu tools arm embedded/4.9 2015q3/bin/../lib/gcc/arm-none-eabi/4.9.3/../../../../arm-none-eabi/lib/armv6-m\libc_nano.a(lib_a-nano-vfprintf_i.o)
 .debug_frame   0x00001f80       0x48 c:/program files (x86)/gnu tools arm embedded/4.9 2015q3/bin/../lib/gcc/arm-none-eabi/4.9.3/../../../../arm-none-eabi/lib/armv6-m\libc_nano.a(lib_a-reent.o)
 .debug_frame   0x00001fc8       0x2c c:/program files (x86)/gnu tools arm embedded/4.9 2015q3/bin/../lib/gcc/arm-none-eabi/4.9.3/../../../../arm-none-eabi/lib/armv6-m\libc_nano.a(lib_a-sbrkr.o)
 .debug_frame   0x00001ff4       0x90 c:/program files (x86)/gnu tools arm embedded/4.9 2015q3/bin/../lib/gcc/arm-none-eabi/4.9.3/../../../../arm-none-eabi/lib/armv6-m\libc_nano.a(lib_a-stdio.o)
 .debug_frame   0x00002084       0x44 c:/program files (x86)/gnu tools arm embedded/4.9 2015q3/bin/../lib/gcc/arm-none-eabi/4.9.3/../../../../arm-none-eabi/lib/armv6-m\libc_nano.a(lib_a-wbuf.o)
 .debug_frame   0x000020c8       0x2c c:/program files (x86)/gnu tools arm embedded/4.9 2015q3/bin/../lib/gcc/arm-none-eabi/4.9.3/../../../../arm-none-eabi/lib/armv6-m\libc_nano.a(lib_a-writer.o)
 .debug_frame   0x000020f4       0x2c c:/program files (x86)/gnu tools arm embedded/4.9 2015q3/bin/../lib/gcc/arm-none-eabi/4.9.3/../../../../arm-none-eabi/lib/armv6-m\libc_nano.a(lib_a-wsetup.o)
 .debug_frame   0x00002120       0x2c c:/program files (x86)/gnu tools arm embedded/4.9 2015q3/bin/../lib/gcc/arm-none-eabi/4.9.3/../../../../arm-none-eabi/lib/armv6-m\libc_nano.a(lib_a-closer.o)
 .debug_frame   0x0000214c       0x2c c:/program files (x86)/gnu tools arm embedded/4.9 2015q3/bin/../lib/gcc/arm-none-eabi/4.9.3/../../../../arm-none-eabi/lib/armv6-m\libc_nano.a(lib_a-fstatr.o)
 .debug_frame   0x00002178       0x2c c:/program files (x86)/gnu tools arm embedded/4.9 2015q3/bin/../lib/gcc/arm-none-eabi/4.9.3/../../../../arm-none-eabi/lib/armv6-m\libc_nano.a(lib_a-isattyr.o)
 .debug_frame   0x000021a4       0x2c c:/program files (x86)/gnu tools arm embedded/4.9 2015q3/bin/../lib/gcc/arm-none-eabi/4.9.3/../../../../arm-none-eabi/lib/armv6-m\libc_nano.a(lib_a-lseekr.o)
 .debug_frame   0x000021d0       0x2c c:/program files (x86)/gnu tools arm embedded/4.9 2015q3/bin/../lib/gcc/arm-none-eabi/4.9.3/../../../../arm-none-eabi/lib/armv6-m\libc_nano.a(lib_a-readr.o)

.debug_loc      0x00000000     0x75a3
 .debug_loc     0x00000000      0x333 ..\obj\ticker_api.o
 .debug_loc     0x00000333      0x4ac ..\obj\serial_api.o
 .debug_loc     0x000007df      0x300 ..\obj\pinmap.o
 .debug_loc     0x00000adf      0x45a ..\obj\stm32f0xx_hal_rcc.o
 .debug_loc     0x00000f39       0x6a ..\obj\stm32f0xx_hal.o
 .debug_loc     0x00000fa3       0x8f ..\obj\assert.o
 .debug_loc     0x00001032      0xd3c ..\obj\stm32f0xx_hal_uart.o
 .debug_loc     0x00001d6e      0x15b ..\obj\gpio_api.o
 .debug_loc     0x00001ec9      0x22f ..\obj\pinmap_common.o
 .debug_loc     0x000020f8      0x4c2 ..\obj\gpio.o
 .debug_loc     0x000025ba       0x83 ..\obj\wait_api.o
 .debug_loc     0x0000263d       0x42 ..\obj\cmsis_nvic.o
 .debug_loc     0x0000267f      0xb32 ..\obj\retarget.o
 .debug_loc     0x000031b1       0x34 ..\obj\hal_tick.o
 .debug_loc     0x000031e5      0x126 ..\obj\system_stm32f0xx.o
 .debug_loc     0x0000330b     0x3f5f ..\obj\stm32f0xx_hal_tim.o
 .debug_loc     0x0000726a      0x339 ..\obj\stm32f0xx_hal_gpio.o

.stabstr        0x00000000       0x76
 .stabstr       0x00000000       0x76 c:/program files (x86)/gnu tools arm embedded/4.9 2015q3/bin/../lib/gcc/arm-none-eabi/4.9.3/../../../../arm-none-eabi/lib/armv6-m\libnosys.a(getpid.o)
